{
  "indexed_rows": 8832,
  "regimes": {
    "channel-open": 384,
    "class-open": 3264,
    "closed-id": 1024,
    "full-open": 3982,
    "resource-open": 384,
    "source-open": 704,
    "task-open": 1138
  },
  "rows": 10880,
  "splits": {
    "calibration": 640,
    "eval": 10240
  }
}
{
  "calibration_samples": 256,
  "dataset_manifest": "/lustre10/scratch/nickyun/scratch/ahmed/opensemcomm/manifests/opensemcom_real.csv",
  "decisions": {
    "reject/open": 384
  },
  "evaluated_samples": 384,
  "manifest_summary": {
    "indexed_rows": 8832,
    "regimes": {
      "channel-open": 384,
      "class-open": 3264,
      "closed-id": 1024,
      "full-open": 3982,
      "resource-open": 384,
      "source-open": 704,
      "task-open": 1138
    },
    "rows": 10880,
    "splits": {
      "calibration": 640,
      "eval": 10240
    }
  },
  "metrics": {
    "accepted_samples": 0.0,
    "accuracy": 0.15885416666666663,
    "adaptation_harm_rate": 0.0,
    "auroc_ood": 0.5,
    "avg_bandwidth": 1.39999999999999,
    "avg_compute": 1.8236979166666607,
    "avg_energy": 5.502864583333321,
    "avg_harq_full_payload_rounds": 3.2369791666666665,
    "avg_harq_refinement_rounds": 2.2369791666666665,
    "avg_harq_transmissions": 3.2369791666666665,
    "avg_latency": 5.826562500000005,
    "avg_power": 2.0592447916666665,
    "avg_repetitions": 3.2369791666666665,
    "avg_resource_cost": 3.334251302083334,
    "bandwidth_per_accepted": 0.0,
    "bandwidth_per_correct_accepted": 0.0,
    "certified_accept_rate": 0.0,
    "correct_accepted_samples": 0.0,
    "coverage": 0.8645833333333334,
    "fpr95": 1.0,
    "goodput_per_bandwidth": 0.0,
    "goodput_per_resource_cost": 0.0,
    "harq_full_payload_sample_rate": 1.0,
    "harq_hit_max_refinements_rate": 0.7421875,
    "harq_refined_sample_rate": 0.7526041666666666,
    "open_semantic_outage": 0.0,
    "open_semantic_risk": 0.4038195254384591,
    "open_set_f1": 0.0,
    "prediction_set_size": 5.247395833333333,
    "resource_cost_per_correct_accepted": 0.0,
    "risk_latency_product": 2.352879703687524,
    "risk_per_joule": 0.00019110289406012966,
    "semantic_goodput": 0.0,
    "semantic_outage": 0.8411458333333334,
    "total_bandwidth": 537.5999999999962,
    "total_compute": 700.2999999999977,
    "total_energy": 2113.0999999999954,
    "total_harq_full_payload_rounds": 1243.0,
    "total_harq_refinement_rounds": 859.0,
    "total_harq_transmissions": 1243.0,
    "total_latency": 2237.400000000002,
    "total_power": 790.75,
    "total_repetitions": 1243.0,
    "total_resource_cost": 1280.3525000000002
  },
  "name": "closed-id_initial_15515090",
  "regime": "closed-id",
  "samples": 512,
  "seed": 0,
  "users": 4
}
{
  "calibration_samples": 256,
  "dataset_manifest": "/lustre10/scratch/nickyun/scratch/ahmed/opensemcomm/manifests/opensemcom_real.csv",
  "decisions": {
    "reject/open": 512
  },
  "evaluated_samples": 512,
  "manifest_summary": {
    "indexed_rows": 8832,
    "regimes": {
      "channel-open": 384,
      "class-open": 3264,
      "closed-id": 1024,
      "full-open": 3982,
      "resource-open": 384,
      "source-open": 704,
      "task-open": 1138
    },
    "rows": 10880,
    "splits": {
      "calibration": 640,
      "eval": 10240
    }
  },
  "metrics": {
    "accepted_samples": 0.0,
    "accuracy": 0.130859375,
    "adaptation_harm_rate": 0.0,
    "auroc_ood": 1.0,
    "avg_bandwidth": 1.3999999999999868,
    "avg_compute": 1.7677734375000012,
    "avg_energy": 4.5521484374999455,
    "avg_harq_full_payload_rounds": 2.677734375,
    "avg_harq_refinement_rounds": 1.677734375,
    "avg_harq_transmissions": 2.677734375,
    "avg_latency": 4.819921875000049,
    "avg_power": 1.91943359375,
    "avg_repetitions": 2.677734375,
    "avg_resource_cost": 2.8994384765625005,
    "bandwidth_per_accepted": 0.0,
    "bandwidth_per_correct_accepted": 0.0,
    "certified_accept_rate": 0.0,
    "correct_accepted_samples": 0.0,
    "coverage": 0.677734375,
    "fpr95": 0.0,
    "goodput_per_bandwidth": 0.0,
    "goodput_per_resource_cost": 0.0,
    "harq_full_payload_sample_rate": 1.0,
    "harq_hit_max_refinements_rate": 0.556640625,
    "harq_refined_sample_rate": 0.564453125,
    "open_semantic_outage": 0.0,
    "open_semantic_risk": 0.37351484531942064,
    "open_set_f1": 0.6666666666666666,
    "prediction_set_size": 5.4296875,
    "resource_cost_per_correct_accepted": 0.0,
    "risk_latency_product": 1.8003123735923352,
    "risk_per_joule": 0.00016025865418948176,
    "semantic_goodput": 0.0,
    "semantic_outage": 0.869140625,
    "total_bandwidth": 716.7999999999932,
    "total_compute": 905.1000000000006,
    "total_energy": 2330.699999999972,
    "total_harq_full_payload_rounds": 1371.0,
    "total_harq_refinement_rounds": 859.0,
    "total_harq_transmissions": 1371.0,
    "total_latency": 2467.800000000025,
    "total_power": 982.75,
    "total_repetitions": 1371.0,
    "total_resource_cost": 1484.5125000000003
  },
  "name": "task-open_initial_15515090",
  "regime": "task-open",
  "samples": 512,
  "seed": 0,
  "users": 4
}
{
  "calibration_samples": 256,
  "dataset_manifest": "/lustre10/scratch/nickyun/scratch/ahmed/opensemcomm/manifests/opensemcom_real.csv",
  "decisions": {
    "reject/open": 512
  },
  "evaluated_samples": 512,
  "manifest_summary": {
    "indexed_rows": 8832,
    "regimes": {
      "channel-open": 384,
      "class-open": 3264,
      "closed-id": 1024,
      "full-open": 3982,
      "resource-open": 384,
      "source-open": 704,
      "task-open": 1138
    },
    "rows": 10880,
    "splits": {
      "calibration": 640,
      "eval": 10240
    }
  },
  "metrics": {
    "accepted_samples": 0.0,
    "accuracy": 0.09765625,
    "adaptation_harm_rate": 0.0,
    "auroc_ood": 0.49688667496886674,
    "avg_bandwidth": 1.1726562499999968,
    "avg_compute": 1.2816406249999996,
    "avg_energy": 4.291601562499988,
    "avg_harq_full_payload_rounds": 0.5234375,
    "avg_harq_refinement_rounds": 1.08984375,
    "avg_harq_transmissions": 2.08984375,
    "avg_latency": 4.443750000000009,
    "avg_power": 1.2724609375,
    "avg_repetitions": 3.2265625,
    "avg_resource_cost": 2.4919628906250004,
    "bandwidth_per_accepted": 0.0,
    "bandwidth_per_correct_accepted": 0.0,
    "certified_accept_rate": 0.0,
    "correct_accepted_samples": 0.0,
    "coverage": 0.50390625,
    "fpr95": 0.9486301369863014,
    "goodput_per_bandwidth": 0.0,
    "goodput_per_resource_cost": 0.0,
    "harq_full_payload_sample_rate": 0.296875,
    "harq_hit_max_refinements_rate": 0.21875,
    "harq_refined_sample_rate": 0.56640625,
    "open_semantic_outage": 0.0,
    "open_semantic_risk": 0.6837869039695731,
    "open_set_f1": 0.4663865546218487,
    "prediction_set_size": 5.34765625,
    "resource_cost_per_correct_accepted": 0.0,
    "risk_latency_product": 3.038578054514797,
    "risk_per_joule": 0.0003111941491692418,
    "semantic_goodput": 0.0,
    "semantic_outage": 0.90234375,
    "total_bandwidth": 600.3999999999984,
    "total_compute": 656.1999999999998,
    "total_energy": 2197.299999999994,
    "total_harq_full_payload_rounds": 268.0,
    "total_harq_refinement_rounds": 558.0,
    "total_harq_transmissions": 1070.0,
    "total_latency": 2275.200000000005,
    "total_power": 651.5,
    "total_repetitions": 1652.0,
    "total_resource_cost": 1275.8850000000002
  },
  "name": "full-open_initial_15515090",
  "regime": "full-open",
  "samples": 512,
  "seed": 0,
  "users": 4
}
{
  "rows": 3,
  "csv": "/lustre10/scratch/nickyun/scratch/ahmed/opensemcomm/runs/initial_15515090.csv",
  "json": "/lustre10/scratch/nickyun/scratch/ahmed/opensemcomm/runs/initial_15515090.json"
}
