{'sionna': '2.0.1', 'torch': '2.13.0', 'cuda_available': True}
{
  "indexed_rows": 0,
  "regimes": {
    "channel-open": 384,
    "class-open": 3264,
    "closed-id": 1024,
    "full-open": 3982,
    "resource-open": 384,
    "source-open": 704,
    "task-open": 1138
  },
  "rows": 10880,
  "splits": {
    "calibration": 640,
    "eval": 10240
  }
}
{
  "calibration_samples": 640,
  "dataset_manifest": "/lustre10/scratch/nickyun/scratch/ahmed/opensemcomm/manifests/opensemcom_rorqual_clip.csv",
  "decisions": {
    "accept": 74,
    "reject/open": 310
  },
  "evaluated_samples": 384,
  "manifest_summary": {
    "indexed_rows": 0,
    "regimes": {
      "channel-open": 384,
      "class-open": 3264,
      "closed-id": 1024,
      "full-open": 3982,
      "resource-open": 384,
      "source-open": 704,
      "task-open": 1138
    },
    "rows": 10880,
    "splits": {
      "calibration": 640,
      "eval": 10240
    }
  },
  "metrics": {
    "accepted_samples": 74.0,
    "accuracy": 0.9010416666666666,
    "adaptation_harm_rate": 0.43478260869565216,
    "auroc_ood": 0.5,
    "avg_bandwidth": 1.0,
    "avg_compute": 1.0,
    "avg_energy": 1.0,
    "avg_harq_full_payload_rounds": 0.0,
    "avg_harq_refinement_rounds": 0.0,
    "avg_harq_transmissions": 1.0,
    "avg_latency": 1.0,
    "avg_power": 1.0,
    "avg_repetitions": 1.0,
    "avg_resource_cost": 1.0,
    "bandwidth_per_accepted": 5.1891891891891895,
    "bandwidth_per_correct_accepted": 5.1891891891891895,
    "certified_accept_rate": 0.0,
    "correct_accepted_samples": 74.0,
    "coverage": 0.75,
    "fpr95": 1.0,
    "goodput_per_bandwidth": 0.19270833333333334,
    "goodput_per_resource_cost": 0.19270833333333334,
    "harq_full_payload_sample_rate": 0.0,
    "harq_hit_max_refinements_rate": 0.5729166666666666,
    "harq_refined_sample_rate": 0.0,
    "open_semantic_outage": 0.0,
    "open_semantic_risk": 0.3059867615905191,
    "open_set_f1": 0.0,
    "prediction_set_size": 0.765625,
    "resource_cost_per_correct_accepted": 5.1891891891891895,
    "risk_latency_product": 0.3059867615905191,
    "risk_per_joule": 0.0007968405249753101,
    "semantic_goodput": 0.19270833333333334,
    "semantic_outage": 0.09895833333333333,
    "total_bandwidth": 384.0,
    "total_compute": 384.0,
    "total_energy": 384.0,
    "total_harq_full_payload_rounds": 0.0,
    "total_harq_refinement_rounds": 0.0,
    "total_harq_transmissions": 384.0,
    "total_latency": 384.0,
    "total_power": 384.0,
    "total_repetitions": 384.0,
    "total_resource_cost": 384.0
  },
  "name": "closed-id_rorqual_clip_full_sionna_progressive_no_refinement_17316761",
  "regime": "closed-id",
  "samples": 20000,
  "seed": 0,
  "users": 4
}
{
  "calibration_samples": 640,
  "dataset_manifest": "/lustre10/scratch/nickyun/scratch/ahmed/opensemcomm/manifests/opensemcom_rorqual_clip.csv",
  "decisions": {
    "accept": 114,
    "reject/open": 270
  },
  "evaluated_samples": 384,
  "manifest_summary": {
    "indexed_rows": 0,
    "regimes": {
      "channel-open": 384,
      "class-open": 3264,
      "closed-id": 1024,
      "full-open": 3982,
      "resource-open": 384,
      "source-open": 704,
      "task-open": 1138
    },
    "rows": 10880,
    "splits": {
      "calibration": 640,
      "eval": 10240
    }
  },
  "metrics": {
    "accepted_samples": 114.0,
    "accuracy": 0.90625,
    "adaptation_harm_rate": 0.34782608695652173,
    "auroc_ood": 0.5,
    "avg_bandwidth": 1.0,
    "avg_compute": 1.0,
    "avg_energy": 3.0,
    "avg_harq_full_payload_rounds": 0.0,
    "avg_harq_refinement_rounds": 0.0,
    "avg_harq_transmissions": 1.0,
    "avg_latency": 3.0,
    "avg_power": 1.0,
    "avg_repetitions": 3.0,
    "avg_resource_cost": 1.8000000000000005,
    "bandwidth_per_accepted": 3.3684210526315788,
    "bandwidth_per_correct_accepted": 3.3684210526315788,
    "certified_accept_rate": 0.0,
    "correct_accepted_samples": 114.0,
    "coverage": 0.9973958333333334,
    "fpr95": 1.0,
    "goodput_per_bandwidth": 0.296875,
    "goodput_per_resource_cost": 0.16493055555555552,
    "harq_full_payload_sample_rate": 0.0,
    "harq_hit_max_refinements_rate": 0.703125,
    "harq_refined_sample_rate": 0.0,
    "open_semantic_outage": 0.0,
    "open_semantic_risk": 0.2918429928956526,
    "open_set_f1": 0.0,
    "prediction_set_size": 1.7786458333333333,
    "resource_cost_per_correct_accepted": 6.063157894736843,
    "risk_latency_product": 0.8755289786869578,
    "risk_per_joule": 0.00025333593133303173,
    "semantic_goodput": 0.09895833333333333,
    "semantic_outage": 0.09375,
    "total_bandwidth": 384.0,
    "total_compute": 384.0,
    "total_energy": 1152.0,
    "total_harq_full_payload_rounds": 0.0,
    "total_harq_refinement_rounds": 0.0,
    "total_harq_transmissions": 384.0,
    "total_latency": 1152.0,
    "total_power": 384.0,
    "total_repetitions": 1152.0,
    "total_resource_cost": 691.2000000000002
  },
  "name": "channel-open_rorqual_clip_full_sionna_progressive_no_refinement_17316761",
  "regime": "channel-open",
  "samples": 20000,
  "seed": 0,
  "users": 4
}
{
  "calibration_samples": 640,
  "dataset_manifest": "/lustre10/scratch/nickyun/scratch/ahmed/opensemcomm/manifests/opensemcom_rorqual_clip.csv",
  "decisions": {
    "accept": 74,
    "reject/open": 1014
  },
  "evaluated_samples": 1088,
  "manifest_summary": {
    "indexed_rows": 0,
    "regimes": {
      "channel-open": 384,
      "class-open": 3264,
      "closed-id": 1024,
      "full-open": 3982,
      "resource-open": 384,
      "source-open": 704,
      "task-open": 1138
    },
    "rows": 10880,
    "splits": {
      "calibration": 640,
      "eval": 10240
    }
  },
  "metrics": {
    "accepted_samples": 74.0,
    "accuracy": 0.34558823529411764,
    "adaptation_harm_rate": 0.29850746268656714,
    "auroc_ood": 0.9946695963541666,
    "avg_bandwidth": 1.0,
    "avg_compute": 1.0,
    "avg_energy": 1.0,
    "avg_harq_full_payload_rounds": 0.0,
    "avg_harq_refinement_rounds": 0.0,
    "avg_harq_transmissions": 1.0,
    "avg_latency": 1.0,
    "avg_power": 1.0,
    "avg_repetitions": 1.0,
    "avg_resource_cost": 1.0,
    "bandwidth_per_accepted": 14.702702702702704,
    "bandwidth_per_correct_accepted": 14.702702702702704,
    "certified_accept_rate": 0.0,
    "correct_accepted_samples": 74.0,
    "coverage": 0.2665441176470588,
    "fpr95": 0.0234375,
    "goodput_per_bandwidth": 0.06801470588235294,
    "goodput_per_resource_cost": 0.06801470588235294,
    "harq_full_payload_sample_rate": 0.0,
    "harq_hit_max_refinements_rate": 0.22334558823529413,
    "harq_refined_sample_rate": 0.0,
    "open_semantic_outage": 0.0,
    "open_semantic_risk": 0.48117809588789096,
    "open_set_f1": 0.8717948717948718,
    "prediction_set_size": 0.5873161764705882,
    "resource_cost_per_correct_accepted": 14.702702702702704,
    "risk_latency_product": 0.48117809588789096,
    "risk_per_joule": 0.0004422592793087233,
    "semantic_goodput": 0.06801470588235294,
    "semantic_outage": 0.6544117647058824,
    "total_bandwidth": 1088.0,
    "total_compute": 1088.0,
    "total_energy": 1088.0,
    "total_harq_full_payload_rounds": 0.0,
    "total_harq_refinement_rounds": 0.0,
    "total_harq_transmissions": 1088.0,
    "total_latency": 1088.0,
    "total_power": 1088.0,
    "total_repetitions": 1088.0,
    "total_resource_cost": 1088.0
  },
  "name": "source-open_rorqual_clip_full_sionna_progressive_no_refinement_17316761",
  "regime": "source-open",
  "samples": 20000,
  "seed": 0,
  "users": 4
}
{
  "calibration_samples": 640,
  "dataset_manifest": "/lustre10/scratch/nickyun/scratch/ahmed/opensemcomm/manifests/opensemcom_rorqual_clip.csv",
  "decisions": {
    "accept": 74,
    "reject/open": 3574
  },
  "evaluated_samples": 3648,
  "manifest_summary": {
    "indexed_rows": 0,
    "regimes": {
      "channel-open": 384,
      "class-open": 3264,
      "closed-id": 1024,
      "full-open": 3982,
      "resource-open": 384,
      "source-open": 704,
      "task-open": 1138
    },
    "rows": 10880,
    "splits": {
      "calibration": 640,
      "eval": 10240
    }
  },
  "metrics": {
    "accepted_samples": 74.0,
    "accuracy": 0.0948464912280702,
    "adaptation_harm_rate": 0.04405286343612335,
    "auroc_ood": 0.9755396624795751,
    "avg_bandwidth": 1.0,
    "avg_compute": 1.0,
    "avg_energy": 1.0,
    "avg_harq_full_payload_rounds": 0.0,
    "avg_harq_refinement_rounds": 0.0,
    "avg_harq_transmissions": 1.0,
    "avg_latency": 1.0,
    "avg_power": 1.0,
    "avg_repetitions": 1.0,
    "avg_resource_cost": 1.0,
    "bandwidth_per_accepted": 49.2972972972973,
    "bandwidth_per_correct_accepted": 49.2972972972973,
    "certified_accept_rate": 0.0,
    "correct_accepted_samples": 74.0,
    "coverage": 0.07894736842105263,
    "fpr95": 0.140625,
    "goodput_per_bandwidth": 0.020285087719298246,
    "goodput_per_resource_cost": 0.020285087719298246,
    "harq_full_payload_sample_rate": 0.0,
    "harq_hit_max_refinements_rate": 0.19078947368421054,
    "harq_refined_sample_rate": 0.0,
    "open_semantic_outage": 0.0,
    "open_semantic_risk": 0.7493043431499483,
    "open_set_f1": 0.7169811320754718,
    "prediction_set_size": 0.24862938596491227,
    "resource_cost_per_correct_accepted": 49.2972972972973,
    "risk_latency_product": 0.7493043431499483,
    "risk_per_joule": 0.00020540140985470074,
    "semantic_goodput": 0.020285087719298246,
    "semantic_outage": 0.9051535087719298,
    "total_bandwidth": 3648.0,
    "total_compute": 3648.0,
    "total_energy": 3648.0,
    "total_harq_full_payload_rounds": 0.0,
    "total_harq_refinement_rounds": 0.0,
    "total_harq_transmissions": 3648.0,
    "total_latency": 3648.0,
    "total_power": 3648.0,
    "total_repetitions": 3648.0,
    "total_resource_cost": 3648.0
  },
  "name": "class-open_rorqual_clip_full_sionna_progressive_no_refinement_17316761",
  "regime": "class-open",
  "samples": 20000,
  "seed": 0,
  "users": 4
}
{
  "calibration_samples": 640,
  "dataset_manifest": "/lustre10/scratch/nickyun/scratch/ahmed/opensemcomm/manifests/opensemcom_rorqual_clip.csv",
  "decisions": {
    "accept": 74,
    "reject/open": 1448
  },
  "evaluated_samples": 1522,
  "manifest_summary": {
    "indexed_rows": 0,
    "regimes": {
      "channel-open": 384,
      "class-open": 3264,
      "closed-id": 1024,
      "full-open": 3982,
      "resource-open": 384,
      "source-open": 704,
      "task-open": 1138
    },
    "rows": 10880,
    "splits": {
      "calibration": 640,
      "eval": 10240
    }
  },
  "metrics": {
    "accepted_samples": 74.0,
    "accuracy": 0.48883048620236536,
    "adaptation_harm_rate": 0.21052631578947367,
    "auroc_ood": 1.0,
    "avg_bandwidth": 1.0,
    "avg_compute": 1.0,
    "avg_energy": 1.0,
    "avg_harq_full_payload_rounds": 0.0,
    "avg_harq_refinement_rounds": 0.0,
    "avg_harq_transmissions": 1.0,
    "avg_latency": 1.0,
    "avg_power": 1.0,
    "avg_repetitions": 1.0,
    "avg_resource_cost": 1.0,
    "bandwidth_per_accepted": 20.56756756756757,
    "bandwidth_per_correct_accepted": 20.56756756756757,
    "certified_accept_rate": 0.0,
    "correct_accepted_samples": 74.0,
    "coverage": 0.35939553219448095,
    "fpr95": 0.0,
    "goodput_per_bandwidth": 0.04862023653088042,
    "goodput_per_resource_cost": 0.04862023653088042,
    "harq_full_payload_sample_rate": 0.0,
    "harq_hit_max_refinements_rate": 0.1445466491458607,
    "harq_refined_sample_rate": 0.0,
    "open_semantic_outage": 0.0,
    "open_semantic_risk": 0.5198074076253265,
    "open_set_f1": 0.8014744602422327,
    "prediction_set_size": 0.7509855453350854,
    "resource_cost_per_correct_accepted": 20.56756756756757,
    "risk_latency_product": 0.5198074076253265,
    "risk_per_joule": 0.00034152917715198853,
    "semantic_goodput": 0.04862023653088042,
    "semantic_outage": 0.5111695137976346,
    "total_bandwidth": 1522.0,
    "total_compute": 1522.0,
    "total_energy": 1522.0,
    "total_harq_full_payload_rounds": 0.0,
    "total_harq_refinement_rounds": 0.0,
    "total_harq_transmissions": 1522.0,
    "total_latency": 1522.0,
    "total_power": 1522.0,
    "total_repetitions": 1522.0,
    "total_resource_cost": 1522.0
  },
  "name": "task-open_rorqual_clip_full_sionna_progressive_no_refinement_17316761",
  "regime": "task-open",
  "samples": 20000,
  "seed": 0,
  "users": 4
}
{
  "calibration_samples": 640,
  "dataset_manifest": "/lustre10/scratch/nickyun/scratch/ahmed/opensemcomm/manifests/opensemcom_rorqual_clip.csv",
  "decisions": {
    "accept": 74,
    "reject/open": 310
  },
  "evaluated_samples": 384,
  "manifest_summary": {
    "indexed_rows": 0,
    "regimes": {
      "channel-open": 384,
      "class-open": 3264,
      "closed-id": 1024,
      "full-open": 3982,
      "resource-open": 384,
      "source-open": 704,
      "task-open": 1138
    },
    "rows": 10880,
    "splits": {
      "calibration": 640,
      "eval": 10240
    }
  },
  "metrics": {
    "accepted_samples": 74.0,
    "accuracy": 0.9010416666666666,
    "adaptation_harm_rate": 0.43478260869565216,
    "auroc_ood": 0.5,
    "avg_bandwidth": 1.0,
    "avg_compute": 1.0,
    "avg_energy": 1.0,
    "avg_harq_full_payload_rounds": 0.0,
    "avg_harq_refinement_rounds": 0.0,
    "avg_harq_transmissions": 1.0,
    "avg_latency": 1.0,
    "avg_power": 1.0,
    "avg_repetitions": 1.0,
    "avg_resource_cost": 1.0,
    "bandwidth_per_accepted": 5.1891891891891895,
    "bandwidth_per_correct_accepted": 5.1891891891891895,
    "certified_accept_rate": 0.0,
    "correct_accepted_samples": 74.0,
    "coverage": 0.75,
    "fpr95": 1.0,
    "goodput_per_bandwidth": 0.19270833333333334,
    "goodput_per_resource_cost": 0.19270833333333334,
    "harq_full_payload_sample_rate": 0.0,
    "harq_hit_max_refinements_rate": 0.5729166666666666,
    "harq_refined_sample_rate": 0.0,
    "open_semantic_outage": 0.0,
    "open_semantic_risk": 0.3059867615905191,
    "open_set_f1": 0.0,
    "prediction_set_size": 0.765625,
    "resource_cost_per_correct_accepted": 5.1891891891891895,
    "risk_latency_product": 0.3059867615905191,
    "risk_per_joule": 0.0007968405249753101,
    "semantic_goodput": 0.19270833333333334,
    "semantic_outage": 0.09895833333333333,
    "total_bandwidth": 384.0,
    "total_compute": 384.0,
    "total_energy": 384.0,
    "total_harq_full_payload_rounds": 0.0,
    "total_harq_refinement_rounds": 0.0,
    "total_harq_transmissions": 384.0,
    "total_latency": 384.0,
    "total_power": 384.0,
    "total_repetitions": 384.0,
    "total_resource_cost": 384.0
  },
  "name": "resource-open_rorqual_clip_full_sionna_progressive_no_refinement_17316761",
  "regime": "resource-open",
  "samples": 20000,
  "seed": 0,
  "users": 4
}
{
  "calibration_samples": 640,
  "dataset_manifest": "/lustre10/scratch/nickyun/scratch/ahmed/opensemcomm/manifests/opensemcom_rorqual_clip.csv",
  "decisions": {
    "accept": 73,
    "reject/open": 3909
  },
  "evaluated_samples": 3982,
  "manifest_summary": {
    "indexed_rows": 0,
    "regimes": {
      "channel-open": 384,
      "class-open": 3264,
      "closed-id": 1024,
      "full-open": 3982,
      "resource-open": 384,
      "source-open": 704,
      "task-open": 1138
    },
    "rows": 10880,
    "splits": {
      "calibration": 640,
      "eval": 10240
    }
  },
  "metrics": {
    "accepted_samples": 73.0,
    "accuracy": 0.09241587142139629,
    "adaptation_harm_rate": 0.0,
    "auroc_ood": 0.9772023230498426,
    "avg_bandwidth": 1.0,
    "avg_compute": 1.0,
    "avg_energy": 3.0,
    "avg_harq_full_payload_rounds": 0.0,
    "avg_harq_refinement_rounds": 0.0,
    "avg_harq_transmissions": 1.0,
    "avg_latency": 3.0,
    "avg_power": 1.0,
    "avg_repetitions": 3.0,
    "avg_resource_cost": 1.8000000000000003,
    "bandwidth_per_accepted": 54.54794520547945,
    "bandwidth_per_correct_accepted": 54.54794520547945,
    "certified_accept_rate": 0.0,
    "correct_accepted_samples": 73.0,
    "coverage": 0.07383224510296334,
    "fpr95": 0.15104166666666666,
    "goodput_per_bandwidth": 0.01833249623304872,
    "goodput_per_resource_cost": 0.01018472012947151,
    "harq_full_payload_sample_rate": 0.0,
    "harq_hit_max_refinements_rate": 0.17629331993972877,
    "harq_refined_sample_rate": 0.0,
    "open_semantic_outage": 0.0,
    "open_semantic_risk": 0.8839470285846258,
    "open_set_f1": 0.7124709250313115,
    "prediction_set_size": 0.2501255650426921,
    "resource_cost_per_correct_accepted": 98.18630136986303,
    "risk_latency_product": 2.6518410857538774,
    "risk_per_joule": 7.399523092119754e-05,
    "semantic_goodput": 0.006110832077682906,
    "semantic_outage": 0.9075841285786037,
    "total_bandwidth": 3982.0,
    "total_compute": 3982.0,
    "total_energy": 11946.0,
    "total_harq_full_payload_rounds": 0.0,
    "total_harq_refinement_rounds": 0.0,
    "total_harq_transmissions": 3982.0,
    "total_latency": 11946.0,
    "total_power": 3982.0,
    "total_repetitions": 11946.0,
    "total_resource_cost": 7167.600000000001
  },
  "name": "full-open_rorqual_clip_full_sionna_progressive_no_refinement_17316761",
  "regime": "full-open",
  "samples": 20000,
  "seed": 0,
  "users": 4
}
{
  "rows": 7,
  "csv": "/lustre10/scratch/nickyun/scratch/ahmed/opensemcomm/runs/rorqual_clip_full_sionna_progressive_no_refinement_results_17316761.csv",
  "json": "/lustre10/scratch/nickyun/scratch/ahmed/opensemcomm/runs/rorqual_clip_full_sionna_progressive_no_refinement_results_17316761.json"
}
