{'sionna': '2.0.1', 'torch': '2.13.0', 'cuda_available': True}
{
  "indexed_rows": 0,
  "regimes": {
    "channel-open": 384,
    "class-open": 3264,
    "closed-id": 1024,
    "full-open": 3982,
    "resource-open": 384,
    "source-open": 704,
    "task-open": 1138
  },
  "rows": 10880,
  "splits": {
    "calibration": 640,
    "eval": 10240
  }
}
CALIB_DEBUG {'q_accept': 0.42775285029721954, 'q_refine': 0.47775285029721953, 'conformal_nonconformity_threshold': 0.9999977703154216, 'conformal_probability_cutoff': 2.229684578414215e-06, 'risk_q': [0.36074401077419077, 0.38003328861349234, 0.3911010085129245, 0.4277749552550992, 0.48071278264148826, 0.5258356607038679, 0.5489585011110665, 0.5777377195514863], 'correct_risk_q': [0.36074401077419077, 0.3804173503540204, 0.405292781314064, 0.43296993232998204, 0.48028702908412946, 0.5150979785810839, 0.5305262206746313, 0.5777377195514863], 'open_risk_q': []}
{
  "calibration_samples": 256,
  "dataset_manifest": "/lustre10/scratch/nickyun/scratch/ahmed/opensemcomm/manifests/opensemcom_rorqual_clip.csv",
  "decisions": {
    "reject/open": 384
  },
  "evaluated_samples": 384,
  "manifest_summary": {
    "indexed_rows": 0,
    "regimes": {
      "channel-open": 384,
      "class-open": 3264,
      "closed-id": 1024,
      "full-open": 3982,
      "resource-open": 384,
      "source-open": 704,
      "task-open": 1138
    },
    "rows": 10880,
    "splits": {
      "calibration": 640,
      "eval": 10240
    }
  },
  "metrics": {
    "accepted_samples": 0.0,
    "accuracy": 0.90625,
    "adaptation_harm_rate": 0.0,
    "auroc_ood": 0.5,
    "avg_bandwidth": 1.3083333333333258,
    "avg_compute": 1.5273437500000002,
    "avg_energy": 5.721093749999986,
    "avg_harq_full_payload_rounds": 1.3802083333333333,
    "avg_harq_refinement_rounds": 2.1901041666666665,
    "avg_harq_transmissions": 3.1901041666666665,
    "avg_latency": 6.017187500000007,
    "avg_power": 1.5475260416666667,
    "avg_repetitions": 3.6484375,
    "avg_resource_cost": 3.225305989583333,
    "bandwidth_per_accepted": 0.0,
    "bandwidth_per_correct_accepted": 0.0,
    "certified_accept_rate": 0.0,
    "correct_accepted_samples": 0.0,
    "coverage": 1.0,
    "fpr95": 1.0,
    "goodput_per_bandwidth": 0.0,
    "goodput_per_resource_cost": 0.0,
    "harq_full_payload_sample_rate": 0.7317708333333334,
    "harq_hit_max_refinements_rate": 0.6302083333333334,
    "harq_refined_sample_rate": 0.8098958333333334,
    "open_semantic_outage": 0.0,
    "open_semantic_risk": 0.4225305989583334,
    "open_set_f1": 0.0,
    "prediction_set_size": 6.0,
    "resource_cost_per_correct_accepted": 0.0,
    "risk_latency_product": 2.5424458384195994,
    "risk_per_joule": 0.00019233037414462852,
    "semantic_goodput": 0.0,
    "semantic_outage": 0.09375,
    "total_bandwidth": 502.39999999999714,
    "total_compute": 586.5000000000001,
    "total_energy": 2196.8999999999946,
    "total_harq_full_payload_rounds": 530.0,
    "total_harq_refinement_rounds": 841.0,
    "total_harq_transmissions": 1225.0,
    "total_latency": 2310.6000000000026,
    "total_power": 594.25,
    "total_repetitions": 1401.0,
    "total_resource_cost": 1238.5175
  },
  "name": "channel_open_sionna_debug_16946138",
  "regime": "channel-open",
  "samples": 384,
  "seed": 0,
  "users": 4
}
EVAL_DEBUG {'n': 384, 'risk_q': [0.35345915642292675, 0.38245578739008684, 0.4045501261180646, 0.4498054578203891, 0.48639391748622246, 0.511402277051703, 0.5225656915523645, 0.5724177570017779], 'confidence_q': [0.25058692520794273, 0.48123527560226026, 0.5890076137963105, 0.7250159656233796, 0.8625610531300445, 0.9157246693512646, 0.9330312756492378, 0.9809233333671703], 'prediction_set_sizes': {6: 384}, 'decisions': {'reject/open': 384}}
