{'sionna': '2.0.1', 'torch': '2.13.0', 'cuda_available': True}
{
  "indexed_rows": 0,
  "regimes": {
    "channel-open": 384,
    "class-open": 3264,
    "closed-id": 1024,
    "full-open": 3982,
    "resource-open": 384,
    "source-open": 704,
    "task-open": 1138
  },
  "rows": 10880,
  "splits": {
    "calibration": 640,
    "eval": 10240
  }
}
CALIB_DEBUG {'q_accept': 0.02673008058129052, 'q_refine': 0.11048898179519252, 'conformal_nonconformity_threshold': 0.013120253813407312, 'conformal_probability_cutoff': 0.9868797461865927, 'risk_q': [0.01349685587805814, 0.01749663703688812, 0.019816820446400377, 0.03036183304063924, 0.16525413439922068, 0.2594707845144958, 0.3214235262270442, 0.3331094135834097], 'correct_risk_q': [0.01349685587805814, 0.01749663703688812, 0.019816820446400377, 0.03036183304063924, 0.16525413439922068, 0.2594707845144958, 0.3214235262270442, 0.3331094135834097], 'open_risk_q': []}
{
  "calibration_samples": 256,
  "dataset_manifest": "/lustre10/scratch/nickyun/scratch/ahmed/opensemcomm/manifests/opensemcom_rorqual_clip.csv",
  "decisions": {
    "reject/open": 384
  },
  "evaluated_samples": 384,
  "manifest_summary": {
    "indexed_rows": 0,
    "regimes": {
      "channel-open": 384,
      "class-open": 3264,
      "closed-id": 1024,
      "full-open": 3982,
      "resource-open": 384,
      "source-open": 704,
      "task-open": 1138
    },
    "rows": 10880,
    "splits": {
      "calibration": 640,
      "eval": 10240
    }
  },
  "metrics": {
    "accepted_samples": 0.0,
    "accuracy": 0.8958333333333334,
    "adaptation_harm_rate": 0.0,
    "auroc_ood": 0.5,
    "avg_bandwidth": 1.39999999999999,
    "avg_compute": 1.6000000000000114,
    "avg_energy": 1.7000000000000035,
    "avg_harq_full_payload_rounds": 1.0,
    "avg_harq_refinement_rounds": 0.0,
    "avg_harq_transmissions": 1.0,
    "avg_latency": 1.7999999999999943,
    "avg_power": 1.5,
    "avg_repetitions": 1.0,
    "avg_resource_cost": 1.5950000000000004,
    "bandwidth_per_accepted": 0.0,
    "bandwidth_per_correct_accepted": 0.0,
    "certified_accept_rate": 0.0,
    "correct_accepted_samples": 0.0,
    "coverage": 0.4166666666666667,
    "fpr95": 1.0,
    "goodput_per_bandwidth": 0.0,
    "goodput_per_resource_cost": 0.0,
    "harq_full_payload_sample_rate": 1.0,
    "harq_hit_max_refinements_rate": 0.0,
    "harq_refined_sample_rate": 0.0,
    "open_semantic_outage": 0.0,
    "open_semantic_risk": 0.6837389335785969,
    "open_set_f1": 0.0,
    "prediction_set_size": 0.4192708333333333,
    "resource_cost_per_correct_accepted": 0.0,
    "risk_latency_product": 1.2307300804414705,
    "risk_per_joule": 0.0010473941997221133,
    "semantic_goodput": 0.0,
    "semantic_outage": 0.10416666666666667,
    "total_bandwidth": 537.5999999999962,
    "total_compute": 614.4000000000044,
    "total_energy": 652.8000000000013,
    "total_harq_full_payload_rounds": 384.0,
    "total_harq_refinement_rounds": 0.0,
    "total_harq_transmissions": 384.0,
    "total_latency": 691.1999999999978,
    "total_power": 576.0,
    "total_repetitions": 384.0,
    "total_resource_cost": 612.4800000000001
  },
  "name": "closed-id-awgn-17db_17025940",
  "regime": "closed-id",
  "samples": 384,
  "seed": 0,
  "users": 4
}
EVAL_DEBUG {'n': 384, 'risk_q': [0.34023057885553165, 0.34168003197162655, 0.34369072559127034, 0.35220407150618704, 0.4013588256196785, 0.4764782142073378, 0.49819576643185776, 0.5620777006282711], 'confidence_q': [0.33317039792282105, 0.6200960815274678, 0.8532802240423732, 0.9800270253705013, 0.9958984926103094, 0.9992449709102158, 0.9995914648717287, 0.9999805102707916], 'prediction_set_sizes': {0: 223, 1: 161}, 'decisions': {'reject/open': 384}}
