{'sionna': '2.0.1', 'torch': '2.13.0', 'cuda_available': True}
{
  "indexed_rows": 0,
  "regimes": {
    "channel-open": 384,
    "class-open": 3264,
    "closed-id": 1024,
    "full-open": 3982,
    "resource-open": 384,
    "source-open": 704,
    "task-open": 1138
  },
  "rows": 10880,
  "splits": {
    "calibration": 640,
    "eval": 10240
  }
}
{
  "calibration_samples": 640,
  "dataset_manifest": "/lustre10/scratch/nickyun/scratch/ahmed/opensemcomm/manifests/opensemcom_rorqual_clip.csv",
  "decisions": {
    "accept": 179,
    "reject/open": 205
  },
  "evaluated_samples": 384,
  "manifest_summary": {
    "indexed_rows": 0,
    "regimes": {
      "channel-open": 384,
      "class-open": 3264,
      "closed-id": 1024,
      "full-open": 3982,
      "resource-open": 384,
      "source-open": 704,
      "task-open": 1138
    },
    "rows": 10880,
    "splits": {
      "calibration": 640,
      "eval": 10240
    }
  },
  "metrics": {
    "accepted_samples": 179.0,
    "accuracy": 0.9010416666666666,
    "adaptation_harm_rate": 0.43478260869565216,
    "auroc_ood": 0.5,
    "avg_bandwidth": 1.1776041666666626,
    "avg_compute": 1.2945312500000001,
    "avg_energy": 1.7889322916666661,
    "avg_harq_full_payload_rounds": 0.5963541666666666,
    "avg_harq_refinement_rounds": 1.1692708333333333,
    "avg_harq_transmissions": 2.1692708333333335,
    "avg_latency": 1.8614583333333339,
    "avg_power": 1.2923177083333333,
    "avg_repetitions": 1.28125,
    "avg_resource_cost": 1.4828580729166667,
    "bandwidth_per_accepted": 2.5262569832402146,
    "bandwidth_per_correct_accepted": 2.5262569832402146,
    "certified_accept_rate": 0.0,
    "correct_accepted_samples": 179.0,
    "coverage": 0.7265625,
    "fpr95": 1.0,
    "goodput_per_bandwidth": 0.39584254754533527,
    "goodput_per_resource_cost": 0.3143563378364732,
    "harq_full_payload_sample_rate": 0.3151041666666667,
    "harq_hit_max_refinements_rate": 0.2760416666666667,
    "harq_refined_sample_rate": 0.5729166666666666,
    "open_semantic_outage": 0.0,
    "open_semantic_risk": 0.37583350196788956,
    "open_set_f1": 0.0,
    "prediction_set_size": 0.7421875,
    "resource_cost_per_correct_accepted": 3.1811033519553074,
    "risk_latency_product": 0.699598404183978,
    "risk_per_joule": 0.0005471045956297978,
    "semantic_goodput": 0.17063870352716873,
    "semantic_outage": 0.09895833333333333,
    "total_bandwidth": 452.19999999999845,
    "total_compute": 497.1,
    "total_energy": 686.9499999999998,
    "total_harq_full_payload_rounds": 229.0,
    "total_harq_refinement_rounds": 449.0,
    "total_harq_transmissions": 833.0,
    "total_latency": 714.8000000000002,
    "total_power": 496.25,
    "total_repetitions": 492.0,
    "total_resource_cost": 569.4175
  },
  "name": "closed-id_rorqual_clip_full_sionna_progressive_17265246",
  "regime": "closed-id",
  "samples": 20000,
  "seed": 0,
  "users": 4
}
{
  "calibration_samples": 640,
  "dataset_manifest": "/lustre10/scratch/nickyun/scratch/ahmed/opensemcomm/manifests/opensemcom_rorqual_clip.csv",
  "decisions": {
    "accept": 196,
    "reject/open": 188
  },
  "evaluated_samples": 384,
  "manifest_summary": {
    "indexed_rows": 0,
    "regimes": {
      "channel-open": 384,
      "class-open": 3264,
      "closed-id": 1024,
      "full-open": 3982,
      "resource-open": 384,
      "source-open": 704,
      "task-open": 1138
    },
    "rows": 10880,
    "splits": {
      "calibration": 640,
      "eval": 10240
    }
  },
  "metrics": {
    "accepted_samples": 196.0,
    "accuracy": 0.859375,
    "adaptation_harm_rate": 0.34782608695652173,
    "auroc_ood": 0.5,
    "avg_bandwidth": 1.2531249999999943,
    "avg_compute": 1.4291666666666663,
    "avg_energy": 5.170052083333311,
    "avg_harq_full_payload_rounds": 1.0572916666666667,
    "avg_harq_refinement_rounds": 1.7604166666666667,
    "avg_harq_transmissions": 2.7604166666666665,
    "avg_latency": 5.409375000000019,
    "avg_power": 1.4401041666666667,
    "avg_repetitions": 3.4947916666666665,
    "avg_resource_cost": 2.940911458333334,
    "bandwidth_per_accepted": 2.4551020408163153,
    "bandwidth_per_correct_accepted": 2.4551020408163153,
    "certified_accept_rate": 0.0,
    "correct_accepted_samples": 196.0,
    "coverage": 0.9010416666666666,
    "fpr95": 1.0,
    "goodput_per_bandwidth": 0.4073150457190376,
    "goodput_per_resource_cost": 0.17355730490299384,
    "harq_full_payload_sample_rate": 0.5625,
    "harq_hit_max_refinements_rate": 0.4895833333333333,
    "harq_refined_sample_rate": 0.703125,
    "open_semantic_outage": 0.0,
    "open_semantic_risk": 0.335635500397959,
    "open_set_f1": 0.0,
    "prediction_set_size": 1.1328125,
    "resource_cost_per_correct_accepted": 5.761785714285715,
    "risk_latency_product": 1.8155782849652158,
    "risk_per_joule": 0.00016906034372536163,
    "semantic_goodput": 0.061635220125786164,
    "semantic_outage": 0.140625,
    "total_bandwidth": 481.19999999999783,
    "total_compute": 548.7999999999998,
    "total_energy": 1985.2999999999913,
    "total_harq_full_payload_rounds": 406.0,
    "total_harq_refinement_rounds": 676.0,
    "total_harq_transmissions": 1060.0,
    "total_latency": 2077.2000000000075,
    "total_power": 553.0,
    "total_repetitions": 1342.0,
    "total_resource_cost": 1129.3100000000002
  },
  "name": "channel-open_rorqual_clip_full_sionna_progressive_17265246",
  "regime": "channel-open",
  "samples": 20000,
  "seed": 0,
  "users": 4
}
{
  "calibration_samples": 640,
  "dataset_manifest": "/lustre10/scratch/nickyun/scratch/ahmed/opensemcomm/manifests/opensemcom_rorqual_clip.csv",
  "decisions": {
    "accept": 179,
    "reject/open": 909
  },
  "evaluated_samples": 1088,
  "manifest_summary": {
    "indexed_rows": 0,
    "regimes": {
      "channel-open": 384,
      "class-open": 3264,
      "closed-id": 1024,
      "full-open": 3982,
      "resource-open": 384,
      "source-open": 704,
      "task-open": 1138
    },
    "rows": 10880,
    "splits": {
      "calibration": 640,
      "eval": 10240
    }
  },
  "metrics": {
    "accepted_samples": 179.0,
    "accuracy": 0.34558823529411764,
    "adaptation_harm_rate": 0.29850746268656714,
    "auroc_ood": 0.9812085700757576,
    "avg_bandwidth": 1.0705882352941156,
    "avg_compute": 1.11764705882353,
    "avg_energy": 1.3235294117647054,
    "avg_harq_full_payload_rounds": 0.24724264705882354,
    "avg_harq_refinement_rounds": 0.47058823529411764,
    "avg_harq_transmissions": 1.4705882352941178,
    "avg_latency": 1.3529411764705888,
    "avg_power": 1.1176470588235294,
    "avg_repetitions": 1.1176470588235294,
    "avg_resource_cost": 1.1964705882352944,
    "bandwidth_per_accepted": 6.507262569832391,
    "bandwidth_per_correct_accepted": 6.507262569832391,
    "certified_accept_rate": 0.0,
    "correct_accepted_samples": 179.0,
    "coverage": 0.25827205882352944,
    "fpr95": 0.020833333333333332,
    "goodput_per_bandwidth": 0.15367445054945084,
    "goodput_per_resource_cost": 0.137506145526057,
    "harq_full_payload_sample_rate": 0.12959558823529413,
    "harq_hit_max_refinements_rate": 0.11488970588235294,
    "harq_refined_sample_rate": 0.22334558823529413,
    "open_semantic_outage": 0.0,
    "open_semantic_risk": 0.5170428981952919,
    "open_set_f1": 0.8717948717948718,
    "prediction_set_size": 0.5753676470588235,
    "resource_cost_per_correct_accepted": 7.272402234636873,
    "risk_latency_product": 0.6995286269701011,
    "risk_per_joule": 0.0003590575681911751,
    "semantic_goodput": 0.09644396551724138,
    "semantic_outage": 0.6544117647058824,
    "total_bandwidth": 1164.799999999998,
    "total_compute": 1216.0000000000007,
    "total_energy": 1439.9999999999995,
    "total_harq_full_payload_rounds": 269.0,
    "total_harq_refinement_rounds": 512.0,
    "total_harq_transmissions": 1600.0,
    "total_latency": 1472.0000000000005,
    "total_power": 1216.0,
    "total_repetitions": 1216.0,
    "total_resource_cost": 1301.7600000000002
  },
  "name": "source-open_rorqual_clip_full_sionna_progressive_17265246",
  "regime": "source-open",
  "samples": 20000,
  "seed": 0,
  "users": 4
}
{
  "calibration_samples": 640,
  "dataset_manifest": "/lustre10/scratch/nickyun/scratch/ahmed/opensemcomm/manifests/opensemcom_rorqual_clip.csv",
  "decisions": {
    "accept": 192,
    "reject/open": 3456
  },
  "evaluated_samples": 3648,
  "manifest_summary": {
    "indexed_rows": 0,
    "regimes": {
      "channel-open": 384,
      "class-open": 3264,
      "closed-id": 1024,
      "full-open": 3982,
      "resource-open": 384,
      "source-open": 704,
      "task-open": 1138
    },
    "rows": 10880,
    "splits": {
      "calibration": 640,
      "eval": 10240
    }
  },
  "metrics": {
    "accepted_samples": 192.0,
    "accuracy": 0.0948464912280702,
    "adaptation_harm_rate": 0.04405286343612335,
    "auroc_ood": 0.9311355890012255,
    "avg_bandwidth": 1.0687500000000068,
    "avg_compute": 1.1177631578947282,
    "avg_energy": 1.3691611842105242,
    "avg_harq_full_payload_rounds": 0.2993421052631579,
    "avg_harq_refinement_rounds": 0.4901315789473684,
    "avg_harq_transmissions": 1.4901315789473684,
    "avg_latency": 1.400986842105266,
    "avg_power": 1.122532894736842,
    "avg_repetitions": 1.1463815789473684,
    "avg_resource_cost": 1.216077302631579,
    "bandwidth_per_accepted": 20.306250000000126,
    "bandwidth_per_correct_accepted": 21.781005586592315,
    "certified_accept_rate": 0.0,
    "correct_accepted_samples": 179.0,
    "coverage": 0.07648026315789473,
    "fpr95": 0.6171875,
    "goodput_per_bandwidth": 0.045911562532060864,
    "goodput_per_resource_cost": 0.04034939419554804,
    "harq_full_payload_sample_rate": 0.15296052631578946,
    "harq_hit_max_refinements_rate": 0.14226973684210525,
    "harq_refined_sample_rate": 0.19078947368421054,
    "open_semantic_outage": 0.06770833333333333,
    "open_semantic_risk": 0.7929873322740992,
    "open_set_f1": 0.7169811320754718,
    "prediction_set_size": 0.2324561403508772,
    "resource_cost_per_correct_accepted": 24.783519553072626,
    "risk_latency_product": 1.1109648184721697,
    "risk_per_joule": 0.00015876575815846806,
    "semantic_goodput": 0.02752152521525215,
    "semantic_outage": 0.9051535087719298,
    "total_bandwidth": 3898.8000000000243,
    "total_compute": 4077.5999999999685,
    "total_energy": 4994.6999999999925,
    "total_harq_full_payload_rounds": 1092.0,
    "total_harq_refinement_rounds": 1788.0,
    "total_harq_transmissions": 5436.0,
    "total_latency": 5110.80000000001,
    "total_power": 4095.0,
    "total_repetitions": 4182.0,
    "total_resource_cost": 4436.25
  },
  "name": "class-open_rorqual_clip_full_sionna_progressive_17265246",
  "regime": "class-open",
  "samples": 20000,
  "seed": 0,
  "users": 4
}
{
  "calibration_samples": 640,
  "dataset_manifest": "/lustre10/scratch/nickyun/scratch/ahmed/opensemcomm/manifests/opensemcom_rorqual_clip.csv",
  "decisions": {
    "accept": 179,
    "reject/open": 1343
  },
  "evaluated_samples": 1522,
  "manifest_summary": {
    "indexed_rows": 0,
    "regimes": {
      "channel-open": 384,
      "class-open": 3264,
      "closed-id": 1024,
      "full-open": 3982,
      "resource-open": 384,
      "source-open": 704,
      "task-open": 1138
    },
    "rows": 10880,
    "splits": {
      "calibration": 640,
      "eval": 10240
    }
  },
  "metrics": {
    "accepted_samples": 179.0,
    "accuracy": 0.48883048620236536,
    "adaptation_harm_rate": 0.21052631578947367,
    "auroc_ood": 1.0,
    "avg_bandwidth": 1.044809461235216,
    "avg_compute": 1.0743101182654402,
    "avg_energy": 1.199047306176084,
    "avg_harq_full_payload_rounds": 0.1504599211563732,
    "avg_harq_refinement_rounds": 0.29500657030223393,
    "avg_harq_transmissions": 1.295006570302234,
    "avg_latency": 1.2173455978975034,
    "avg_power": 1.0737516425755584,
    "avg_repetitions": 1.0709592641261498,
    "avg_resource_cost": 1.1218249014454664,
    "bandwidth_per_accepted": 8.883798882681555,
    "bandwidth_per_correct_accepted": 8.883798882681555,
    "certified_accept_rate": 0.0,
    "correct_accepted_samples": 179.0,
    "coverage": 0.35348226018396844,
    "fpr95": 0.0,
    "goodput_per_bandwidth": 0.11256445730096853,
    "goodput_per_resource_cost": 0.10483669049895529,
    "harq_full_payload_sample_rate": 0.0795006570302234,
    "harq_hit_max_refinements_rate": 0.06964520367936924,
    "harq_refined_sample_rate": 0.1445466491458607,
    "open_semantic_outage": 0.0,
    "open_semantic_risk": 0.5455673503493171,
    "open_set_f1": 0.8014744602422327,
    "prediction_set_size": 0.7450722733245729,
    "resource_cost_per_correct_accepted": 9.538645251396648,
    "risk_latency_product": 0.6641440123043462,
    "risk_per_joule": 0.00029894920427919514,
    "semantic_goodput": 0.08184727937814358,
    "semantic_outage": 0.5111695137976346,
    "total_bandwidth": 1590.1999999999985,
    "total_compute": 1635.1,
    "total_energy": 1824.9499999999998,
    "total_harq_full_payload_rounds": 229.0,
    "total_harq_refinement_rounds": 449.0,
    "total_harq_transmissions": 1971.0,
    "total_latency": 1852.8000000000002,
    "total_power": 1634.25,
    "total_repetitions": 1630.0,
    "total_resource_cost": 1707.4175
  },
  "name": "task-open_rorqual_clip_full_sionna_progressive_17265246",
  "regime": "task-open",
  "samples": 20000,
  "seed": 0,
  "users": 4
}
{
  "calibration_samples": 640,
  "dataset_manifest": "/lustre10/scratch/nickyun/scratch/ahmed/opensemcomm/manifests/opensemcom_rorqual_clip.csv",
  "decisions": {
    "accept": 179,
    "reject/open": 205
  },
  "evaluated_samples": 384,
  "manifest_summary": {
    "indexed_rows": 0,
    "regimes": {
      "channel-open": 384,
      "class-open": 3264,
      "closed-id": 1024,
      "full-open": 3982,
      "resource-open": 384,
      "source-open": 704,
      "task-open": 1138
    },
    "rows": 10880,
    "splits": {
      "calibration": 640,
      "eval": 10240
    }
  },
  "metrics": {
    "accepted_samples": 179.0,
    "accuracy": 0.9010416666666666,
    "adaptation_harm_rate": 0.43478260869565216,
    "auroc_ood": 0.5,
    "avg_bandwidth": 1.1776041666666626,
    "avg_compute": 1.2945312500000001,
    "avg_energy": 1.7889322916666661,
    "avg_harq_full_payload_rounds": 0.5963541666666666,
    "avg_harq_refinement_rounds": 1.1692708333333333,
    "avg_harq_transmissions": 2.1692708333333335,
    "avg_latency": 1.8614583333333339,
    "avg_power": 1.2923177083333333,
    "avg_repetitions": 1.28125,
    "avg_resource_cost": 1.4828580729166667,
    "bandwidth_per_accepted": 2.5262569832402146,
    "bandwidth_per_correct_accepted": 2.5262569832402146,
    "certified_accept_rate": 0.0,
    "correct_accepted_samples": 179.0,
    "coverage": 0.7265625,
    "fpr95": 1.0,
    "goodput_per_bandwidth": 0.39584254754533527,
    "goodput_per_resource_cost": 0.3143563378364732,
    "harq_full_payload_sample_rate": 0.3151041666666667,
    "harq_hit_max_refinements_rate": 0.2760416666666667,
    "harq_refined_sample_rate": 0.5729166666666666,
    "open_semantic_outage": 0.0,
    "open_semantic_risk": 0.37583350196788956,
    "open_set_f1": 0.0,
    "prediction_set_size": 0.7421875,
    "resource_cost_per_correct_accepted": 3.1811033519553074,
    "risk_latency_product": 0.699598404183978,
    "risk_per_joule": 0.0005471045956297978,
    "semantic_goodput": 0.17063870352716873,
    "semantic_outage": 0.09895833333333333,
    "total_bandwidth": 452.19999999999845,
    "total_compute": 497.1,
    "total_energy": 686.9499999999998,
    "total_harq_full_payload_rounds": 229.0,
    "total_harq_refinement_rounds": 449.0,
    "total_harq_transmissions": 833.0,
    "total_latency": 714.8000000000002,
    "total_power": 496.25,
    "total_repetitions": 492.0,
    "total_resource_cost": 569.4175
  },
  "name": "resource-open_rorqual_clip_full_sionna_progressive_17265246",
  "regime": "resource-open",
  "samples": 20000,
  "seed": 0,
  "users": 4
}
{
  "calibration_samples": 640,
  "dataset_manifest": "/lustre10/scratch/nickyun/scratch/ahmed/opensemcomm/manifests/opensemcom_rorqual_clip.csv",
  "decisions": {
    "accept": 203,
    "reject/open": 3779
  },
  "evaluated_samples": 3982,
  "manifest_summary": {
    "indexed_rows": 0,
    "regimes": {
      "channel-open": 384,
      "class-open": 3264,
      "closed-id": 1024,
      "full-open": 3982,
      "resource-open": 384,
      "source-open": 704,
      "task-open": 1138
    },
    "rows": 10880,
    "splits": {
      "calibration": 640,
      "eval": 10240
    }
  },
  "metrics": {
    "accepted_samples": 203.0,
    "accuracy": 0.09241587142139629,
    "adaptation_harm_rate": 0.0,
    "auroc_ood": 0.9310778847044654,
    "avg_bandwidth": 1.0621798091411407,
    "avg_compute": 1.106127574083367,
    "avg_energy": 3.5450276243093617,
    "avg_harq_full_payload_rounds": 0.263184329482672,
    "avg_harq_refinement_rounds": 0.4394776494224008,
    "avg_harq_transmissions": 1.4394776494224009,
    "avg_latency": 3.6045203415369476,
    "avg_power": 1.1098694123556,
    "avg_repetitions": 3.128578603716725,
    "avg_resource_cost": 2.0857320441988954,
    "bandwidth_per_accepted": 20.835467980295675,
    "bandwidth_per_correct_accepted": 22.378835978836097,
    "certified_accept_rate": 0.0,
    "correct_accepted_samples": 189.0,
    "coverage": 0.0700652938221999,
    "fpr95": 0.6328125,
    "goodput_per_bandwidth": 0.044685076602988226,
    "goodput_per_resource_cost": 0.02275632014650735,
    "harq_full_payload_sample_rate": 0.13460572576594676,
    "harq_hit_max_refinements_rate": 0.12405826217980914,
    "harq_refined_sample_rate": 0.17629331993972877,
    "open_semantic_outage": 0.06896551724137931,
    "open_semantic_risk": 0.9356320484921742,
    "open_set_f1": 0.7124709250313115,
    "prediction_set_size": 0.23053741838272224,
    "resource_cost_per_correct_accepted": 43.94383597883599,
    "risk_latency_product": 3.3725047509839254,
    "risk_per_joule": 6.62802610097676e-05,
    "semantic_goodput": 0.01099092812281926,
    "semantic_outage": 0.9075841285786037,
    "total_bandwidth": 4229.600000000022,
    "total_compute": 4404.599999999967,
    "total_energy": 14116.299999999877,
    "total_harq_full_payload_rounds": 1048.0,
    "total_harq_refinement_rounds": 1750.0,
    "total_harq_transmissions": 5732.0,
    "total_latency": 14353.200000000124,
    "total_power": 4419.5,
    "total_repetitions": 12458.0,
    "total_resource_cost": 8305.385000000002
  },
  "name": "full-open_rorqual_clip_full_sionna_progressive_17265246",
  "regime": "full-open",
  "samples": 20000,
  "seed": 0,
  "users": 4
}
{
  "rows": 7,
  "csv": "/lustre10/scratch/nickyun/scratch/ahmed/opensemcomm/runs/rorqual_clip_full_sionna_progressive_results_17265246.csv",
  "json": "/lustre10/scratch/nickyun/scratch/ahmed/opensemcomm/runs/rorqual_clip_full_sionna_progressive_results_17265246.json"
}
