{'sionna': '2.0.1', 'torch': '2.13.0', 'cuda_available': True}
{
  "indexed_rows": 0,
  "regimes": {
    "channel-open": 384,
    "class-open": 3264,
    "closed-id": 1024,
    "full-open": 3982,
    "resource-open": 384,
    "source-open": 704,
    "task-open": 1138
  },
  "rows": 10880,
  "splits": {
    "calibration": 640,
    "eval": 10240
  }
}
CALIB_DEBUG {'q_accept': 0.02263587528979107, 'q_refine': 0.5263069881885314, 'conformal_nonconformity_threshold': 0.05059570785311218, 'conformal_probability_cutoff': 0.9494042921468878, 'risk_q': [0.013140214087497805, 0.018947546929193048, 0.021822519717848057, 0.05041815238198191, 0.5986131646117555, 0.6693022275087759, 0.6888916350504883, 0.7295346093755921], 'correct_risk_q': [0.013140214087497805, 0.01806345261533494, 0.020058989212575984, 0.02381311726782922, 0.039446142268658765, 0.06905580066697764, 0.08539951177641168, 0.17697103253145466], 'open_risk_q': [0.38609489772288597, 0.5197229220770101, 0.5680397737691238, 0.6197435684745594, 0.6693110909267015, 0.691678359012277, 0.698074263798583, 0.7295346093755921]}
{
  "calibration_samples": 640,
  "dataset_manifest": "/lustre10/scratch/nickyun/scratch/ahmed/opensemcomm/manifests/opensemcom_rorqual_clip.csv",
  "decisions": {
    "reject/open": 384
  },
  "evaluated_samples": 384,
  "manifest_summary": {
    "indexed_rows": 0,
    "regimes": {
      "channel-open": 384,
      "class-open": 3264,
      "closed-id": 1024,
      "full-open": 3982,
      "resource-open": 384,
      "source-open": 704,
      "task-open": 1138
    },
    "rows": 10880,
    "splits": {
      "calibration": 640,
      "eval": 10240
    }
  },
  "metrics": {
    "accepted_samples": 0.0,
    "accuracy": 0.8880208333333334,
    "adaptation_harm_rate": 0.43478260869565216,
    "auroc_ood": 0.5,
    "avg_bandwidth": 1.39999999999999,
    "avg_compute": 1.7882812499999963,
    "avg_energy": 4.900781249999992,
    "avg_harq_full_payload_rounds": 2.8828125,
    "avg_harq_refinement_rounds": 1.8828125,
    "avg_harq_transmissions": 2.8828125,
    "avg_latency": 5.189062500000008,
    "avg_power": 1.970703125,
    "avg_repetitions": 2.8828125,
    "avg_resource_cost": 3.0588867187500006,
    "bandwidth_per_accepted": 0.0,
    "bandwidth_per_correct_accepted": 0.0,
    "certified_accept_rate": 0.0,
    "correct_accepted_samples": 0.0,
    "coverage": 0.6015625,
    "fpr95": 1.0,
    "goodput_per_bandwidth": 0.0,
    "goodput_per_resource_cost": 0.0,
    "harq_full_payload_sample_rate": 1.0,
    "harq_hit_max_refinements_rate": 0.6119791666666666,
    "harq_refined_sample_rate": 0.640625,
    "open_semantic_outage": 0.0,
    "open_semantic_risk": 0.6501572942926817,
    "open_set_f1": 0.0,
    "prediction_set_size": 0.6119791666666666,
    "resource_cost_per_correct_accepted": 0.0,
    "risk_latency_product": 3.3737068349156236,
    "risk_per_joule": 0.0003454791935239294,
    "semantic_goodput": 0.0,
    "semantic_outage": 0.11197916666666667,
    "total_bandwidth": 537.5999999999962,
    "total_compute": 686.6999999999986,
    "total_energy": 1881.899999999997,
    "total_harq_full_payload_rounds": 1107.0,
    "total_harq_refinement_rounds": 723.0,
    "total_harq_transmissions": 1107.0,
    "total_latency": 1992.600000000003,
    "total_power": 756.75,
    "total_repetitions": 1107.0,
    "total_resource_cost": 1174.6125000000002
  },
  "name": "closed-id-awgn-18db_17070109",
  "regime": "closed-id",
  "samples": 384,
  "seed": 0,
  "users": 4
}
EVAL_DEBUG {'n': 384, 'risk_q': [0.34028042791100643, 0.34236266021684386, 0.34408808292543924, 0.3520815012095707, 0.3957625731858077, 0.46051969850355434, 0.4923646656377801, 0.5425189833320753], 'confidence_q': [0.37122628912313727, 0.6438694258929446, 0.8700479751857011, 0.9781818987897113, 0.9958562900855379, 0.9984737931101755, 0.999209978425563, 0.999989697422583], 'prediction_set_sizes': {0: 149, 1: 235}, 'decisions': {'reject/open': 384}}
