Traceback (most recent call last):
  File "/lustre10/scratch/nickyun/scratch/ahmed/opensemcomm/.venv/lib/python3.11/site-packages/httpx/_transports/default.py", line 101, in map_httpcore_exceptions
    yield
  File "/lustre10/scratch/nickyun/scratch/ahmed/opensemcomm/.venv/lib/python3.11/site-packages/httpx/_transports/default.py", line 250, in handle_request
    resp = self._pool.handle_request(req)
           ^^^^^^^^^^^^^^^^^^^^^^^^^^^^^^
  File "/lustre10/scratch/nickyun/scratch/ahmed/opensemcomm/.venv/lib/python3.11/site-packages/httpcore/_sync/connection_pool.py", line 256, in handle_request
    raise exc from None
  File "/lustre10/scratch/nickyun/scratch/ahmed/opensemcomm/.venv/lib/python3.11/site-packages/httpcore/_sync/connection_pool.py", line 236, in handle_request
    response = connection.handle_request(
               ^^^^^^^^^^^^^^^^^^^^^^^^^^
  File "/lustre10/scratch/nickyun/scratch/ahmed/opensemcomm/.venv/lib/python3.11/site-packages/httpcore/_sync/connection.py", line 101, in handle_request
    raise exc
  File "/lustre10/scratch/nickyun/scratch/ahmed/opensemcomm/.venv/lib/python3.11/site-packages/httpcore/_sync/connection.py", line 78, in handle_request
    stream = self._connect(request)
             ^^^^^^^^^^^^^^^^^^^^^^
  File "/lustre10/scratch/nickyun/scratch/ahmed/opensemcomm/.venv/lib/python3.11/site-packages/httpcore/_sync/connection.py", line 124, in _connect
    stream = self._network_backend.connect_tcp(**kwargs)
             ^^^^^^^^^^^^^^^^^^^^^^^^^^^^^^^^^^^^^^^^^^^
  File "/lustre10/scratch/nickyun/scratch/ahmed/opensemcomm/.venv/lib/python3.11/site-packages/httpcore/_backends/sync.py", line 207, in connect_tcp
    with map_exceptions(exc_map):
  File "/cvmfs/soft.computecanada.ca/gentoo/2023/x86-64-v3/usr/lib/python3.11/contextlib.py", line 155, in __exit__
    self.gen.throw(typ, value, traceback)
  File "/lustre10/scratch/nickyun/scratch/ahmed/opensemcomm/.venv/lib/python3.11/site-packages/httpcore/_exceptions.py", line 14, in map_exceptions
    raise to_exc(exc) from exc
httpcore.ConnectError: [Errno 101] Network is unreachable

The above exception was the direct cause of the following exception:

Traceback (most recent call last):
  File "/lustre10/scratch/nickyun/scratch/ahmed/opensemcomm/.venv/lib/python3.11/site-packages/huggingface_hub/_snapshot_download.py", line 251, in snapshot_download
    repo_info = api.repo_info(repo_id=repo_id, repo_type=repo_type, revision=revision)
                ^^^^^^^^^^^^^^^^^^^^^^^^^^^^^^^^^^^^^^^^^^^^^^^^^^^^^^^^^^^^^^^^^^^^^^
  File "/lustre10/scratch/nickyun/scratch/ahmed/opensemcomm/.venv/lib/python3.11/site-packages/huggingface_hub/utils/_validators.py", line 88, in _inner_fn
    return fn(*args, **kwargs)
           ^^^^^^^^^^^^^^^^^^^
  File "/lustre10/scratch/nickyun/scratch/ahmed/opensemcomm/.venv/lib/python3.11/site-packages/huggingface_hub/hf_api.py", line 3634, in repo_info
    return method(
           ^^^^^^^
  File "/lustre10/scratch/nickyun/scratch/ahmed/opensemcomm/.venv/lib/python3.11/site-packages/huggingface_hub/utils/_validators.py", line 88, in _inner_fn
    return fn(*args, **kwargs)
           ^^^^^^^^^^^^^^^^^^^
  File "/lustre10/scratch/nickyun/scratch/ahmed/opensemcomm/.venv/lib/python3.11/site-packages/huggingface_hub/hf_api.py", line 3313, in model_info
    r = get_session().get(path, headers=headers, timeout=timeout, params=params)
        ^^^^^^^^^^^^^^^^^^^^^^^^^^^^^^^^^^^^^^^^^^^^^^^^^^^^^^^^^^^^^^^^^^^^^^^^
  File "/lustre10/scratch/nickyun/scratch/ahmed/opensemcomm/.venv/lib/python3.11/site-packages/httpx/_client.py", line 1053, in get
    return self.request(
           ^^^^^^^^^^^^^
  File "/lustre10/scratch/nickyun/scratch/ahmed/opensemcomm/.venv/lib/python3.11/site-packages/httpx/_client.py", line 825, in request
    return self.send(request, auth=auth, follow_redirects=follow_redirects)
           ^^^^^^^^^^^^^^^^^^^^^^^^^^^^^^^^^^^^^^^^^^^^^^^^^^^^^^^^^^^^^^^^
  File "/lustre10/scratch/nickyun/scratch/ahmed/opensemcomm/.venv/lib/python3.11/site-packages/httpx/_client.py", line 914, in send
    response = self._send_handling_auth(
               ^^^^^^^^^^^^^^^^^^^^^^^^^
  File "/lustre10/scratch/nickyun/scratch/ahmed/opensemcomm/.venv/lib/python3.11/site-packages/httpx/_client.py", line 942, in _send_handling_auth
    response = self._send_handling_redirects(
               ^^^^^^^^^^^^^^^^^^^^^^^^^^^^^^
  File "/lustre10/scratch/nickyun/scratch/ahmed/opensemcomm/.venv/lib/python3.11/site-packages/httpx/_client.py", line 979, in _send_handling_redirects
    response = self._send_single_request(request)
               ^^^^^^^^^^^^^^^^^^^^^^^^^^^^^^^^^^
  File "/lustre10/scratch/nickyun/scratch/ahmed/opensemcomm/.venv/lib/python3.11/site-packages/httpx/_client.py", line 1014, in _send_single_request
    response = transport.handle_request(request)
               ^^^^^^^^^^^^^^^^^^^^^^^^^^^^^^^^^
  File "/lustre10/scratch/nickyun/scratch/ahmed/opensemcomm/.venv/lib/python3.11/site-packages/httpx/_transports/default.py", line 249, in handle_request
    with map_httpcore_exceptions():
  File "/cvmfs/soft.computecanada.ca/gentoo/2023/x86-64-v3/usr/lib/python3.11/contextlib.py", line 155, in __exit__
    self.gen.throw(typ, value, traceback)
  File "/lustre10/scratch/nickyun/scratch/ahmed/opensemcomm/.venv/lib/python3.11/site-packages/httpx/_transports/default.py", line 118, in map_httpcore_exceptions
    raise mapped_exc(message) from exc
httpx.ConnectError: [Errno 101] Network is unreachable

The above exception was the direct cause of the following exception:

Traceback (most recent call last):
  File "<stdin>", line 11, in <module>
  File "/lustre10/scratch/nickyun/scratch/ahmed/opensemcomm/.venv/lib/python3.11/site-packages/huggingface_hub/utils/_validators.py", line 88, in _inner_fn
    return fn(*args, **kwargs)
           ^^^^^^^^^^^^^^^^^^^
  File "/lustre10/scratch/nickyun/scratch/ahmed/opensemcomm/.venv/lib/python3.11/site-packages/huggingface_hub/_snapshot_download.py", line 356, in snapshot_download
    raise LocalEntryNotFoundError(
huggingface_hub.errors.LocalEntryNotFoundError: Got: ConnectError: [Errno 101] Network is unreachable
An error happened while trying to locate the files on the Hub, and we cannot find the appropriate snapshot folder for the specified revision on the local disk. Please check your internet connection and try again.
