{'sionna': '2.0.1', 'torch': '2.13.0', 'cuda_available': True}
{
  "indexed_rows": 0,
  "regimes": {
    "channel-open": 384,
    "class-open": 3264,
    "closed-id": 1024,
    "full-open": 3982,
    "resource-open": 384,
    "source-open": 704,
    "task-open": 1138
  },
  "rows": 10880,
  "splits": {
    "calibration": 640,
    "eval": 10240
  }
}
CALIB_DEBUG {'q_accept': 0.34717951524592044, 'q_refine': 0.6985568050373893, 'conformal_nonconformity_threshold': 0.19434141680461603, 'conformal_probability_cutoff': 0.805658583195384, 'risk_q': [0.3402462770606384, 0.34289038362203905, 0.3465672363418234, 0.383425841822156, 0.7021266672866044, 0.7459196804725808, 0.7829081430996943, 0.8351564846348349], 'correct_risk_q': [0.3402462770606384, 0.3422284707613908, 0.34373601777495605, 0.3489049971011487, 0.36764606225587637, 0.4103558691124394, 0.43191693762011724, 0.49614681298428065], 'open_risk_q': [0.6966117292259515, 0.6983272582356678, 0.6994977118004977, 0.7071586067847941, 0.7460576318372212, 0.7896238507581477, 0.8191542590724274, 0.8351564846348349]}
{
  "calibration_samples": 640,
  "dataset_manifest": "/lustre10/scratch/nickyun/scratch/ahmed/opensemcomm/manifests/opensemcom_rorqual_clip.csv",
  "decisions": {
    "accept": 164,
    "reject/open": 220
  },
  "evaluated_samples": 384,
  "manifest_summary": {
    "indexed_rows": 0,
    "regimes": {
      "channel-open": 384,
      "class-open": 3264,
      "closed-id": 1024,
      "full-open": 3982,
      "resource-open": 384,
      "source-open": 704,
      "task-open": 1138
    },
    "rows": 10880,
    "splits": {
      "calibration": 640,
      "eval": 10240
    }
  },
  "metrics": {
    "accepted_samples": 164.0,
    "accuracy": 0.8880208333333334,
    "adaptation_harm_rate": 0.43478260869565216,
    "auroc_ood": 0.5,
    "avg_bandwidth": 1.39999999999999,
    "avg_compute": 1.7158854166666695,
    "avg_energy": 3.6700520833333403,
    "avg_harq_full_payload_rounds": 2.1588541666666665,
    "avg_harq_refinement_rounds": 1.1588541666666667,
    "avg_harq_transmissions": 2.1588541666666665,
    "avg_latency": 3.8859374999999923,
    "avg_power": 1.7897135416666667,
    "avg_repetitions": 2.1588541666666665,
    "avg_resource_cost": 2.4960091145833334,
    "bandwidth_per_accepted": 3.2780487804877816,
    "bandwidth_per_correct_accepted": 3.2780487804877816,
    "certified_accept_rate": 0.0,
    "correct_accepted_samples": 164.0,
    "coverage": 0.7473958333333334,
    "fpr95": 1.0,
    "goodput_per_bandwidth": 0.305059523809526,
    "goodput_per_resource_cost": 0.17110647987542615,
    "harq_full_payload_sample_rate": 1.0,
    "harq_hit_max_refinements_rate": 0.3515625,
    "harq_refined_sample_rate": 0.4140625,
    "open_semantic_outage": 0.0,
    "open_semantic_risk": 0.4493851217949212,
    "open_set_f1": 0.0,
    "prediction_set_size": 0.7786458333333334,
    "resource_cost_per_correct_accepted": 5.844314024390243,
    "risk_latency_product": 1.746282496724948,
    "risk_per_joule": 0.000318871157166622,
    "semantic_goodput": 0.06594290309609972,
    "semantic_outage": 0.11197916666666667,
    "total_bandwidth": 537.5999999999962,
    "total_compute": 658.9000000000011,
    "total_energy": 1409.3000000000027,
    "total_harq_full_payload_rounds": 829.0,
    "total_harq_refinement_rounds": 445.0,
    "total_harq_transmissions": 829.0,
    "total_latency": 1492.199999999997,
    "total_power": 687.25,
    "total_repetitions": 829.0,
    "total_resource_cost": 958.4675
  },
  "name": "closed-id_rorqual_clip_sionna_smoke_17076102",
  "regime": "closed-id",
  "samples": 384,
  "seed": 0,
  "users": 4
}
