{'sionna': '2.0.1', 'torch': '2.13.0', 'cuda_available': True}
{
  "indexed_rows": 0,
  "regimes": {
    "channel-open": 384,
    "class-open": 3264,
    "closed-id": 1024,
    "full-open": 3982,
    "resource-open": 384,
    "source-open": 704,
    "task-open": 1138
  },
  "rows": 10880,
  "splits": {
    "calibration": 640,
    "eval": 10240
  }
}
{
  "calibration_samples": 640,
  "dataset_manifest": "/lustre10/scratch/nickyun/scratch/ahmed/opensemcomm/manifests/opensemcom_rorqual_clip.csv",
  "decisions": {
    "accept": 189,
    "reject/open": 195
  },
  "evaluated_samples": 384,
  "manifest_summary": {
    "indexed_rows": 0,
    "regimes": {
      "channel-open": 384,
      "class-open": 3264,
      "closed-id": 1024,
      "full-open": 3982,
      "resource-open": 384,
      "source-open": 704,
      "task-open": 1138
    },
    "rows": 10880,
    "splits": {
      "calibration": 640,
      "eval": 10240
    }
  },
  "metrics": {
    "accepted_samples": 189.0,
    "accuracy": 0.90625,
    "adaptation_harm_rate": 0.08695652173913043,
    "auroc_ood": 0.5,
    "avg_bandwidth": 1.1687499999999955,
    "avg_compute": 1.2744791666666675,
    "avg_energy": 1.658333333333334,
    "avg_harq_full_payload_rounds": 0.484375,
    "avg_harq_refinement_rounds": 1.0572916666666667,
    "avg_harq_transmissions": 2.0572916666666665,
    "avg_latency": 1.7218749999999992,
    "avg_power": 1.2643229166666667,
    "avg_repetitions": 1.2135416666666667,
    "avg_resource_cost": 1.4170442708333333,
    "bandwidth_per_accepted": 2.3746031746031657,
    "bandwidth_per_correct_accepted": 2.399999999999991,
    "certified_accept_rate": 0.0,
    "correct_accepted_samples": 187.0,
    "coverage": 0.671875,
    "fpr95": 1.0,
    "goodput_per_bandwidth": 0.41666666666666824,
    "goodput_per_resource_cost": 0.3436583998750333,
    "harq_full_payload_sample_rate": 0.2708333333333333,
    "harq_hit_max_refinements_rate": 0.19010416666666666,
    "harq_refined_sample_rate": 0.5729166666666666,
    "open_semantic_outage": 0.010582010582010581,
    "open_semantic_risk": 0.4443250365464797,
    "open_set_f1": 0.0,
    "prediction_set_size": 0.6822916666666666,
    "resource_cost_per_correct_accepted": 2.9098663101604276,
    "risk_latency_product": 0.7650721723034694,
    "risk_per_joule": 0.000697746602616959,
    "semantic_goodput": 0.1960167714884696,
    "semantic_outage": 0.09375,
    "total_bandwidth": 448.7999999999983,
    "total_compute": 489.4000000000003,
    "total_energy": 636.8000000000003,
    "total_harq_full_payload_rounds": 186.0,
    "total_harq_refinement_rounds": 406.0,
    "total_harq_transmissions": 790.0,
    "total_latency": 661.1999999999997,
    "total_power": 485.5,
    "total_repetitions": 466.0,
    "total_resource_cost": 544.145
  },
  "name": "closed-id_rorqual_clip_sionna_progressive_seed3_17325269_4",
  "regime": "closed-id",
  "samples": 20000,
  "seed": 3,
  "users": 4
}
{
  "calibration_samples": 640,
  "dataset_manifest": "/lustre10/scratch/nickyun/scratch/ahmed/opensemcomm/manifests/opensemcom_rorqual_clip.csv",
  "decisions": {
    "accept": 198,
    "reject/open": 186
  },
  "evaluated_samples": 384,
  "manifest_summary": {
    "indexed_rows": 0,
    "regimes": {
      "channel-open": 384,
      "class-open": 3264,
      "closed-id": 1024,
      "full-open": 3982,
      "resource-open": 384,
      "source-open": 704,
      "task-open": 1138
    },
    "rows": 10880,
    "splits": {
      "calibration": 640,
      "eval": 10240
    }
  },
  "metrics": {
    "accepted_samples": 198.0,
    "accuracy": 0.8671875,
    "adaptation_harm_rate": 0.17391304347826086,
    "auroc_ood": 0.5,
    "avg_bandwidth": 1.2640624999999936,
    "avg_compute": 1.4463541666666664,
    "avg_energy": 5.24075520833331,
    "avg_harq_full_payload_rounds": 1.0598958333333333,
    "avg_harq_refinement_rounds": 1.8229166666666667,
    "avg_harq_transmissions": 2.8229166666666665,
    "avg_latency": 5.48906250000002,
    "avg_power": 1.4557291666666667,
    "avg_repetitions": 3.5026041666666665,
    "avg_resource_cost": 2.9796614583333336,
    "bandwidth_per_accepted": 2.451515151515139,
    "bandwidth_per_correct_accepted": 2.463959390862932,
    "certified_accept_rate": 0.0,
    "correct_accepted_samples": 197.0,
    "coverage": 0.9817708333333334,
    "fpr95": 1.0,
    "goodput_per_bandwidth": 0.4058508446641965,
    "goodput_per_resource_cost": 0.17217420183710747,
    "harq_full_payload_sample_rate": 0.5572916666666666,
    "harq_hit_max_refinements_rate": 0.484375,
    "harq_refined_sample_rate": 0.7630208333333334,
    "open_semantic_outage": 0.005050505050505051,
    "open_semantic_risk": 0.38079525813930326,
    "open_set_f1": 0.0,
    "prediction_set_size": 1.578125,
    "resource_cost_per_correct_accepted": 5.808071065989848,
    "risk_latency_product": 2.0902089716302767,
    "risk_per_joule": 0.00018921973621173444,
    "semantic_goodput": 0.06057810578105781,
    "semantic_outage": 0.1328125,
    "total_bandwidth": 485.3999999999976,
    "total_compute": 555.3999999999999,
    "total_energy": 2012.449999999991,
    "total_harq_full_payload_rounds": 407.0,
    "total_harq_refinement_rounds": 700.0,
    "total_harq_transmissions": 1084.0,
    "total_latency": 2107.8000000000075,
    "total_power": 559.0,
    "total_repetitions": 1345.0,
    "total_resource_cost": 1144.19
  },
  "name": "channel-open_rorqual_clip_sionna_progressive_seed3_17325269_4",
  "regime": "channel-open",
  "samples": 20000,
  "seed": 3,
  "users": 4
}
{
  "calibration_samples": 640,
  "dataset_manifest": "/lustre10/scratch/nickyun/scratch/ahmed/opensemcomm/manifests/opensemcom_rorqual_clip.csv",
  "decisions": {
    "accept": 189,
    "reject/open": 899
  },
  "evaluated_samples": 1088,
  "manifest_summary": {
    "indexed_rows": 0,
    "regimes": {
      "channel-open": 384,
      "class-open": 3264,
      "closed-id": 1024,
      "full-open": 3982,
      "resource-open": 384,
      "source-open": 704,
      "task-open": 1138
    },
    "rows": 10880,
    "splits": {
      "calibration": 640,
      "eval": 10240
    }
  },
  "metrics": {
    "accepted_samples": 189.0,
    "accuracy": 0.5266544117647058,
    "adaptation_harm_rate": 0.029850746268656716,
    "auroc_ood": 0.9831321022727273,
    "avg_bandwidth": 1.06580882352941,
    "avg_compute": 1.1074448529411773,
    "avg_energy": 1.2636029411764707,
    "avg_harq_full_payload_rounds": 0.19761029411764705,
    "avg_harq_refinement_rounds": 0.4163602941176471,
    "avg_harq_transmissions": 1.416360294117647,
    "avg_latency": 1.2887867647058822,
    "avg_power": 1.1040900735294117,
    "avg_repetitions": 1.0873161764705883,
    "avg_resource_cost": 1.1657789522058821,
    "bandwidth_per_accepted": 6.1354497354497255,
    "bandwidth_per_correct_accepted": 6.201069518716567,
    "certified_accept_rate": 0.0,
    "correct_accepted_samples": 187.0,
    "coverage": 0.43014705882352944,
    "fpr95": 0.0234375,
    "goodput_per_bandwidth": 0.16126250431183192,
    "goodput_per_resource_cost": 0.1474336105269175,
    "harq_full_payload_sample_rate": 0.11029411764705882,
    "harq_hit_max_refinements_rate": 0.07904411764705882,
    "harq_refined_sample_rate": 0.21875,
    "open_semantic_outage": 0.010582010582010581,
    "open_semantic_risk": 0.48072824625032984,
    "open_set_f1": 0.8717948717948718,
    "prediction_set_size": 0.7334558823529411,
    "resource_cost_per_correct_accepted": 6.782713903743315,
    "risk_latency_product": 0.6195562011876952,
    "risk_per_joule": 0.0003496714040226431,
    "semantic_goodput": 0.10803004043905257,
    "semantic_outage": 0.4733455882352941,
    "total_bandwidth": 1159.599999999998,
    "total_compute": 1204.900000000001,
    "total_energy": 1374.8000000000002,
    "total_harq_full_payload_rounds": 215.0,
    "total_harq_refinement_rounds": 453.0,
    "total_harq_transmissions": 1541.0,
    "total_latency": 1402.1999999999998,
    "total_power": 1201.25,
    "total_repetitions": 1183.0,
    "total_resource_cost": 1268.3674999999998
  },
  "name": "source-open_rorqual_clip_sionna_progressive_seed3_17325269_4",
  "regime": "source-open",
  "samples": 20000,
  "seed": 3,
  "users": 4
}
{
  "calibration_samples": 640,
  "dataset_manifest": "/lustre10/scratch/nickyun/scratch/ahmed/opensemcomm/manifests/opensemcom_rorqual_clip.csv",
  "decisions": {
    "accept": 202,
    "reject/open": 3446
  },
  "evaluated_samples": 3648,
  "manifest_summary": {
    "indexed_rows": 0,
    "regimes": {
      "channel-open": 384,
      "class-open": 3264,
      "closed-id": 1024,
      "full-open": 3982,
      "resource-open": 384,
      "source-open": 704,
      "task-open": 1138
    },
    "rows": 10880,
    "splits": {
      "calibration": 640,
      "eval": 10240
    }
  },
  "metrics": {
    "accepted_samples": 202.0,
    "accuracy": 0.09539473684210531,
    "adaptation_harm_rate": 0.039647577092511016,
    "auroc_ood": 0.9332283369076797,
    "avg_bandwidth": 1.0525219298245652,
    "avg_compute": 1.0878563596491182,
    "avg_energy": 1.246162280701755,
    "avg_harq_full_payload_rounds": 0.19736842105263158,
    "avg_harq_refinement_rounds": 0.35334429824561403,
    "avg_harq_transmissions": 1.353344298245614,
    "avg_latency": 1.2683662280701755,
    "avg_power": 1.0883360745614035,
    "avg_repetitions": 1.090734649122807,
    "avg_resource_cost": 1.1486725603070176,
    "bandwidth_per_accepted": 19.007920792079275,
    "bandwidth_per_correct_accepted": 20.53262032085569,
    "certified_accept_rate": 0.0,
    "correct_accepted_samples": 187.0,
    "coverage": 0.07072368421052631,
    "fpr95": 0.6354166666666666,
    "goodput_per_bandwidth": 0.048702989894780536,
    "goodput_per_resource_cost": 0.0446262639882158,
    "harq_full_payload_sample_rate": 0.10663377192982457,
    "harq_hit_max_refinements_rate": 0.08717105263157894,
    "harq_refined_sample_rate": 0.15597587719298245,
    "open_semantic_outage": 0.07425742574257425,
    "open_semantic_risk": 0.8077876127907733,
    "open_set_f1": 0.7169811320754718,
    "prediction_set_size": 0.19270833333333334,
    "resource_cost_per_correct_accepted": 22.40832887700535,
    "risk_latency_product": 1.0245705275172445,
    "risk_per_joule": 0.00017769195177975647,
    "semantic_goodput": 0.03339882121807466,
    "semantic_outage": 0.9046052631578947,
    "total_bandwidth": 3839.6000000000136,
    "total_compute": 3968.499999999983,
    "total_energy": 4546.000000000002,
    "total_harq_full_payload_rounds": 720.0,
    "total_harq_refinement_rounds": 1289.0,
    "total_harq_transmissions": 4937.0,
    "total_latency": 4627.0,
    "total_power": 3970.25,
    "total_repetitions": 3979.0,
    "total_resource_cost": 4190.3575
  },
  "name": "class-open_rorqual_clip_sionna_progressive_seed3_17325269_4",
  "regime": "class-open",
  "samples": 20000,
  "seed": 3,
  "users": 4
}
{
  "calibration_samples": 640,
  "dataset_manifest": "/lustre10/scratch/nickyun/scratch/ahmed/opensemcomm/manifests/opensemcom_rorqual_clip.csv",
  "decisions": {
    "accept": 189,
    "reject/open": 1333
  },
  "evaluated_samples": 1522,
  "manifest_summary": {
    "indexed_rows": 0,
    "regimes": {
      "channel-open": 384,
      "class-open": 3264,
      "closed-id": 1024,
      "full-open": 3982,
      "resource-open": 384,
      "source-open": 704,
      "task-open": 1138
    },
    "rows": 10880,
    "splits": {
      "calibration": 640,
      "eval": 10240
    }
  },
  "metrics": {
    "accepted_samples": 189.0,
    "accuracy": 0.28515111695137974,
    "adaptation_harm_rate": 0.06315789473684211,
    "auroc_ood": 1.0,
    "avg_bandwidth": 1.0425755584756888,
    "avg_compute": 1.0692509855453354,
    "avg_energy": 1.1660972404730618,
    "avg_harq_full_payload_rounds": 0.12220762155059132,
    "avg_harq_refinement_rounds": 0.266754270696452,
    "avg_harq_transmissions": 1.266754270696452,
    "avg_latency": 1.1821287779237843,
    "avg_power": 1.066688567674113,
    "avg_repetitions": 1.0538764783180026,
    "avg_resource_cost": 1.1052201051248358,
    "bandwidth_per_accepted": 8.395767195767187,
    "bandwidth_per_correct_accepted": 8.485561497326195,
    "certified_accept_rate": 0.0,
    "correct_accepted_samples": 187.0,
    "coverage": 0.21747700394218134,
    "fpr95": 0.0,
    "goodput_per_bandwidth": 0.11784723972775409,
    "goodput_per_resource_cost": 0.1111675866230319,
    "harq_full_payload_sample_rate": 0.0683311432325887,
    "harq_hit_max_refinements_rate": 0.047963206307490146,
    "harq_refined_sample_rate": 0.1445466491458607,
    "open_semantic_outage": 0.010582010582010581,
    "open_semantic_risk": 0.601575881937739,
    "open_set_f1": 0.8014744602422327,
    "prediction_set_size": 0.8626806833114323,
    "resource_cost_per_correct_accepted": 8.995427807486632,
    "risk_latency_product": 0.7111401621434822,
    "risk_per_joule": 0.0003389541818445678,
    "semantic_goodput": 0.08938814531548757,
    "semantic_outage": 0.7148488830486203,
    "total_bandwidth": 1586.7999999999984,
    "total_compute": 1627.4000000000003,
    "total_energy": 1774.8000000000002,
    "total_harq_full_payload_rounds": 186.0,
    "total_harq_refinement_rounds": 406.0,
    "total_harq_transmissions": 1928.0,
    "total_latency": 1799.1999999999998,
    "total_power": 1623.5,
    "total_repetitions": 1604.0,
    "total_resource_cost": 1682.145
  },
  "name": "task-open_rorqual_clip_sionna_progressive_seed3_17325269_4",
  "regime": "task-open",
  "samples": 20000,
  "seed": 3,
  "users": 4
}
{
  "calibration_samples": 640,
  "dataset_manifest": "/lustre10/scratch/nickyun/scratch/ahmed/opensemcomm/manifests/opensemcom_rorqual_clip.csv",
  "decisions": {
    "accept": 189,
    "reject/open": 195
  },
  "evaluated_samples": 384,
  "manifest_summary": {
    "indexed_rows": 0,
    "regimes": {
      "channel-open": 384,
      "class-open": 3264,
      "closed-id": 1024,
      "full-open": 3982,
      "resource-open": 384,
      "source-open": 704,
      "task-open": 1138
    },
    "rows": 10880,
    "splits": {
      "calibration": 640,
      "eval": 10240
    }
  },
  "metrics": {
    "accepted_samples": 189.0,
    "accuracy": 0.90625,
    "adaptation_harm_rate": 0.08695652173913043,
    "auroc_ood": 0.5,
    "avg_bandwidth": 1.1687499999999955,
    "avg_compute": 1.2744791666666675,
    "avg_energy": 1.658333333333334,
    "avg_harq_full_payload_rounds": 0.484375,
    "avg_harq_refinement_rounds": 1.0572916666666667,
    "avg_harq_transmissions": 2.0572916666666665,
    "avg_latency": 1.7218749999999992,
    "avg_power": 1.2643229166666667,
    "avg_repetitions": 1.2135416666666667,
    "avg_resource_cost": 1.4170442708333333,
    "bandwidth_per_accepted": 2.3746031746031657,
    "bandwidth_per_correct_accepted": 2.399999999999991,
    "certified_accept_rate": 0.0,
    "correct_accepted_samples": 187.0,
    "coverage": 0.671875,
    "fpr95": 1.0,
    "goodput_per_bandwidth": 0.41666666666666824,
    "goodput_per_resource_cost": 0.3436583998750333,
    "harq_full_payload_sample_rate": 0.2708333333333333,
    "harq_hit_max_refinements_rate": 0.19010416666666666,
    "harq_refined_sample_rate": 0.5729166666666666,
    "open_semantic_outage": 0.010582010582010581,
    "open_semantic_risk": 0.4443250365464797,
    "open_set_f1": 0.0,
    "prediction_set_size": 0.6822916666666666,
    "resource_cost_per_correct_accepted": 2.9098663101604276,
    "risk_latency_product": 0.7650721723034694,
    "risk_per_joule": 0.000697746602616959,
    "semantic_goodput": 0.1960167714884696,
    "semantic_outage": 0.09375,
    "total_bandwidth": 448.7999999999983,
    "total_compute": 489.4000000000003,
    "total_energy": 636.8000000000003,
    "total_harq_full_payload_rounds": 186.0,
    "total_harq_refinement_rounds": 406.0,
    "total_harq_transmissions": 790.0,
    "total_latency": 661.1999999999997,
    "total_power": 485.5,
    "total_repetitions": 466.0,
    "total_resource_cost": 544.145
  },
  "name": "resource-open_rorqual_clip_sionna_progressive_seed3_17325269_4",
  "regime": "resource-open",
  "samples": 20000,
  "seed": 3,
  "users": 4
}
{
  "calibration_samples": 640,
  "dataset_manifest": "/lustre10/scratch/nickyun/scratch/ahmed/opensemcomm/manifests/opensemcom_rorqual_clip.csv",
  "decisions": {
    "accept": 195,
    "reject/open": 3787
  },
  "evaluated_samples": 3982,
  "manifest_summary": {
    "indexed_rows": 0,
    "regimes": {
      "channel-open": 384,
      "class-open": 3264,
      "closed-id": 1024,
      "full-open": 3982,
      "resource-open": 384,
      "source-open": 704,
      "task-open": 1138
    },
    "rows": 10880,
    "splits": {
      "calibration": 640,
      "eval": 10240
    }
  },
  "metrics": {
    "accepted_samples": 195.0,
    "accuracy": 0.09116022099447518,
    "adaptation_harm_rate": 0.13306451612903225,
    "auroc_ood": 0.9361262622753381,
    "avg_bandwidth": 1.0506780512305418,
    "avg_compute": 1.0850577599196332,
    "avg_energy": 3.4197513812154536,
    "avg_harq_full_payload_rounds": 0.19437468608739328,
    "avg_harq_refinement_rounds": 0.3437970868910095,
    "avg_harq_transmissions": 1.3437970868910096,
    "avg_latency": 3.4668006027122207,
    "avg_power": 1.0859492717227524,
    "avg_repetitions": 3.0904068307383223,
    "avg_resource_cost": 2.021691988950277,
    "bandwidth_per_accepted": 21.455384615384705,
    "bandwidth_per_correct_accepted": 22.738043478260966,
    "certified_accept_rate": 0.0,
    "correct_accepted_samples": 184.0,
    "coverage": 0.06529382219989954,
    "fpr95": 0.6302083333333334,
    "goodput_per_bandwidth": 0.04397915770352293,
    "goodput_per_resource_cost": 0.022856071035178158,
    "harq_full_payload_sample_rate": 0.10396785534907081,
    "harq_hit_max_refinements_rate": 0.08613761928679056,
    "harq_refined_sample_rate": 0.14942240080361627,
    "open_semantic_outage": 0.05641025641025641,
    "open_semantic_risk": 0.9417031403278985,
    "open_set_f1": 0.7124709250313115,
    "prediction_set_size": 0.21772978402812657,
    "resource_cost_per_correct_accepted": 43.75205163043479,
    "risk_latency_product": 3.2646970144647494,
    "risk_per_joule": 6.915414709273049e-05,
    "semantic_goodput": 0.01146203201893727,
    "semantic_outage": 0.9088397790055248,
    "total_bandwidth": 4183.8000000000175,
    "total_compute": 4320.699999999979,
    "total_energy": 13617.449999999937,
    "total_harq_full_payload_rounds": 774.0,
    "total_harq_refinement_rounds": 1369.0,
    "total_harq_transmissions": 5351.0,
    "total_latency": 13804.800000000063,
    "total_power": 4324.25,
    "total_repetitions": 12306.0,
    "total_resource_cost": 8050.377500000002
  },
  "name": "full-open_rorqual_clip_sionna_progressive_seed3_17325269_4",
  "regime": "full-open",
  "samples": 20000,
  "seed": 3,
  "users": 4
}
{
  "rows": 7,
  "csv": "/lustre10/scratch/nickyun/scratch/ahmed/opensemcomm/runs/rorqual_clip_sionna_progressive_seed3_results_17325269_4.csv",
  "json": "/lustre10/scratch/nickyun/scratch/ahmed/opensemcomm/runs/rorqual_clip_sionna_progressive_seed3_results_17325269_4.json"
}
