{'sionna': '2.0.1', 'torch': '2.13.0', 'cuda_available': True}
{
  "indexed_rows": 0,
  "regimes": {
    "channel-open": 384,
    "class-open": 3264,
    "closed-id": 1024,
    "full-open": 3982,
    "resource-open": 384,
    "source-open": 704,
    "task-open": 1138
  },
  "rows": 10880,
  "splits": {
    "calibration": 640,
    "eval": 10240
  }
}
{
  "calibration_samples": 640,
  "dataset_manifest": "/lustre10/scratch/nickyun/scratch/ahmed/opensemcomm/manifests/opensemcom_rorqual_clip.csv",
  "decisions": {
    "accept": 68,
    "reject/open": 316
  },
  "evaluated_samples": 384,
  "manifest_summary": {
    "indexed_rows": 0,
    "regimes": {
      "channel-open": 384,
      "class-open": 3264,
      "closed-id": 1024,
      "full-open": 3982,
      "resource-open": 384,
      "source-open": 704,
      "task-open": 1138
    },
    "rows": 10880,
    "splits": {
      "calibration": 640,
      "eval": 10240
    }
  },
  "metrics": {
    "accepted_samples": 68.0,
    "accuracy": 0.90625,
    "adaptation_harm_rate": 0.08695652173913043,
    "auroc_ood": 0.5,
    "avg_bandwidth": 1.0,
    "avg_compute": 1.0,
    "avg_energy": 1.0,
    "avg_harq_full_payload_rounds": 0.0,
    "avg_harq_refinement_rounds": 0.0,
    "avg_harq_transmissions": 1.0,
    "avg_latency": 1.0,
    "avg_power": 1.0,
    "avg_repetitions": 1.0,
    "avg_resource_cost": 1.0,
    "bandwidth_per_accepted": 5.647058823529412,
    "bandwidth_per_correct_accepted": 5.731343283582089,
    "certified_accept_rate": 0.0,
    "correct_accepted_samples": 67.0,
    "coverage": 0.7395833333333334,
    "fpr95": 1.0,
    "goodput_per_bandwidth": 0.17447916666666666,
    "goodput_per_resource_cost": 0.17447916666666666,
    "harq_full_payload_sample_rate": 0.0,
    "harq_hit_max_refinements_rate": 0.5729166666666666,
    "harq_refined_sample_rate": 0.0,
    "open_semantic_outage": 0.014705882352941176,
    "open_semantic_risk": 0.3307395329641128,
    "open_set_f1": 0.0,
    "prediction_set_size": 0.75,
    "resource_cost_per_correct_accepted": 5.731343283582089,
    "risk_latency_product": 0.3307395329641128,
    "risk_per_joule": 0.0008613008670940438,
    "semantic_goodput": 0.17447916666666666,
    "semantic_outage": 0.09375,
    "total_bandwidth": 384.0,
    "total_compute": 384.0,
    "total_energy": 384.0,
    "total_harq_full_payload_rounds": 0.0,
    "total_harq_refinement_rounds": 0.0,
    "total_harq_transmissions": 384.0,
    "total_latency": 384.0,
    "total_power": 384.0,
    "total_repetitions": 384.0,
    "total_resource_cost": 384.0
  },
  "name": "closed-id_rorqual_clip_sionna_no_refinement_seed3_17325269_5",
  "regime": "closed-id",
  "samples": 20000,
  "seed": 3,
  "users": 4
}
{
  "calibration_samples": 640,
  "dataset_manifest": "/lustre10/scratch/nickyun/scratch/ahmed/opensemcomm/manifests/opensemcom_rorqual_clip.csv",
  "decisions": {
    "accept": 91,
    "reject/open": 293
  },
  "evaluated_samples": 384,
  "manifest_summary": {
    "indexed_rows": 0,
    "regimes": {
      "channel-open": 384,
      "class-open": 3264,
      "closed-id": 1024,
      "full-open": 3982,
      "resource-open": 384,
      "source-open": 704,
      "task-open": 1138
    },
    "rows": 10880,
    "splits": {
      "calibration": 640,
      "eval": 10240
    }
  },
  "metrics": {
    "accepted_samples": 91.0,
    "accuracy": 0.9036458333333334,
    "adaptation_harm_rate": 0.17391304347826086,
    "auroc_ood": 0.5,
    "avg_bandwidth": 1.0,
    "avg_compute": 1.0,
    "avg_energy": 3.0,
    "avg_harq_full_payload_rounds": 0.0,
    "avg_harq_refinement_rounds": 0.0,
    "avg_harq_transmissions": 1.0,
    "avg_latency": 3.0,
    "avg_power": 1.0,
    "avg_repetitions": 3.0,
    "avg_resource_cost": 1.8000000000000005,
    "bandwidth_per_accepted": 4.21978021978022,
    "bandwidth_per_correct_accepted": 4.21978021978022,
    "certified_accept_rate": 0.0,
    "correct_accepted_samples": 91.0,
    "coverage": 1.0,
    "fpr95": 1.0,
    "goodput_per_bandwidth": 0.23697916666666666,
    "goodput_per_resource_cost": 0.13165509259259256,
    "harq_full_payload_sample_rate": 0.0,
    "harq_hit_max_refinements_rate": 0.7630208333333334,
    "harq_refined_sample_rate": 0.0,
    "open_semantic_outage": 0.0,
    "open_semantic_risk": 0.2839062500000001,
    "open_set_f1": 0.0,
    "prediction_set_size": 2.5911458333333335,
    "resource_cost_per_correct_accepted": 7.595604395604397,
    "risk_latency_product": 0.8517187500000003,
    "risk_per_joule": 0.00024644639756944453,
    "semantic_goodput": 0.07899305555555555,
    "semantic_outage": 0.09635416666666667,
    "total_bandwidth": 384.0,
    "total_compute": 384.0,
    "total_energy": 1152.0,
    "total_harq_full_payload_rounds": 0.0,
    "total_harq_refinement_rounds": 0.0,
    "total_harq_transmissions": 384.0,
    "total_latency": 1152.0,
    "total_power": 384.0,
    "total_repetitions": 1152.0,
    "total_resource_cost": 691.2000000000002
  },
  "name": "channel-open_rorqual_clip_sionna_no_refinement_seed3_17325269_5",
  "regime": "channel-open",
  "samples": 20000,
  "seed": 3,
  "users": 4
}
{
  "calibration_samples": 640,
  "dataset_manifest": "/lustre10/scratch/nickyun/scratch/ahmed/opensemcomm/manifests/opensemcom_rorqual_clip.csv",
  "decisions": {
    "accept": 68,
    "reject/open": 1020
  },
  "evaluated_samples": 1088,
  "manifest_summary": {
    "indexed_rows": 0,
    "regimes": {
      "channel-open": 384,
      "class-open": 3264,
      "closed-id": 1024,
      "full-open": 3982,
      "resource-open": 384,
      "source-open": 704,
      "task-open": 1138
    },
    "rows": 10880,
    "splits": {
      "calibration": 640,
      "eval": 10240
    }
  },
  "metrics": {
    "accepted_samples": 68.0,
    "accuracy": 0.5266544117647058,
    "adaptation_harm_rate": 0.029850746268656716,
    "auroc_ood": 0.9922984730113636,
    "avg_bandwidth": 1.0,
    "avg_compute": 1.0,
    "avg_energy": 1.0,
    "avg_harq_full_payload_rounds": 0.0,
    "avg_harq_refinement_rounds": 0.0,
    "avg_harq_transmissions": 1.0,
    "avg_latency": 1.0,
    "avg_power": 1.0,
    "avg_repetitions": 1.0,
    "avg_resource_cost": 1.0,
    "bandwidth_per_accepted": 16.0,
    "bandwidth_per_correct_accepted": 16.238805970149254,
    "certified_accept_rate": 0.0,
    "correct_accepted_samples": 67.0,
    "coverage": 0.45496323529411764,
    "fpr95": 0.03125,
    "goodput_per_bandwidth": 0.06158088235294118,
    "goodput_per_resource_cost": 0.06158088235294118,
    "harq_full_payload_sample_rate": 0.0,
    "harq_hit_max_refinements_rate": 0.21875,
    "harq_refined_sample_rate": 0.0,
    "open_semantic_outage": 0.014705882352941176,
    "open_semantic_risk": 0.4132914030748863,
    "open_set_f1": 0.8717948717948718,
    "prediction_set_size": 0.7619485294117647,
    "resource_cost_per_correct_accepted": 16.238805970149254,
    "risk_latency_product": 0.4132914030748863,
    "risk_per_joule": 0.00037986342194382936,
    "semantic_goodput": 0.06158088235294118,
    "semantic_outage": 0.4733455882352941,
    "total_bandwidth": 1088.0,
    "total_compute": 1088.0,
    "total_energy": 1088.0,
    "total_harq_full_payload_rounds": 0.0,
    "total_harq_refinement_rounds": 0.0,
    "total_harq_transmissions": 1088.0,
    "total_latency": 1088.0,
    "total_power": 1088.0,
    "total_repetitions": 1088.0,
    "total_resource_cost": 1088.0
  },
  "name": "source-open_rorqual_clip_sionna_no_refinement_seed3_17325269_5",
  "regime": "source-open",
  "samples": 20000,
  "seed": 3,
  "users": 4
}
{
  "calibration_samples": 640,
  "dataset_manifest": "/lustre10/scratch/nickyun/scratch/ahmed/opensemcomm/manifests/opensemcom_rorqual_clip.csv",
  "decisions": {
    "accept": 68,
    "reject/open": 3580
  },
  "evaluated_samples": 3648,
  "manifest_summary": {
    "indexed_rows": 0,
    "regimes": {
      "channel-open": 384,
      "class-open": 3264,
      "closed-id": 1024,
      "full-open": 3982,
      "resource-open": 384,
      "source-open": 704,
      "task-open": 1138
    },
    "rows": 10880,
    "splits": {
      "calibration": 640,
      "eval": 10240
    }
  },
  "metrics": {
    "accepted_samples": 68.0,
    "accuracy": 0.09539473684210531,
    "adaptation_harm_rate": 0.039647577092511016,
    "auroc_ood": 0.9703863804636438,
    "avg_bandwidth": 1.0,
    "avg_compute": 1.0,
    "avg_energy": 1.0,
    "avg_harq_full_payload_rounds": 0.0,
    "avg_harq_refinement_rounds": 0.0,
    "avg_harq_transmissions": 1.0,
    "avg_latency": 1.0,
    "avg_power": 1.0,
    "avg_repetitions": 1.0,
    "avg_resource_cost": 1.0,
    "bandwidth_per_accepted": 53.64705882352941,
    "bandwidth_per_correct_accepted": 54.44776119402985,
    "certified_accept_rate": 0.0,
    "correct_accepted_samples": 67.0,
    "coverage": 0.07785087719298246,
    "fpr95": 0.19791666666666666,
    "goodput_per_bandwidth": 0.01836622807017544,
    "goodput_per_resource_cost": 0.01836622807017544,
    "harq_full_payload_sample_rate": 0.0,
    "harq_hit_max_refinements_rate": 0.15597587719298245,
    "harq_refined_sample_rate": 0.0,
    "open_semantic_outage": 0.014705882352941176,
    "open_semantic_risk": 0.7550624499343997,
    "open_set_f1": 0.7169811320754718,
    "prediction_set_size": 0.22478070175438597,
    "resource_cost_per_correct_accepted": 54.44776119402985,
    "risk_latency_product": 0.7550624499343997,
    "risk_per_joule": 0.00020697983824956133,
    "semantic_goodput": 0.01836622807017544,
    "semantic_outage": 0.9046052631578947,
    "total_bandwidth": 3648.0,
    "total_compute": 3648.0,
    "total_energy": 3648.0,
    "total_harq_full_payload_rounds": 0.0,
    "total_harq_refinement_rounds": 0.0,
    "total_harq_transmissions": 3648.0,
    "total_latency": 3648.0,
    "total_power": 3648.0,
    "total_repetitions": 3648.0,
    "total_resource_cost": 3648.0
  },
  "name": "class-open_rorqual_clip_sionna_no_refinement_seed3_17325269_5",
  "regime": "class-open",
  "samples": 20000,
  "seed": 3,
  "users": 4
}
{
  "calibration_samples": 640,
  "dataset_manifest": "/lustre10/scratch/nickyun/scratch/ahmed/opensemcomm/manifests/opensemcom_rorqual_clip.csv",
  "decisions": {
    "accept": 68,
    "reject/open": 1454
  },
  "evaluated_samples": 1522,
  "manifest_summary": {
    "indexed_rows": 0,
    "regimes": {
      "channel-open": 384,
      "class-open": 3264,
      "closed-id": 1024,
      "full-open": 3982,
      "resource-open": 384,
      "source-open": 704,
      "task-open": 1138
    },
    "rows": 10880,
    "splits": {
      "calibration": 640,
      "eval": 10240
    }
  },
  "metrics": {
    "accepted_samples": 68.0,
    "accuracy": 0.28515111695137974,
    "adaptation_harm_rate": 0.06315789473684211,
    "auroc_ood": 1.0,
    "avg_bandwidth": 1.0,
    "avg_compute": 1.0,
    "avg_energy": 1.0,
    "avg_harq_full_payload_rounds": 0.0,
    "avg_harq_refinement_rounds": 0.0,
    "avg_harq_transmissions": 1.0,
    "avg_latency": 1.0,
    "avg_power": 1.0,
    "avg_repetitions": 1.0,
    "avg_resource_cost": 1.0,
    "bandwidth_per_accepted": 22.38235294117647,
    "bandwidth_per_correct_accepted": 22.71641791044776,
    "certified_accept_rate": 0.0,
    "correct_accepted_samples": 67.0,
    "coverage": 0.2345597897503285,
    "fpr95": 0.0,
    "goodput_per_bandwidth": 0.04402102496714849,
    "goodput_per_resource_cost": 0.04402102496714849,
    "harq_full_payload_sample_rate": 0.0,
    "harq_hit_max_refinements_rate": 0.1445466491458607,
    "harq_refined_sample_rate": 0.0,
    "open_semantic_outage": 0.014705882352941176,
    "open_semantic_risk": 0.5494095731388815,
    "open_set_f1": 0.8014744602422327,
    "prediction_set_size": 0.8797634691195795,
    "resource_cost_per_correct_accepted": 22.71641791044776,
    "risk_latency_product": 0.5494095731388815,
    "risk_per_joule": 0.00036097869457219547,
    "semantic_goodput": 0.04402102496714849,
    "semantic_outage": 0.7148488830486203,
    "total_bandwidth": 1522.0,
    "total_compute": 1522.0,
    "total_energy": 1522.0,
    "total_harq_full_payload_rounds": 0.0,
    "total_harq_refinement_rounds": 0.0,
    "total_harq_transmissions": 1522.0,
    "total_latency": 1522.0,
    "total_power": 1522.0,
    "total_repetitions": 1522.0,
    "total_resource_cost": 1522.0
  },
  "name": "task-open_rorqual_clip_sionna_no_refinement_seed3_17325269_5",
  "regime": "task-open",
  "samples": 20000,
  "seed": 3,
  "users": 4
}
{
  "calibration_samples": 640,
  "dataset_manifest": "/lustre10/scratch/nickyun/scratch/ahmed/opensemcomm/manifests/opensemcom_rorqual_clip.csv",
  "decisions": {
    "accept": 68,
    "reject/open": 316
  },
  "evaluated_samples": 384,
  "manifest_summary": {
    "indexed_rows": 0,
    "regimes": {
      "channel-open": 384,
      "class-open": 3264,
      "closed-id": 1024,
      "full-open": 3982,
      "resource-open": 384,
      "source-open": 704,
      "task-open": 1138
    },
    "rows": 10880,
    "splits": {
      "calibration": 640,
      "eval": 10240
    }
  },
  "metrics": {
    "accepted_samples": 68.0,
    "accuracy": 0.90625,
    "adaptation_harm_rate": 0.08695652173913043,
    "auroc_ood": 0.5,
    "avg_bandwidth": 1.0,
    "avg_compute": 1.0,
    "avg_energy": 1.0,
    "avg_harq_full_payload_rounds": 0.0,
    "avg_harq_refinement_rounds": 0.0,
    "avg_harq_transmissions": 1.0,
    "avg_latency": 1.0,
    "avg_power": 1.0,
    "avg_repetitions": 1.0,
    "avg_resource_cost": 1.0,
    "bandwidth_per_accepted": 5.647058823529412,
    "bandwidth_per_correct_accepted": 5.731343283582089,
    "certified_accept_rate": 0.0,
    "correct_accepted_samples": 67.0,
    "coverage": 0.7395833333333334,
    "fpr95": 1.0,
    "goodput_per_bandwidth": 0.17447916666666666,
    "goodput_per_resource_cost": 0.17447916666666666,
    "harq_full_payload_sample_rate": 0.0,
    "harq_hit_max_refinements_rate": 0.5729166666666666,
    "harq_refined_sample_rate": 0.0,
    "open_semantic_outage": 0.014705882352941176,
    "open_semantic_risk": 0.3307395329641128,
    "open_set_f1": 0.0,
    "prediction_set_size": 0.75,
    "resource_cost_per_correct_accepted": 5.731343283582089,
    "risk_latency_product": 0.3307395329641128,
    "risk_per_joule": 0.0008613008670940438,
    "semantic_goodput": 0.17447916666666666,
    "semantic_outage": 0.09375,
    "total_bandwidth": 384.0,
    "total_compute": 384.0,
    "total_energy": 384.0,
    "total_harq_full_payload_rounds": 0.0,
    "total_harq_refinement_rounds": 0.0,
    "total_harq_transmissions": 384.0,
    "total_latency": 384.0,
    "total_power": 384.0,
    "total_repetitions": 384.0,
    "total_resource_cost": 384.0
  },
  "name": "resource-open_rorqual_clip_sionna_no_refinement_seed3_17325269_5",
  "regime": "resource-open",
  "samples": 20000,
  "seed": 3,
  "users": 4
}
{
  "calibration_samples": 640,
  "dataset_manifest": "/lustre10/scratch/nickyun/scratch/ahmed/opensemcomm/manifests/opensemcom_rorqual_clip.csv",
  "decisions": {
    "accept": 68,
    "reject/open": 3914
  },
  "evaluated_samples": 3982,
  "manifest_summary": {
    "indexed_rows": 0,
    "regimes": {
      "channel-open": 384,
      "class-open": 3264,
      "closed-id": 1024,
      "full-open": 3982,
      "resource-open": 384,
      "source-open": 704,
      "task-open": 1138
    },
    "rows": 10880,
    "splits": {
      "calibration": 640,
      "eval": 10240
    }
  },
  "metrics": {
    "accepted_samples": 68.0,
    "accuracy": 0.09116022099447518,
    "adaptation_harm_rate": 0.13306451612903225,
    "auroc_ood": 0.970419040670743,
    "avg_bandwidth": 1.0,
    "avg_compute": 1.0,
    "avg_energy": 3.0,
    "avg_harq_full_payload_rounds": 0.0,
    "avg_harq_refinement_rounds": 0.0,
    "avg_harq_transmissions": 1.0,
    "avg_latency": 3.0,
    "avg_power": 1.0,
    "avg_repetitions": 3.0,
    "avg_resource_cost": 1.8000000000000003,
    "bandwidth_per_accepted": 58.55882352941177,
    "bandwidth_per_correct_accepted": 59.43283582089552,
    "certified_accept_rate": 0.0,
    "correct_accepted_samples": 67.0,
    "coverage": 0.07157207433450527,
    "fpr95": 0.19791666666666666,
    "goodput_per_bandwidth": 0.016825715720743345,
    "goodput_per_resource_cost": 0.009347619844857413,
    "harq_full_payload_sample_rate": 0.0,
    "harq_hit_max_refinements_rate": 0.14942240080361627,
    "harq_refined_sample_rate": 0.0,
    "open_semantic_outage": 0.014705882352941176,
    "open_semantic_risk": 0.8922937352738582,
    "open_set_f1": 0.7124709250313115,
    "prediction_set_size": 0.2491210447011552,
    "resource_cost_per_correct_accepted": 106.97910447761195,
    "risk_latency_product": 2.6768812058215747,
    "risk_per_joule": 7.469393397571222e-05,
    "semantic_goodput": 0.005608571906914449,
    "semantic_outage": 0.9088397790055248,
    "total_bandwidth": 3982.0,
    "total_compute": 3982.0,
    "total_energy": 11946.0,
    "total_harq_full_payload_rounds": 0.0,
    "total_harq_refinement_rounds": 0.0,
    "total_harq_transmissions": 3982.0,
    "total_latency": 11946.0,
    "total_power": 3982.0,
    "total_repetitions": 11946.0,
    "total_resource_cost": 7167.600000000001
  },
  "name": "full-open_rorqual_clip_sionna_no_refinement_seed3_17325269_5",
  "regime": "full-open",
  "samples": 20000,
  "seed": 3,
  "users": 4
}
{
  "rows": 7,
  "csv": "/lustre10/scratch/nickyun/scratch/ahmed/opensemcomm/runs/rorqual_clip_sionna_no_refinement_seed3_results_17325269_5.csv",
  "json": "/lustre10/scratch/nickyun/scratch/ahmed/opensemcomm/runs/rorqual_clip_sionna_no_refinement_seed3_results_17325269_5.json"
}
