{'sionna': '2.0.1', 'torch': '2.13.0', 'cuda_available': True}
{
  "indexed_rows": 0,
  "regimes": {
    "channel-open": 384,
    "class-open": 3264,
    "closed-id": 1024,
    "full-open": 3982,
    "resource-open": 384,
    "source-open": 704,
    "task-open": 1138
  },
  "rows": 10880,
  "splits": {
    "calibration": 640,
    "eval": 10240
  }
}
{
  "calibration_samples": 640,
  "dataset_manifest": "/lustre10/scratch/nickyun/scratch/ahmed/opensemcomm/manifests/opensemcom_rorqual_clip.csv",
  "decisions": {
    "accept": 78,
    "reject/open": 306
  },
  "evaluated_samples": 384,
  "manifest_summary": {
    "indexed_rows": 0,
    "regimes": {
      "channel-open": 384,
      "class-open": 3264,
      "closed-id": 1024,
      "full-open": 3982,
      "resource-open": 384,
      "source-open": 704,
      "task-open": 1138
    },
    "rows": 10880,
    "splits": {
      "calibration": 640,
      "eval": 10240
    }
  },
  "metrics": {
    "accepted_samples": 78.0,
    "accuracy": 0.9114583333333334,
    "adaptation_harm_rate": 0.08695652173913043,
    "auroc_ood": 0.5,
    "avg_bandwidth": 1.0,
    "avg_compute": 1.0,
    "avg_energy": 1.0,
    "avg_harq_full_payload_rounds": 0.0,
    "avg_harq_refinement_rounds": 0.0,
    "avg_harq_transmissions": 1.0,
    "avg_latency": 1.0,
    "avg_power": 1.0,
    "avg_repetitions": 1.0,
    "avg_resource_cost": 1.0,
    "bandwidth_per_accepted": 4.923076923076923,
    "bandwidth_per_correct_accepted": 4.987012987012987,
    "certified_accept_rate": 0.0,
    "correct_accepted_samples": 77.0,
    "coverage": 0.7552083333333334,
    "fpr95": 1.0,
    "goodput_per_bandwidth": 0.20052083333333334,
    "goodput_per_resource_cost": 0.20052083333333334,
    "harq_full_payload_sample_rate": 0.0,
    "harq_hit_max_refinements_rate": 0.5625,
    "harq_refined_sample_rate": 0.0,
    "open_semantic_outage": 0.01282051282051282,
    "open_semantic_risk": 0.3047775121628647,
    "open_set_f1": 0.0,
    "prediction_set_size": 0.765625,
    "resource_cost_per_correct_accepted": 4.987012987012987,
    "risk_latency_product": 0.3047775121628647,
    "risk_per_joule": 0.0007936914379241268,
    "semantic_goodput": 0.20052083333333334,
    "semantic_outage": 0.08854166666666667,
    "total_bandwidth": 384.0,
    "total_compute": 384.0,
    "total_energy": 384.0,
    "total_harq_full_payload_rounds": 0.0,
    "total_harq_refinement_rounds": 0.0,
    "total_harq_transmissions": 384.0,
    "total_latency": 384.0,
    "total_power": 384.0,
    "total_repetitions": 384.0,
    "total_resource_cost": 384.0
  },
  "name": "closed-id_rorqual_clip_sionna_no_refinement_seed1_17325269_1",
  "regime": "closed-id",
  "samples": 20000,
  "seed": 1,
  "users": 4
}
{
  "calibration_samples": 640,
  "dataset_manifest": "/lustre10/scratch/nickyun/scratch/ahmed/opensemcomm/manifests/opensemcom_rorqual_clip.csv",
  "decisions": {
    "accept": 110,
    "reject/open": 274
  },
  "evaluated_samples": 384,
  "manifest_summary": {
    "indexed_rows": 0,
    "regimes": {
      "channel-open": 384,
      "class-open": 3264,
      "closed-id": 1024,
      "full-open": 3982,
      "resource-open": 384,
      "source-open": 704,
      "task-open": 1138
    },
    "rows": 10880,
    "splits": {
      "calibration": 640,
      "eval": 10240
    }
  },
  "metrics": {
    "accepted_samples": 110.0,
    "accuracy": 0.9192708333333334,
    "adaptation_harm_rate": 0.17391304347826086,
    "auroc_ood": 0.5,
    "avg_bandwidth": 1.0,
    "avg_compute": 1.0,
    "avg_energy": 3.0,
    "avg_harq_full_payload_rounds": 0.0,
    "avg_harq_refinement_rounds": 0.0,
    "avg_harq_transmissions": 1.0,
    "avg_latency": 3.0,
    "avg_power": 1.0,
    "avg_repetitions": 3.0,
    "avg_resource_cost": 1.8000000000000005,
    "bandwidth_per_accepted": 3.4909090909090907,
    "bandwidth_per_correct_accepted": 3.4909090909090907,
    "certified_accept_rate": 0.0,
    "correct_accepted_samples": 110.0,
    "coverage": 0.9427083333333334,
    "fpr95": 1.0,
    "goodput_per_bandwidth": 0.2864583333333333,
    "goodput_per_resource_cost": 0.1591435185185185,
    "harq_full_payload_sample_rate": 0.0,
    "harq_hit_max_refinements_rate": 0.7135416666666666,
    "harq_refined_sample_rate": 0.0,
    "open_semantic_outage": 0.0,
    "open_semantic_risk": 0.2287730031252361,
    "open_set_f1": 0.0,
    "prediction_set_size": 1.0729166666666667,
    "resource_cost_per_correct_accepted": 6.283636363636365,
    "risk_latency_product": 0.6863190093757083,
    "risk_per_joule": 0.00019858767632398967,
    "semantic_goodput": 0.0954861111111111,
    "semantic_outage": 0.08072916666666667,
    "total_bandwidth": 384.0,
    "total_compute": 384.0,
    "total_energy": 1152.0,
    "total_harq_full_payload_rounds": 0.0,
    "total_harq_refinement_rounds": 0.0,
    "total_harq_transmissions": 384.0,
    "total_latency": 1152.0,
    "total_power": 384.0,
    "total_repetitions": 1152.0,
    "total_resource_cost": 691.2000000000002
  },
  "name": "channel-open_rorqual_clip_sionna_no_refinement_seed1_17325269_1",
  "regime": "channel-open",
  "samples": 20000,
  "seed": 1,
  "users": 4
}
{
  "calibration_samples": 640,
  "dataset_manifest": "/lustre10/scratch/nickyun/scratch/ahmed/opensemcomm/manifests/opensemcom_rorqual_clip.csv",
  "decisions": {
    "accept": 78,
    "reject/open": 1010
  },
  "evaluated_samples": 1088,
  "manifest_summary": {
    "indexed_rows": 0,
    "regimes": {
      "channel-open": 384,
      "class-open": 3264,
      "closed-id": 1024,
      "full-open": 3982,
      "resource-open": 384,
      "source-open": 704,
      "task-open": 1138
    },
    "rows": 10880,
    "splits": {
      "calibration": 640,
      "eval": 10240
    }
  },
  "metrics": {
    "accepted_samples": 78.0,
    "accuracy": 0.34191176470588236,
    "adaptation_harm_rate": 0.2537313432835821,
    "auroc_ood": 0.9928903290719697,
    "avg_bandwidth": 1.0,
    "avg_compute": 1.0,
    "avg_energy": 1.0,
    "avg_harq_full_payload_rounds": 0.0,
    "avg_harq_refinement_rounds": 0.0,
    "avg_harq_transmissions": 1.0,
    "avg_latency": 1.0,
    "avg_power": 1.0,
    "avg_repetitions": 1.0,
    "avg_resource_cost": 1.0,
    "bandwidth_per_accepted": 13.948717948717949,
    "bandwidth_per_correct_accepted": 14.12987012987013,
    "certified_accept_rate": 0.0,
    "correct_accepted_samples": 77.0,
    "coverage": 0.2665441176470588,
    "fpr95": 0.03125,
    "goodput_per_bandwidth": 0.07077205882352941,
    "goodput_per_resource_cost": 0.07077205882352941,
    "harq_full_payload_sample_rate": 0.0,
    "harq_hit_max_refinements_rate": 0.21231617647058823,
    "harq_refined_sample_rate": 0.0,
    "open_semantic_outage": 0.01282051282051282,
    "open_semantic_risk": 0.4827730970616533,
    "open_set_f1": 0.8717948717948718,
    "prediction_set_size": 0.6636029411764706,
    "resource_cost_per_correct_accepted": 14.12987012987013,
    "risk_latency_product": 0.4827730970616533,
    "risk_per_joule": 0.0004437252730346078,
    "semantic_goodput": 0.07077205882352941,
    "semantic_outage": 0.6580882352941176,
    "total_bandwidth": 1088.0,
    "total_compute": 1088.0,
    "total_energy": 1088.0,
    "total_harq_full_payload_rounds": 0.0,
    "total_harq_refinement_rounds": 0.0,
    "total_harq_transmissions": 1088.0,
    "total_latency": 1088.0,
    "total_power": 1088.0,
    "total_repetitions": 1088.0,
    "total_resource_cost": 1088.0
  },
  "name": "source-open_rorqual_clip_sionna_no_refinement_seed1_17325269_1",
  "regime": "source-open",
  "samples": 20000,
  "seed": 1,
  "users": 4
}
{
  "calibration_samples": 640,
  "dataset_manifest": "/lustre10/scratch/nickyun/scratch/ahmed/opensemcomm/manifests/opensemcom_rorqual_clip.csv",
  "decisions": {
    "accept": 78,
    "reject/open": 3570
  },
  "evaluated_samples": 3648,
  "manifest_summary": {
    "indexed_rows": 0,
    "regimes": {
      "channel-open": 384,
      "class-open": 3264,
      "closed-id": 1024,
      "full-open": 3982,
      "resource-open": 384,
      "source-open": 704,
      "task-open": 1138
    },
    "rows": 10880,
    "splits": {
      "calibration": 640,
      "eval": 10240
    }
  },
  "metrics": {
    "accepted_samples": 78.0,
    "accuracy": 0.0959429824561403,
    "adaptation_harm_rate": 0.02643171806167401,
    "auroc_ood": 0.9723036024305556,
    "avg_bandwidth": 1.0,
    "avg_compute": 1.0,
    "avg_energy": 1.0,
    "avg_harq_full_payload_rounds": 0.0,
    "avg_harq_refinement_rounds": 0.0,
    "avg_harq_transmissions": 1.0,
    "avg_latency": 1.0,
    "avg_power": 1.0,
    "avg_repetitions": 1.0,
    "avg_resource_cost": 1.0,
    "bandwidth_per_accepted": 46.76923076923077,
    "bandwidth_per_correct_accepted": 47.37662337662338,
    "certified_accept_rate": 0.0,
    "correct_accepted_samples": 77.0,
    "coverage": 0.07949561403508772,
    "fpr95": 0.16145833333333334,
    "goodput_per_bandwidth": 0.021107456140350877,
    "goodput_per_resource_cost": 0.021107456140350877,
    "harq_full_payload_sample_rate": 0.0,
    "harq_hit_max_refinements_rate": 0.1669407894736842,
    "harq_refined_sample_rate": 0.0,
    "open_semantic_outage": 0.01282051282051282,
    "open_semantic_risk": 0.7482175541007903,
    "open_set_f1": 0.7165880503144654,
    "prediction_set_size": 0.23656798245614036,
    "resource_cost_per_correct_accepted": 47.37662337662338,
    "risk_latency_product": 0.7482175541007903,
    "risk_per_joule": 0.00020510349618990963,
    "semantic_goodput": 0.021107456140350877,
    "semantic_outage": 0.9040570175438597,
    "total_bandwidth": 3648.0,
    "total_compute": 3648.0,
    "total_energy": 3648.0,
    "total_harq_full_payload_rounds": 0.0,
    "total_harq_refinement_rounds": 0.0,
    "total_harq_transmissions": 3648.0,
    "total_latency": 3648.0,
    "total_power": 3648.0,
    "total_repetitions": 3648.0,
    "total_resource_cost": 3648.0
  },
  "name": "class-open_rorqual_clip_sionna_no_refinement_seed1_17325269_1",
  "regime": "class-open",
  "samples": 20000,
  "seed": 1,
  "users": 4
}
{
  "calibration_samples": 640,
  "dataset_manifest": "/lustre10/scratch/nickyun/scratch/ahmed/opensemcomm/manifests/opensemcom_rorqual_clip.csv",
  "decisions": {
    "accept": 78,
    "reject/open": 1444
  },
  "evaluated_samples": 1522,
  "manifest_summary": {
    "indexed_rows": 0,
    "regimes": {
      "channel-open": 384,
      "class-open": 3264,
      "closed-id": 1024,
      "full-open": 3982,
      "resource-open": 384,
      "source-open": 704,
      "task-open": 1138
    },
    "rows": 10880,
    "splits": {
      "calibration": 640,
      "eval": 10240
    }
  },
  "metrics": {
    "accepted_samples": 78.0,
    "accuracy": 0.28909329829172137,
    "adaptation_harm_rate": 0.25263157894736843,
    "auroc_ood": 1.0,
    "avg_bandwidth": 1.0,
    "avg_compute": 1.0,
    "avg_energy": 1.0,
    "avg_harq_full_payload_rounds": 0.0,
    "avg_harq_refinement_rounds": 0.0,
    "avg_harq_transmissions": 1.0,
    "avg_latency": 1.0,
    "avg_power": 1.0,
    "avg_repetitions": 1.0,
    "avg_resource_cost": 1.0,
    "bandwidth_per_accepted": 19.512820512820515,
    "bandwidth_per_correct_accepted": 19.766233766233768,
    "certified_accept_rate": 0.0,
    "correct_accepted_samples": 77.0,
    "coverage": 0.23061760840998685,
    "fpr95": 0.0,
    "goodput_per_bandwidth": 0.05059132720105125,
    "goodput_per_resource_cost": 0.05059132720105125,
    "harq_full_payload_sample_rate": 0.0,
    "harq_hit_max_refinements_rate": 0.14191852825229961,
    "harq_refined_sample_rate": 0.0,
    "open_semantic_outage": 0.01282051282051282,
    "open_semantic_risk": 0.552197771644652,
    "open_set_f1": 0.8014744602422327,
    "prediction_set_size": 0.4559789750328515,
    "resource_cost_per_correct_accepted": 19.766233766233768,
    "risk_latency_product": 0.552197771644652,
    "risk_per_joule": 0.0003628106252592983,
    "semantic_goodput": 0.05059132720105125,
    "semantic_outage": 0.7109067017082786,
    "total_bandwidth": 1522.0,
    "total_compute": 1522.0,
    "total_energy": 1522.0,
    "total_harq_full_payload_rounds": 0.0,
    "total_harq_refinement_rounds": 0.0,
    "total_harq_transmissions": 1522.0,
    "total_latency": 1522.0,
    "total_power": 1522.0,
    "total_repetitions": 1522.0,
    "total_resource_cost": 1522.0
  },
  "name": "task-open_rorqual_clip_sionna_no_refinement_seed1_17325269_1",
  "regime": "task-open",
  "samples": 20000,
  "seed": 1,
  "users": 4
}
{
  "calibration_samples": 640,
  "dataset_manifest": "/lustre10/scratch/nickyun/scratch/ahmed/opensemcomm/manifests/opensemcom_rorqual_clip.csv",
  "decisions": {
    "accept": 78,
    "reject/open": 306
  },
  "evaluated_samples": 384,
  "manifest_summary": {
    "indexed_rows": 0,
    "regimes": {
      "channel-open": 384,
      "class-open": 3264,
      "closed-id": 1024,
      "full-open": 3982,
      "resource-open": 384,
      "source-open": 704,
      "task-open": 1138
    },
    "rows": 10880,
    "splits": {
      "calibration": 640,
      "eval": 10240
    }
  },
  "metrics": {
    "accepted_samples": 78.0,
    "accuracy": 0.9114583333333334,
    "adaptation_harm_rate": 0.08695652173913043,
    "auroc_ood": 0.5,
    "avg_bandwidth": 1.0,
    "avg_compute": 1.0,
    "avg_energy": 1.0,
    "avg_harq_full_payload_rounds": 0.0,
    "avg_harq_refinement_rounds": 0.0,
    "avg_harq_transmissions": 1.0,
    "avg_latency": 1.0,
    "avg_power": 1.0,
    "avg_repetitions": 1.0,
    "avg_resource_cost": 1.0,
    "bandwidth_per_accepted": 4.923076923076923,
    "bandwidth_per_correct_accepted": 4.987012987012987,
    "certified_accept_rate": 0.0,
    "correct_accepted_samples": 77.0,
    "coverage": 0.7552083333333334,
    "fpr95": 1.0,
    "goodput_per_bandwidth": 0.20052083333333334,
    "goodput_per_resource_cost": 0.20052083333333334,
    "harq_full_payload_sample_rate": 0.0,
    "harq_hit_max_refinements_rate": 0.5625,
    "harq_refined_sample_rate": 0.0,
    "open_semantic_outage": 0.01282051282051282,
    "open_semantic_risk": 0.3047775121628647,
    "open_set_f1": 0.0,
    "prediction_set_size": 0.765625,
    "resource_cost_per_correct_accepted": 4.987012987012987,
    "risk_latency_product": 0.3047775121628647,
    "risk_per_joule": 0.0007936914379241268,
    "semantic_goodput": 0.20052083333333334,
    "semantic_outage": 0.08854166666666667,
    "total_bandwidth": 384.0,
    "total_compute": 384.0,
    "total_energy": 384.0,
    "total_harq_full_payload_rounds": 0.0,
    "total_harq_refinement_rounds": 0.0,
    "total_harq_transmissions": 384.0,
    "total_latency": 384.0,
    "total_power": 384.0,
    "total_repetitions": 384.0,
    "total_resource_cost": 384.0
  },
  "name": "resource-open_rorqual_clip_sionna_no_refinement_seed1_17325269_1",
  "regime": "resource-open",
  "samples": 20000,
  "seed": 1,
  "users": 4
}
{
  "calibration_samples": 640,
  "dataset_manifest": "/lustre10/scratch/nickyun/scratch/ahmed/opensemcomm/manifests/opensemcom_rorqual_clip.csv",
  "decisions": {
    "accept": 72,
    "reject/open": 3910
  },
  "evaluated_samples": 3982,
  "manifest_summary": {
    "indexed_rows": 0,
    "regimes": {
      "channel-open": 384,
      "class-open": 3264,
      "closed-id": 1024,
      "full-open": 3982,
      "resource-open": 384,
      "source-open": 704,
      "task-open": 1138
    },
    "rows": 10880,
    "splits": {
      "calibration": 640,
      "eval": 10240
    }
  },
  "metrics": {
    "accepted_samples": 72.0,
    "accuracy": 0.09316926167754902,
    "adaptation_harm_rate": 0.14516129032258066,
    "auroc_ood": 0.9723761464702613,
    "avg_bandwidth": 1.0,
    "avg_compute": 1.0,
    "avg_energy": 3.0,
    "avg_harq_full_payload_rounds": 0.0,
    "avg_harq_refinement_rounds": 0.0,
    "avg_harq_transmissions": 1.0,
    "avg_latency": 3.0,
    "avg_power": 1.0,
    "avg_repetitions": 3.0,
    "avg_resource_cost": 1.8000000000000003,
    "bandwidth_per_accepted": 55.30555555555556,
    "bandwidth_per_correct_accepted": 56.08450704225352,
    "certified_accept_rate": 0.0,
    "correct_accepted_samples": 71.0,
    "coverage": 0.07232546459065796,
    "fpr95": 0.16666666666666666,
    "goodput_per_bandwidth": 0.01783023606228026,
    "goodput_per_resource_cost": 0.00990568670126681,
    "harq_full_payload_sample_rate": 0.0,
    "harq_hit_max_refinements_rate": 0.16022099447513813,
    "harq_refined_sample_rate": 0.0,
    "open_semantic_outage": 0.013888888888888888,
    "open_semantic_risk": 0.8902318539917078,
    "open_set_f1": 0.7121130792628377,
    "prediction_set_size": 0.2513812154696133,
    "resource_cost_per_correct_accepted": 100.95211267605636,
    "risk_latency_product": 2.6706955619751236,
    "risk_per_joule": 7.452133383489937e-05,
    "semantic_goodput": 0.005943412020760087,
    "semantic_outage": 0.906830738322451,
    "total_bandwidth": 3982.0,
    "total_compute": 3982.0,
    "total_energy": 11946.0,
    "total_harq_full_payload_rounds": 0.0,
    "total_harq_refinement_rounds": 0.0,
    "total_harq_transmissions": 3982.0,
    "total_latency": 11946.0,
    "total_power": 3982.0,
    "total_repetitions": 11946.0,
    "total_resource_cost": 7167.600000000001
  },
  "name": "full-open_rorqual_clip_sionna_no_refinement_seed1_17325269_1",
  "regime": "full-open",
  "samples": 20000,
  "seed": 1,
  "users": 4
}
{
  "rows": 7,
  "csv": "/lustre10/scratch/nickyun/scratch/ahmed/opensemcomm/runs/rorqual_clip_sionna_no_refinement_seed1_results_17325269_1.csv",
  "json": "/lustre10/scratch/nickyun/scratch/ahmed/opensemcomm/runs/rorqual_clip_sionna_no_refinement_seed1_results_17325269_1.json"
}
