{
  "indexed_rows": 0,
  "regimes": {
    "channel-open": 384,
    "class-open": 3264,
    "closed-id": 1024,
    "full-open": 3982,
    "resource-open": 384,
    "source-open": 704,
    "task-open": 1138
  },
  "rows": 10880,
  "splits": {
    "calibration": 640,
    "eval": 10240
  }
}
CALIB_DEBUG {'q_accept': 0.3241907791699994, 'q_refine': 0.3741907791699994, 'conformal_nonconformity_threshold': 0.01992557799567951, 'conformal_probability_cutoff': 0.9800744220043205, 'risk_q': [0.31745010829895975, 0.32097687184545376, 0.32265848116030715, 0.32448769209199324, 0.3271441951504267, 0.33422113533062997, 0.3480930190016305, 0.41802628205545633], 'correct_risk_q': [0.31745010829895975, 0.32097687184545376, 0.32265848116030715, 0.32448769209199324, 0.3271441951504267, 0.33422113533062997, 0.3480930190016305, 0.41802628205545633], 'open_risk_q': []}
{
  "calibration_samples": 256,
  "dataset_manifest": "/lustre10/scratch/nickyun/scratch/ahmed/opensemcomm/manifests/opensemcom_rorqual_clip.csv",
  "decisions": {
    "reject/open": 384
  },
  "evaluated_samples": 384,
  "manifest_summary": {
    "indexed_rows": 0,
    "regimes": {
      "channel-open": 384,
      "class-open": 3264,
      "closed-id": 1024,
      "full-open": 3982,
      "resource-open": 384,
      "source-open": 704,
      "task-open": 1138
    },
    "rows": 10880,
    "splits": {
      "calibration": 640,
      "eval": 10240
    }
  },
  "metrics": {
    "accepted_samples": 0.0,
    "accuracy": 0.9010416666666666,
    "adaptation_harm_rate": 0.0,
    "auroc_ood": 0.5,
    "avg_bandwidth": 1.39999999999999,
    "avg_compute": 1.7992187499999945,
    "avg_energy": 5.086718749999988,
    "avg_harq_full_payload_rounds": 2.9921875,
    "avg_harq_refinement_rounds": 1.9921875,
    "avg_harq_transmissions": 2.9921875,
    "avg_latency": 5.385937500000011,
    "avg_power": 1.998046875,
    "avg_repetitions": 2.9921875,
    "avg_resource_cost": 3.143925781250001,
    "bandwidth_per_accepted": 0.0,
    "bandwidth_per_correct_accepted": 0.0,
    "certified_accept_rate": 0.0,
    "correct_accepted_samples": 0.0,
    "coverage": 0.6432291666666666,
    "fpr95": 1.0,
    "goodput_per_bandwidth": 0.0,
    "goodput_per_resource_cost": 0.0,
    "harq_full_payload_sample_rate": 1.0,
    "harq_hit_max_refinements_rate": 0.6458333333333334,
    "harq_refined_sample_rate": 0.6822916666666666,
    "open_semantic_outage": 0.0,
    "open_semantic_risk": 0.624734821147681,
    "open_set_f1": 0.0,
    "prediction_set_size": 0.6458333333333334,
    "resource_cost_per_correct_accepted": 0.0,
    "risk_latency_product": 3.3647827007750952,
    "risk_per_joule": 0.0003198355711604375,
    "semantic_goodput": 0.0,
    "semantic_outage": 0.09895833333333333,
    "total_bandwidth": 537.5999999999962,
    "total_compute": 690.8999999999979,
    "total_energy": 1953.2999999999952,
    "total_harq_full_payload_rounds": 1149.0,
    "total_harq_refinement_rounds": 765.0,
    "total_harq_transmissions": 1149.0,
    "total_latency": 2068.2000000000044,
    "total_power": 767.25,
    "total_repetitions": 1149.0,
    "total_resource_cost": 1207.2675000000004
  },
  "name": "closed_id_clip_debug_16822318",
  "regime": "closed-id",
  "samples": 384,
  "seed": 0,
  "users": 4
}
EVAL_DEBUG {'n': 384, 'risk_q': [0.3166129351748627, 0.32034568524360335, 0.3217861779619415, 0.32510468822796024, 0.3488238997321692, 0.42846511260926395, 0.46357995343336383, 0.5603980974621383], 'confidence_q': [0.2923109625824235, 0.7038062811093153, 0.9497788881153941, 0.9973885257676786, 0.9996261201214851, 0.9998782172603375, 0.9999288868688209, 0.9999950461300764], 'prediction_set_sizes': {0: 136, 1: 248}, 'decisions': {'reject/open': 384}}
