{'sionna': '2.0.1', 'torch': '2.13.0', 'cuda_available': True}
{
  "indexed_rows": 0,
  "regimes": {
    "channel-open": 384,
    "class-open": 3264,
    "closed-id": 1024,
    "full-open": 3982,
    "resource-open": 384,
    "source-open": 704,
    "task-open": 1138
  },
  "rows": 10880,
  "splits": {
    "calibration": 640,
    "eval": 10240
  }
}
{
  "calibration_samples": 640,
  "dataset_manifest": "/lustre10/scratch/nickyun/scratch/ahmed/opensemcomm/manifests/opensemcom_rorqual_clip.csv",
  "decisions": {
    "accept": 75,
    "reject/open": 309
  },
  "evaluated_samples": 384,
  "manifest_summary": {
    "indexed_rows": 0,
    "regimes": {
      "channel-open": 384,
      "class-open": 3264,
      "closed-id": 1024,
      "full-open": 3982,
      "resource-open": 384,
      "source-open": 704,
      "task-open": 1138
    },
    "rows": 10880,
    "splits": {
      "calibration": 640,
      "eval": 10240
    }
  },
  "metrics": {
    "accepted_samples": 75.0,
    "accuracy": 0.90625,
    "adaptation_harm_rate": 0.0,
    "auroc_ood": 0.5,
    "avg_bandwidth": 1.0,
    "avg_compute": 1.0,
    "avg_energy": 1.0,
    "avg_harq_full_payload_rounds": 0.0,
    "avg_harq_refinement_rounds": 0.0,
    "avg_harq_transmissions": 1.0,
    "avg_latency": 1.0,
    "avg_power": 1.0,
    "avg_repetitions": 1.0,
    "avg_resource_cost": 1.0,
    "bandwidth_per_accepted": 5.12,
    "bandwidth_per_correct_accepted": 5.1891891891891895,
    "certified_accept_rate": 0.0,
    "correct_accepted_samples": 74.0,
    "coverage": 0.7395833333333334,
    "fpr95": 1.0,
    "goodput_per_bandwidth": 0.19270833333333334,
    "goodput_per_resource_cost": 0.19270833333333334,
    "harq_full_payload_sample_rate": 0.0,
    "harq_hit_max_refinements_rate": 0.5494791666666666,
    "harq_refined_sample_rate": 0.0,
    "open_semantic_outage": 0.013333333333333334,
    "open_semantic_risk": 0.3112046257084416,
    "open_set_f1": 0.0,
    "prediction_set_size": 0.7447916666666666,
    "resource_cost_per_correct_accepted": 5.1891891891891895,
    "risk_latency_product": 0.3112046257084416,
    "risk_per_joule": 0.0008104287127824,
    "semantic_goodput": 0.19270833333333334,
    "semantic_outage": 0.09375,
    "total_bandwidth": 384.0,
    "total_compute": 384.0,
    "total_energy": 384.0,
    "total_harq_full_payload_rounds": 0.0,
    "total_harq_refinement_rounds": 0.0,
    "total_harq_transmissions": 384.0,
    "total_latency": 384.0,
    "total_power": 384.0,
    "total_repetitions": 384.0,
    "total_resource_cost": 384.0
  },
  "name": "closed-id_rorqual_clip_sionna_no_refinement_seed2_17325269_3",
  "regime": "closed-id",
  "samples": 20000,
  "seed": 2,
  "users": 4
}
{
  "calibration_samples": 640,
  "dataset_manifest": "/lustre10/scratch/nickyun/scratch/ahmed/opensemcomm/manifests/opensemcom_rorqual_clip.csv",
  "decisions": {
    "accept": 104,
    "reject/open": 280
  },
  "evaluated_samples": 384,
  "manifest_summary": {
    "indexed_rows": 0,
    "regimes": {
      "channel-open": 384,
      "class-open": 3264,
      "closed-id": 1024,
      "full-open": 3982,
      "resource-open": 384,
      "source-open": 704,
      "task-open": 1138
    },
    "rows": 10880,
    "splits": {
      "calibration": 640,
      "eval": 10240
    }
  },
  "metrics": {
    "accepted_samples": 104.0,
    "accuracy": 0.921875,
    "adaptation_harm_rate": 0.17391304347826086,
    "auroc_ood": 0.5,
    "avg_bandwidth": 1.0,
    "avg_compute": 1.0,
    "avg_energy": 3.0,
    "avg_harq_full_payload_rounds": 0.0,
    "avg_harq_refinement_rounds": 0.0,
    "avg_harq_transmissions": 1.0,
    "avg_latency": 3.0,
    "avg_power": 1.0,
    "avg_repetitions": 3.0,
    "avg_resource_cost": 1.8000000000000005,
    "bandwidth_per_accepted": 3.6923076923076925,
    "bandwidth_per_correct_accepted": 3.7281553398058254,
    "certified_accept_rate": 0.0,
    "correct_accepted_samples": 103.0,
    "coverage": 0.9791666666666666,
    "fpr95": 1.0,
    "goodput_per_bandwidth": 0.2682291666666667,
    "goodput_per_resource_cost": 0.14901620370370366,
    "harq_full_payload_sample_rate": 0.0,
    "harq_hit_max_refinements_rate": 0.7291666666666666,
    "harq_refined_sample_rate": 0.0,
    "open_semantic_outage": 0.009615384615384616,
    "open_semantic_risk": 0.25718553021848833,
    "open_set_f1": 0.0,
    "prediction_set_size": 1.2630208333333333,
    "resource_cost_per_correct_accepted": 6.7106796116504865,
    "risk_latency_product": 0.771556590655465,
    "risk_per_joule": 0.00022325132831466,
    "semantic_goodput": 0.08940972222222222,
    "semantic_outage": 0.078125,
    "total_bandwidth": 384.0,
    "total_compute": 384.0,
    "total_energy": 1152.0,
    "total_harq_full_payload_rounds": 0.0,
    "total_harq_refinement_rounds": 0.0,
    "total_harq_transmissions": 384.0,
    "total_latency": 1152.0,
    "total_power": 384.0,
    "total_repetitions": 1152.0,
    "total_resource_cost": 691.2000000000002
  },
  "name": "channel-open_rorqual_clip_sionna_no_refinement_seed2_17325269_3",
  "regime": "channel-open",
  "samples": 20000,
  "seed": 2,
  "users": 4
}
{
  "calibration_samples": 640,
  "dataset_manifest": "/lustre10/scratch/nickyun/scratch/ahmed/opensemcomm/manifests/opensemcom_rorqual_clip.csv",
  "decisions": {
    "accept": 75,
    "reject/open": 1013
  },
  "evaluated_samples": 1088,
  "manifest_summary": {
    "indexed_rows": 0,
    "regimes": {
      "channel-open": 384,
      "class-open": 3264,
      "closed-id": 1024,
      "full-open": 3982,
      "resource-open": 384,
      "source-open": 704,
      "task-open": 1138
    },
    "rows": 10880,
    "splits": {
      "calibration": 640,
      "eval": 10240
    }
  },
  "metrics": {
    "accepted_samples": 75.0,
    "accuracy": 0.3336397058823529,
    "adaptation_harm_rate": 0.08955223880597014,
    "auroc_ood": 0.9930197975852273,
    "avg_bandwidth": 1.0,
    "avg_compute": 1.0,
    "avg_energy": 1.0,
    "avg_harq_full_payload_rounds": 0.0,
    "avg_harq_refinement_rounds": 0.0,
    "avg_harq_transmissions": 1.0,
    "avg_latency": 1.0,
    "avg_power": 1.0,
    "avg_repetitions": 1.0,
    "avg_resource_cost": 1.0,
    "bandwidth_per_accepted": 14.506666666666666,
    "bandwidth_per_correct_accepted": 14.702702702702704,
    "certified_accept_rate": 0.0,
    "correct_accepted_samples": 74.0,
    "coverage": 0.2619485294117647,
    "fpr95": 0.046875,
    "goodput_per_bandwidth": 0.06801470588235294,
    "goodput_per_resource_cost": 0.06801470588235294,
    "harq_full_payload_sample_rate": 0.0,
    "harq_hit_max_refinements_rate": 0.2104779411764706,
    "harq_refined_sample_rate": 0.0,
    "open_semantic_outage": 0.013333333333333334,
    "open_semantic_risk": 0.4860225351537255,
    "open_set_f1": 0.8717948717948718,
    "prediction_set_size": 0.5294117647058824,
    "resource_cost_per_correct_accepted": 14.702702702702704,
    "risk_latency_product": 0.4860225351537255,
    "risk_per_joule": 0.0004467118889280565,
    "semantic_goodput": 0.06801470588235294,
    "semantic_outage": 0.6663602941176471,
    "total_bandwidth": 1088.0,
    "total_compute": 1088.0,
    "total_energy": 1088.0,
    "total_harq_full_payload_rounds": 0.0,
    "total_harq_refinement_rounds": 0.0,
    "total_harq_transmissions": 1088.0,
    "total_latency": 1088.0,
    "total_power": 1088.0,
    "total_repetitions": 1088.0,
    "total_resource_cost": 1088.0
  },
  "name": "source-open_rorqual_clip_sionna_no_refinement_seed2_17325269_3",
  "regime": "source-open",
  "samples": 20000,
  "seed": 2,
  "users": 4
}
{
  "calibration_samples": 640,
  "dataset_manifest": "/lustre10/scratch/nickyun/scratch/ahmed/opensemcomm/manifests/opensemcom_rorqual_clip.csv",
  "decisions": {
    "accept": 75,
    "reject/open": 3573
  },
  "evaluated_samples": 3648,
  "manifest_summary": {
    "indexed_rows": 0,
    "regimes": {
      "channel-open": 384,
      "class-open": 3264,
      "closed-id": 1024,
      "full-open": 3982,
      "resource-open": 384,
      "source-open": 704,
      "task-open": 1138
    },
    "rows": 10880,
    "splits": {
      "calibration": 640,
      "eval": 10240
    }
  },
  "metrics": {
    "accepted_samples": 75.0,
    "accuracy": 0.09539473684210531,
    "adaptation_harm_rate": 0.0,
    "auroc_ood": 0.9718751595690359,
    "avg_bandwidth": 1.0,
    "avg_compute": 1.0,
    "avg_energy": 1.0,
    "avg_harq_full_payload_rounds": 0.0,
    "avg_harq_refinement_rounds": 0.0,
    "avg_harq_transmissions": 1.0,
    "avg_latency": 1.0,
    "avg_power": 1.0,
    "avg_repetitions": 1.0,
    "avg_resource_cost": 1.0,
    "bandwidth_per_accepted": 48.64,
    "bandwidth_per_correct_accepted": 49.2972972972973,
    "certified_accept_rate": 0.0,
    "correct_accepted_samples": 74.0,
    "coverage": 0.07785087719298246,
    "fpr95": 0.1796875,
    "goodput_per_bandwidth": 0.020285087719298246,
    "goodput_per_resource_cost": 0.020285087719298246,
    "harq_full_payload_sample_rate": 0.0,
    "harq_hit_max_refinements_rate": 0.16639254385964913,
    "harq_refined_sample_rate": 0.0,
    "open_semantic_outage": 0.013333333333333334,
    "open_semantic_risk": 0.7523208368899431,
    "open_set_f1": 0.7169811320754718,
    "prediction_set_size": 0.23163377192982457,
    "resource_cost_per_correct_accepted": 49.2972972972973,
    "risk_latency_product": 0.7523208368899431,
    "risk_per_joule": 0.00020622829958605895,
    "semantic_goodput": 0.020285087719298246,
    "semantic_outage": 0.9046052631578947,
    "total_bandwidth": 3648.0,
    "total_compute": 3648.0,
    "total_energy": 3648.0,
    "total_harq_full_payload_rounds": 0.0,
    "total_harq_refinement_rounds": 0.0,
    "total_harq_transmissions": 3648.0,
    "total_latency": 3648.0,
    "total_power": 3648.0,
    "total_repetitions": 3648.0,
    "total_resource_cost": 3648.0
  },
  "name": "class-open_rorqual_clip_sionna_no_refinement_seed2_17325269_3",
  "regime": "class-open",
  "samples": 20000,
  "seed": 2,
  "users": 4
}
{
  "calibration_samples": 640,
  "dataset_manifest": "/lustre10/scratch/nickyun/scratch/ahmed/opensemcomm/manifests/opensemcom_rorqual_clip.csv",
  "decisions": {
    "accept": 75,
    "reject/open": 1447
  },
  "evaluated_samples": 1522,
  "manifest_summary": {
    "indexed_rows": 0,
    "regimes": {
      "channel-open": 384,
      "class-open": 3264,
      "closed-id": 1024,
      "full-open": 3982,
      "resource-open": 384,
      "source-open": 704,
      "task-open": 1138
    },
    "rows": 10880,
    "splits": {
      "calibration": 640,
      "eval": 10240
    }
  },
  "metrics": {
    "accepted_samples": 75.0,
    "accuracy": 0.3068331143232589,
    "adaptation_harm_rate": 0.12631578947368421,
    "auroc_ood": 1.0,
    "avg_bandwidth": 1.0,
    "avg_compute": 1.0,
    "avg_energy": 1.0,
    "avg_harq_full_payload_rounds": 0.0,
    "avg_harq_refinement_rounds": 0.0,
    "avg_harq_transmissions": 1.0,
    "avg_latency": 1.0,
    "avg_power": 1.0,
    "avg_repetitions": 1.0,
    "avg_resource_cost": 1.0,
    "bandwidth_per_accepted": 20.293333333333333,
    "bandwidth_per_correct_accepted": 20.56756756756757,
    "certified_accept_rate": 0.0,
    "correct_accepted_samples": 74.0,
    "coverage": 0.23653088042049936,
    "fpr95": 0.0,
    "goodput_per_bandwidth": 0.04862023653088042,
    "goodput_per_resource_cost": 0.04862023653088042,
    "harq_full_payload_sample_rate": 0.0,
    "harq_hit_max_refinements_rate": 0.13863337713534823,
    "harq_refined_sample_rate": 0.0,
    "open_semantic_outage": 0.013333333333333334,
    "open_semantic_risk": 0.545169062286098,
    "open_set_f1": 0.8014744602422327,
    "prediction_set_size": 0.7989487516425755,
    "resource_cost_per_correct_accepted": 20.56756756756757,
    "risk_latency_product": 0.545169062286098,
    "risk_per_joule": 0.00035819255077930223,
    "semantic_goodput": 0.04862023653088042,
    "semantic_outage": 0.6931668856767411,
    "total_bandwidth": 1522.0,
    "total_compute": 1522.0,
    "total_energy": 1522.0,
    "total_harq_full_payload_rounds": 0.0,
    "total_harq_refinement_rounds": 0.0,
    "total_harq_transmissions": 1522.0,
    "total_latency": 1522.0,
    "total_power": 1522.0,
    "total_repetitions": 1522.0,
    "total_resource_cost": 1522.0
  },
  "name": "task-open_rorqual_clip_sionna_no_refinement_seed2_17325269_3",
  "regime": "task-open",
  "samples": 20000,
  "seed": 2,
  "users": 4
}
{
  "calibration_samples": 640,
  "dataset_manifest": "/lustre10/scratch/nickyun/scratch/ahmed/opensemcomm/manifests/opensemcom_rorqual_clip.csv",
  "decisions": {
    "accept": 75,
    "reject/open": 309
  },
  "evaluated_samples": 384,
  "manifest_summary": {
    "indexed_rows": 0,
    "regimes": {
      "channel-open": 384,
      "class-open": 3264,
      "closed-id": 1024,
      "full-open": 3982,
      "resource-open": 384,
      "source-open": 704,
      "task-open": 1138
    },
    "rows": 10880,
    "splits": {
      "calibration": 640,
      "eval": 10240
    }
  },
  "metrics": {
    "accepted_samples": 75.0,
    "accuracy": 0.90625,
    "adaptation_harm_rate": 0.0,
    "auroc_ood": 0.5,
    "avg_bandwidth": 1.0,
    "avg_compute": 1.0,
    "avg_energy": 1.0,
    "avg_harq_full_payload_rounds": 0.0,
    "avg_harq_refinement_rounds": 0.0,
    "avg_harq_transmissions": 1.0,
    "avg_latency": 1.0,
    "avg_power": 1.0,
    "avg_repetitions": 1.0,
    "avg_resource_cost": 1.0,
    "bandwidth_per_accepted": 5.12,
    "bandwidth_per_correct_accepted": 5.1891891891891895,
    "certified_accept_rate": 0.0,
    "correct_accepted_samples": 74.0,
    "coverage": 0.7395833333333334,
    "fpr95": 1.0,
    "goodput_per_bandwidth": 0.19270833333333334,
    "goodput_per_resource_cost": 0.19270833333333334,
    "harq_full_payload_sample_rate": 0.0,
    "harq_hit_max_refinements_rate": 0.5494791666666666,
    "harq_refined_sample_rate": 0.0,
    "open_semantic_outage": 0.013333333333333334,
    "open_semantic_risk": 0.3112046257084416,
    "open_set_f1": 0.0,
    "prediction_set_size": 0.7447916666666666,
    "resource_cost_per_correct_accepted": 5.1891891891891895,
    "risk_latency_product": 0.3112046257084416,
    "risk_per_joule": 0.0008104287127824,
    "semantic_goodput": 0.19270833333333334,
    "semantic_outage": 0.09375,
    "total_bandwidth": 384.0,
    "total_compute": 384.0,
    "total_energy": 384.0,
    "total_harq_full_payload_rounds": 0.0,
    "total_harq_refinement_rounds": 0.0,
    "total_harq_transmissions": 384.0,
    "total_latency": 384.0,
    "total_power": 384.0,
    "total_repetitions": 384.0,
    "total_resource_cost": 384.0
  },
  "name": "resource-open_rorqual_clip_sionna_no_refinement_seed2_17325269_3",
  "regime": "resource-open",
  "samples": 20000,
  "seed": 2,
  "users": 4
}
{
  "calibration_samples": 640,
  "dataset_manifest": "/lustre10/scratch/nickyun/scratch/ahmed/opensemcomm/manifests/opensemcom_rorqual_clip.csv",
  "decisions": {
    "accept": 70,
    "reject/open": 3912
  },
  "evaluated_samples": 3982,
  "manifest_summary": {
    "indexed_rows": 0,
    "regimes": {
      "channel-open": 384,
      "class-open": 3264,
      "closed-id": 1024,
      "full-open": 3982,
      "resource-open": 384,
      "source-open": 704,
      "task-open": 1138
    },
    "rows": 10880,
    "splits": {
      "calibration": 640,
      "eval": 10240
    }
  },
  "metrics": {
    "accepted_samples": 70.0,
    "accuracy": 0.09166248116524356,
    "adaptation_harm_rate": 0.04032258064516129,
    "auroc_ood": 0.9737383036872337,
    "avg_bandwidth": 1.0,
    "avg_compute": 1.0,
    "avg_energy": 3.0,
    "avg_harq_full_payload_rounds": 0.0,
    "avg_harq_refinement_rounds": 0.0,
    "avg_harq_transmissions": 1.0,
    "avg_latency": 3.0,
    "avg_power": 1.0,
    "avg_repetitions": 3.0,
    "avg_resource_cost": 1.8000000000000003,
    "bandwidth_per_accepted": 56.885714285714286,
    "bandwidth_per_correct_accepted": 57.710144927536234,
    "certified_accept_rate": 0.0,
    "correct_accepted_samples": 69.0,
    "coverage": 0.0718232044198895,
    "fpr95": 0.15364583333333334,
    "goodput_per_bandwidth": 0.017327975891511804,
    "goodput_per_resource_cost": 0.009626653273062112,
    "harq_full_payload_sample_rate": 0.0,
    "harq_hit_max_refinements_rate": 0.1582119537920643,
    "harq_refined_sample_rate": 0.0,
    "open_semantic_outage": 0.014285714285714285,
    "open_semantic_risk": 0.8906903936543766,
    "open_set_f1": 0.7124709250313115,
    "prediction_set_size": 0.233550979407333,
    "resource_cost_per_correct_accepted": 103.87826086956524,
    "risk_latency_product": 2.6720711809631297,
    "risk_per_joule": 7.455971820311206e-05,
    "semantic_goodput": 0.005775991963837268,
    "semantic_outage": 0.9083375188347564,
    "total_bandwidth": 3982.0,
    "total_compute": 3982.0,
    "total_energy": 11946.0,
    "total_harq_full_payload_rounds": 0.0,
    "total_harq_refinement_rounds": 0.0,
    "total_harq_transmissions": 3982.0,
    "total_latency": 11946.0,
    "total_power": 3982.0,
    "total_repetitions": 11946.0,
    "total_resource_cost": 7167.600000000001
  },
  "name": "full-open_rorqual_clip_sionna_no_refinement_seed2_17325269_3",
  "regime": "full-open",
  "samples": 20000,
  "seed": 2,
  "users": 4
}
{
  "rows": 7,
  "csv": "/lustre10/scratch/nickyun/scratch/ahmed/opensemcomm/runs/rorqual_clip_sionna_no_refinement_seed2_results_17325269_3.csv",
  "json": "/lustre10/scratch/nickyun/scratch/ahmed/opensemcomm/runs/rorqual_clip_sionna_no_refinement_seed2_results_17325269_3.json"
}
