{'sionna': '2.0.1', 'torch': '2.13.0', 'cuda_available': True}
{
  "indexed_rows": 0,
  "regimes": {
    "channel-open": 384,
    "class-open": 3264,
    "closed-id": 1024,
    "full-open": 3982,
    "resource-open": 384,
    "source-open": 704,
    "task-open": 1138
  },
  "rows": 10880,
  "splits": {
    "calibration": 640,
    "eval": 10240
  }
}
{
  "calibration_samples": 640,
  "dataset_manifest": "/lustre10/scratch/nickyun/scratch/ahmed/opensemcomm/manifests/opensemcom_rorqual_clip.csv",
  "decisions": {
    "accept": 179,
    "reject/open": 205
  },
  "evaluated_samples": 384,
  "manifest_summary": {
    "indexed_rows": 0,
    "regimes": {
      "channel-open": 384,
      "class-open": 3264,
      "closed-id": 1024,
      "full-open": 3982,
      "resource-open": 384,
      "source-open": 704,
      "task-open": 1138
    },
    "rows": 10880,
    "splits": {
      "calibration": 640,
      "eval": 10240
    }
  },
  "metrics": {
    "accepted_samples": 179.0,
    "accuracy": 0.9010416666666666,
    "adaptation_harm_rate": 0.43478260869565216,
    "auroc_ood": 0.5,
    "avg_bandwidth": 1.1776041666666626,
    "avg_compute": 1.2945312500000001,
    "avg_energy": 1.7889322916666661,
    "avg_harq_full_payload_rounds": 0.5963541666666666,
    "avg_harq_refinement_rounds": 1.1692708333333333,
    "avg_harq_transmissions": 2.1692708333333335,
    "avg_latency": 1.8614583333333339,
    "avg_power": 1.2923177083333333,
    "avg_repetitions": 1.28125,
    "avg_resource_cost": 1.4828580729166667,
    "bandwidth_per_accepted": 2.5262569832402146,
    "bandwidth_per_correct_accepted": 2.5262569832402146,
    "certified_accept_rate": 0.0,
    "correct_accepted_samples": 179.0,
    "coverage": 0.7265625,
    "fpr95": 1.0,
    "goodput_per_bandwidth": 0.39584254754533527,
    "goodput_per_resource_cost": 0.3143563378364732,
    "harq_full_payload_sample_rate": 0.3151041666666667,
    "harq_hit_max_refinements_rate": 0.2760416666666667,
    "harq_refined_sample_rate": 0.5729166666666666,
    "open_semantic_outage": 0.0,
    "open_semantic_risk": 0.37583350196788956,
    "open_set_f1": 0.0,
    "prediction_set_size": 0.7421875,
    "resource_cost_per_correct_accepted": 3.1811033519553074,
    "risk_latency_product": 0.699598404183978,
    "risk_per_joule": 0.0005471045956297978,
    "semantic_goodput": 0.17063870352716873,
    "semantic_outage": 0.09895833333333333,
    "total_bandwidth": 452.19999999999845,
    "total_compute": 497.1,
    "total_energy": 686.9499999999998,
    "total_harq_full_payload_rounds": 229.0,
    "total_harq_refinement_rounds": 449.0,
    "total_harq_transmissions": 833.0,
    "total_latency": 714.8000000000002,
    "total_power": 496.25,
    "total_repetitions": 492.0,
    "total_resource_cost": 569.4175
  },
  "name": "closed-id_rorqual_clip_sionna_smoke_17260399",
  "regime": "closed-id",
  "samples": 384,
  "seed": 0,
  "users": 4
}
