{'sionna': '2.0.1', 'torch': '2.13.0', 'cuda_available': True}
{
  "indexed_rows": 0,
  "regimes": {
    "channel-open": 384,
    "class-open": 3264,
    "closed-id": 1024,
    "full-open": 3982,
    "resource-open": 384,
    "source-open": 704,
    "task-open": 1138
  },
  "rows": 10880,
  "splits": {
    "calibration": 640,
    "eval": 10240
  }
}
CALIB_DEBUG {'q_accept': 0.3758478557212584, 'q_refine': 0.7046750687367369, 'conformal_nonconformity_threshold': 0.9790477495060862, 'conformal_probability_cutoff': 0.020952250493913804, 'risk_q': [0.3426284919830078, 0.35420934266710014, 0.37491083916558343, 0.4485943714928582, 0.7260537803438851, 0.794634004213759, 0.818275884640641, 0.8581354229373443], 'correct_risk_q': [0.3426284919830078, 0.34946252239891135, 0.35628148086473266, 0.3790418006622166, 0.4138686156446041, 0.4660696077646701, 0.4936557540413623, 0.5370919356582049], 'open_risk_q': [0.6966155693122282, 0.7034104675886411, 0.7147665547213996, 0.7350519375673511, 0.7947316691160196, 0.8213370217757198, 0.8309395279849052, 0.8581354229373443], 'phy_q': {'phy_payload_bit_error_rate': [0.0, 0.0, 0.0, 0.0, 0.01055908203125, 0.02250976562500001, 0.02686767578124999, 0.070068359375], 'phy_ldpc_block_error_rate': [0.0, 0.0, 0.0, 0.0, 0.0625, 0.0625, 0.0625, 0.1875], 'phy_payload_mse': [0.0, 0.0, 0.0, 0.0, 0.009477214292579778, 0.019678416955017302, 0.02313426927143406, 0.06277032871972318], 'phy_quantization_mse': [4.506227557832223e-06, 4.876988350103891e-06, 4.987343874376075e-06, 5.104279449520911e-06, 5.251591996910563e-06, 5.356192793113312e-06, 5.4300071594775215e-06, 5.78946455268267e-06]}}
{
  "calibration_samples": 640,
  "dataset_manifest": "/lustre10/scratch/nickyun/scratch/ahmed/opensemcomm/manifests/opensemcom_rorqual_clip.csv",
  "decisions": {
    "accept": 217,
    "reject/open": 167
  },
  "evaluated_samples": 384,
  "manifest_summary": {
    "indexed_rows": 0,
    "regimes": {
      "channel-open": 384,
      "class-open": 3264,
      "closed-id": 1024,
      "full-open": 3982,
      "resource-open": 384,
      "source-open": 704,
      "task-open": 1138
    },
    "rows": 10880,
    "splits": {
      "calibration": 640,
      "eval": 10240
    }
  },
  "metrics": {
    "accepted_samples": 217.0,
    "accuracy": 0.859375,
    "adaptation_harm_rate": 0.34782608695652173,
    "auroc_ood": 0.5,
    "avg_bandwidth": 1.183854166666663,
    "avg_compute": 1.32005208333333,
    "avg_energy": 4.717838541666653,
    "avg_harq_full_payload_rounds": 0.890625,
    "avg_harq_refinement_rounds": 1.3619791666666667,
    "avg_harq_transmissions": 2.3619791666666665,
    "avg_latency": 4.900000000000014,
    "avg_power": 1.3404947916666667,
    "avg_repetitions": 3.4427083333333335,
    "avg_resource_cost": 2.6934700520833332,
    "bandwidth_per_accepted": 2.0949308755760305,
    "bandwidth_per_correct_accepted": 2.104629629629623,
    "certified_accept_rate": 0.0,
    "correct_accepted_samples": 216.0,
    "coverage": 0.9973958333333334,
    "fpr95": 1.0,
    "goodput_per_bandwidth": 0.4751429828420604,
    "goodput_per_resource_cost": 0.20883840886403024,
    "harq_full_payload_sample_rate": 0.4479166666666667,
    "harq_hit_max_refinements_rate": 0.4348958333333333,
    "harq_refined_sample_rate": 0.4713541666666667,
    "open_semantic_outage": 0.004608294930875576,
    "open_semantic_risk": 0.3837941647706525,
    "open_set_f1": 0.0,
    "prediction_set_size": 2.0130208333333335,
    "resource_cost_per_correct_accepted": 4.7883912037037035,
    "risk_latency_product": 1.8805914073762025,
    "risk_per_joule": 0.00021184785403949636,
    "semantic_goodput": 0.07938257993384785,
    "semantic_outage": 0.140625,
    "total_bandwidth": 454.5999999999986,
    "total_compute": 506.8999999999987,
    "total_energy": 1811.6499999999949,
    "total_harq_full_payload_rounds": 342.0,
    "total_harq_refinement_rounds": 523.0,
    "total_harq_transmissions": 907.0,
    "total_latency": 1881.6000000000054,
    "total_power": 514.75,
    "total_repetitions": 1322.0,
    "total_resource_cost": 1034.2925
  },
  "name": "closed-id-rayleigh-18db_17249986",
  "regime": "closed-id",
  "samples": 384,
  "seed": 0,
  "users": 4
}
EVAL_DEBUG {'n': 384, 'risk_q': [0.02053903163087257, 0.024132714518606116, 0.02773723106906705, 0.07604341665149451, 0.43763173922775395, 0.4894077721804751, 0.5118020441451621, 0.5670021419462536], 'confidence_q': [0.30993594288681076, 0.554566620107387, 0.7497289229494786, 0.9729772224601594, 0.994968317004522, 0.9982989334336104, 0.999200805760322, 0.9999275380153407], 'phy_q': {'phy_payload_bit_error_rate': [0.0, 0.0, 0.0, 0.0, 0.0, 0.0, 0.0, 0.0], 'phy_ldpc_block_error_rate': [0.0, 0.0, 0.0, 0.0, 0.0, 0.0, 0.0, 0.0], 'phy_payload_mse': [0.0, 0.0, 0.0, 0.0, 0.0, 0.0, 0.0, 0.0], 'phy_quantization_mse': [2.643129331713352e-06, 2.840953313456217e-06, 2.9424021005384677e-06, 4.720529096946408e-06, 5.161158888073378e-06, 5.3468042986092085e-06, 5.459784360750839e-06, 5.868094762730188e-06]}, 'prediction_set_sizes': {1: 217, 2: 34, 3: 72, 4: 41, 5: 12, 6: 8}, 'decisions': {'accept': 217, 'reject/open': 167}}
