{'sionna': '2.0.1', 'torch': '2.13.0', 'cuda_available': True}
{
  "indexed_rows": 0,
  "regimes": {
    "channel-open": 384,
    "class-open": 3264,
    "closed-id": 1024,
    "full-open": 3982,
    "resource-open": 384,
    "source-open": 704,
    "task-open": 1138
  },
  "rows": 10880,
  "splits": {
    "calibration": 640,
    "eval": 10240
  }
}
CALIB_DEBUG {'q_accept': 0.42775285029721954, 'q_refine': 0.47775285029721953, 'conformal_nonconformity_threshold': 0.9999977703154216, 'conformal_probability_cutoff': 2.229684578414215e-06, 'risk_q': [0.36074401077419077, 0.38003328861349234, 0.3911010085129245, 0.4277749552550992, 0.48071278264148826, 0.5258356607038679, 0.5489585011110665, 0.5777377195514863], 'correct_risk_q': [0.36074401077419077, 0.3804173503540204, 0.405292781314064, 0.43296993232998204, 0.48028702908412946, 0.5150979785810839, 0.5305262206746313, 0.5777377195514863], 'open_risk_q': []}
{
  "calibration_samples": 256,
  "dataset_manifest": "/lustre10/scratch/nickyun/scratch/ahmed/opensemcomm/manifests/opensemcom_rorqual_clip.csv",
  "decisions": {
    "reject/open": 384
  },
  "evaluated_samples": 384,
  "manifest_summary": {
    "indexed_rows": 0,
    "regimes": {
      "channel-open": 384,
      "class-open": 3264,
      "closed-id": 1024,
      "full-open": 3982,
      "resource-open": 384,
      "source-open": 704,
      "task-open": 1138
    },
    "rows": 10880,
    "splits": {
      "calibration": 640,
      "eval": 10240
    }
  },
  "metrics": {
    "accepted_samples": 0.0,
    "accuracy": 0.9036458333333334,
    "adaptation_harm_rate": 0.0,
    "auroc_ood": 0.5,
    "avg_bandwidth": 1.3078124999999925,
    "avg_compute": 1.7135416666666676,
    "avg_energy": 8.89700520833337,
    "avg_harq_full_payload_rounds": 3.25,
    "avg_harq_refinement_rounds": 4.057291666666667,
    "avg_harq_transmissions": 5.057291666666667,
    "avg_latency": 9.379687499999962,
    "avg_power": 2.0143229166666665,
    "avg_repetitions": 5.518229166666667,
    "avg_resource_cost": 4.677513020833332,
    "bandwidth_per_accepted": 0.0,
    "bandwidth_per_correct_accepted": 0.0,
    "certified_accept_rate": 0.0,
    "correct_accepted_samples": 0.0,
    "coverage": 0.9973958333333334,
    "fpr95": 1.0,
    "goodput_per_bandwidth": 0.0,
    "goodput_per_resource_cost": 0.0,
    "harq_full_payload_sample_rate": 0.7317708333333334,
    "harq_hit_max_refinements_rate": 0.6197916666666666,
    "harq_refined_sample_rate": 0.8072916666666666,
    "open_semantic_outage": 0.0,
    "open_semantic_risk": 0.567717215665014,
    "open_set_f1": 0.0,
    "prediction_set_size": 5.994791666666667,
    "resource_cost_per_correct_accepted": 0.0,
    "risk_latency_product": 5.325010071307914,
    "risk_per_joule": 0.00016617167400811124,
    "semantic_goodput": 0.0,
    "semantic_outage": 0.09635416666666667,
    "total_bandwidth": 502.19999999999715,
    "total_compute": 658.0000000000003,
    "total_energy": 3416.4500000000144,
    "total_harq_full_payload_rounds": 1248.0,
    "total_harq_refinement_rounds": 1558.0,
    "total_harq_transmissions": 1942.0,
    "total_latency": 3601.799999999985,
    "total_power": 773.5,
    "total_repetitions": 2119.0,
    "total_resource_cost": 1796.1649999999995
  },
  "name": "channel_open_sionna_more_refine_16946140",
  "regime": "channel-open",
  "samples": 384,
  "seed": 0,
  "users": 4
}
EVAL_DEBUG {'n': 384, 'risk_q': [0.3533527765293443, 0.38355563170764684, 0.40471628217145506, 0.45094339077404344, 0.4867118183047452, 0.511402277051703, 0.5225656915523645, 0.5724177570017779], 'confidence_q': [0.25058692520794273, 0.48123527560226026, 0.586200527620491, 0.726151995909925, 0.8616471103957765, 0.9141281876572929, 0.9295779077037528, 0.981266107887692], 'prediction_set_sizes': {4: 1, 6: 383}, 'decisions': {'reject/open': 384}, 'avg_harq_refinement_rounds': 4.057291666666667, 'avg_harq_transmissions': 5.057291666666667, 'hit_max_refinements': 238}
