{'sionna': '2.0.1', 'torch': '2.13.0', 'cuda_available': True}
{
  "indexed_rows": 0,
  "regimes": {
    "channel-open": 384,
    "class-open": 3264,
    "closed-id": 1024,
    "full-open": 3982,
    "resource-open": 384,
    "source-open": 704,
    "task-open": 1138
  },
  "rows": 10880,
  "splits": {
    "calibration": 640,
    "eval": 10240
  }
}
CALIB_DEBUG {'q_accept': 0.38531257464384555, 'q_refine': 0.7114434774475666, 'conformal_nonconformity_threshold': 0.9997907684614052, 'conformal_probability_cutoff': 0.0002092315385947563, 'risk_q': [0.3444900989052918, 0.36538915011705875, 0.3825834018153212, 0.465292868990206, 0.7280773451546296, 0.7804950729652912, 0.8142667752670169, 0.9201938836846353], 'correct_risk_q': [0.3444900989052918, 0.355454221180179, 0.36971804860191615, 0.3912076053467404, 0.43206919918221875, 0.47830370723822946, 0.496767097170239, 0.570773561962862], 'open_risk_q': [0.6967421356726995, 0.709876686786621, 0.7203721074373002, 0.7431976434249865, 0.7805219800094472, 0.8198070670916502, 0.8343362766571807, 0.9201938836846353], 'phy_q': {'phy_payload_bit_error_rate': [0.0, 0.0, 0.0, 0.0, 0.0166015625, 0.02685546875, 0.032519531249999956, 0.074462890625], 'phy_ldpc_block_error_rate': [0.0, 0.0, 0.0, 0.0, 0.0625, 0.0625, 0.125, 0.1875], 'phy_payload_mse': [0.0, 0.0, 0.0, 0.0, 0.01502321823337178, 0.022390522875817005, 0.03032071799307957, 0.06376898308342946], 'phy_quantization_mse': [4.506227557832223e-06, 4.876988350103891e-06, 4.987343874376075e-06, 5.104279449520911e-06, 5.251591996910563e-06, 5.356192793113312e-06, 5.4300071594775215e-06, 5.78946455268267e-06]}}
{
  "calibration_samples": 640,
  "dataset_manifest": "/lustre10/scratch/nickyun/scratch/ahmed/opensemcomm/manifests/opensemcom_rorqual_clip.csv",
  "decisions": {
    "accept": 4,
    "reject/open": 380
  },
  "evaluated_samples": 384,
  "manifest_summary": {
    "indexed_rows": 0,
    "regimes": {
      "channel-open": 384,
      "class-open": 3264,
      "closed-id": 1024,
      "full-open": 3982,
      "resource-open": 384,
      "source-open": 704,
      "task-open": 1138
    },
    "rows": 10880,
    "splits": {
      "calibration": 640,
      "eval": 10240
    }
  },
  "metrics": {
    "accepted_samples": 4.0,
    "accuracy": 0.8567708333333334,
    "adaptation_harm_rate": 0.13043478260869565,
    "auroc_ood": 0.5,
    "avg_bandwidth": 1.3958333333333235,
    "avg_compute": 1.6927083333333366,
    "avg_energy": 6.760416666666679,
    "avg_harq_full_payload_rounds": 1.9791666666666667,
    "avg_harq_refinement_rounds": 2.96875,
    "avg_harq_transmissions": 3.96875,
    "avg_latency": 7.156249999999978,
    "avg_power": 1.7421875,
    "avg_repetitions": 3.9895833333333335,
    "avg_resource_cost": 3.751953125,
    "bandwidth_per_accepted": 133.99999999999906,
    "bandwidth_per_correct_accepted": 133.99999999999906,
    "certified_accept_rate": 0.0,
    "correct_accepted_samples": 4.0,
    "coverage": 1.0,
    "fpr95": 1.0,
    "goodput_per_bandwidth": 0.007462686567164231,
    "goodput_per_resource_cost": 0.0027763317716467117,
    "harq_full_payload_sample_rate": 0.9895833333333334,
    "harq_hit_max_refinements_rate": 0.9895833333333334,
    "harq_refined_sample_rate": 0.9895833333333334,
    "open_semantic_outage": 0.0,
    "open_semantic_risk": 0.4777994791666666,
    "open_set_f1": 0.0,
    "prediction_set_size": 5.921875,
    "resource_cost_per_correct_accepted": 360.1875,
    "risk_latency_product": 3.419252522786447,
    "risk_per_joule": 0.00018405218766050295,
    "semantic_goodput": 0.0008748906386701663,
    "semantic_outage": 0.14322916666666666,
    "total_bandwidth": 535.9999999999962,
    "total_compute": 650.0000000000013,
    "total_energy": 2596.000000000005,
    "total_harq_full_payload_rounds": 760.0,
    "total_harq_refinement_rounds": 1140.0,
    "total_harq_transmissions": 1524.0,
    "total_latency": 2747.9999999999914,
    "total_power": 669.0,
    "total_repetitions": 1532.0,
    "total_resource_cost": 1440.75
  },
  "name": "closed-id-rayleigh-16db_17248755",
  "regime": "closed-id",
  "samples": 384,
  "seed": 0,
  "users": 4
}
EVAL_DEBUG {'n': 384, 'risk_q': [0.02615504948836246, 0.35624421587310434, 0.36657565579599616, 0.3927115873580287, 0.4531791478593526, 0.49918331232903984, 0.5262990401434762, 0.5717651415749221], 'confidence_q': [0.271920596163783, 0.5388078666708378, 0.6932048882639352, 0.880652792990638, 0.9488450098481735, 0.9724777066474646, 0.9822682585920044, 0.9997721190828365], 'phy_q': {'phy_payload_bit_error_rate': [0.0, 0.0, 0.0, 0.0, 0.0, 0.0, 0.0, 0.0], 'phy_ldpc_block_error_rate': [0.0, 0.0, 0.0, 0.0, 0.0, 0.0, 0.0, 0.0], 'phy_payload_mse': [0.0, 0.0, 0.0, 0.0, 0.0, 0.0, 0.0, 0.0], 'phy_quantization_mse': [2.6156369599391507e-06, 2.783774318576045e-06, 2.8498338988935826e-06, 2.9269006675352463e-06, 3.000595303829337e-06, 3.0836396267004284e-06, 3.1262781700316577e-06, 5.6166752723642776e-06]}, 'prediction_set_sizes': {1: 4, 4: 1, 5: 8, 6: 371}, 'decisions': {'accept': 4, 'reject/open': 380}}
