{
  "indexed_rows": 0,
  "regimes": {
    "channel-open": 384,
    "class-open": 3264,
    "closed-id": 1024,
    "full-open": 3982,
    "resource-open": 384,
    "source-open": 704,
    "task-open": 1138
  },
  "rows": 10880,
  "splits": {
    "calibration": 640,
    "eval": 10240
  }
}
{
  "calibration_samples": 640,
  "dataset_manifest": "/lustre10/scratch/nickyun/scratch/ahmed/opensemcomm/manifests/opensemcom_real_clip.csv",
  "decisions": {
    "reject/open": 384
  },
  "evaluated_samples": 384,
  "manifest_summary": {
    "indexed_rows": 0,
    "regimes": {
      "channel-open": 384,
      "class-open": 3264,
      "closed-id": 1024,
      "full-open": 3982,
      "resource-open": 384,
      "source-open": 704,
      "task-open": 1138
    },
    "rows": 10880,
    "splits": {
      "calibration": 640,
      "eval": 10240
    }
  },
  "metrics": {
    "accepted_samples": 0.0,
    "accuracy": 0.90625,
    "adaptation_harm_rate": 0.2608695652173913,
    "auroc_ood": 0.5,
    "avg_bandwidth": 1.39999999999999,
    "avg_compute": 1.8315104166666585,
    "avg_energy": 5.635677083333324,
    "avg_harq_full_payload_rounds": 3.3151041666666665,
    "avg_harq_refinement_rounds": 2.3151041666666665,
    "avg_harq_transmissions": 3.3151041666666665,
    "avg_latency": 5.967187500000004,
    "avg_power": 2.0787760416666665,
    "avg_repetitions": 3.3151041666666665,
    "avg_resource_cost": 3.394993489583334,
    "bandwidth_per_accepted": 0.0,
    "bandwidth_per_correct_accepted": 0.0,
    "certified_accept_rate": 0.0,
    "correct_accepted_samples": 0.0,
    "coverage": 0.7526041666666666,
    "fpr95": 1.0,
    "goodput_per_bandwidth": 0.0,
    "goodput_per_resource_cost": 0.0,
    "harq_full_payload_sample_rate": 1.0,
    "harq_hit_max_refinements_rate": 0.7578125,
    "harq_refined_sample_rate": 0.7890625,
    "open_semantic_outage": 0.0,
    "open_semantic_risk": 0.5468194704573287,
    "open_set_f1": 0.0,
    "prediction_set_size": 0.7578125,
    "resource_cost_per_correct_accepted": 0.0,
    "risk_latency_product": 3.2629743088695933,
    "risk_per_joule": 0.0002526775428387457,
    "semantic_goodput": 0.0,
    "semantic_outage": 0.09375,
    "total_bandwidth": 537.5999999999962,
    "total_compute": 703.2999999999969,
    "total_energy": 2164.0999999999963,
    "total_harq_full_payload_rounds": 1273.0,
    "total_harq_refinement_rounds": 889.0,
    "total_harq_transmissions": 1273.0,
    "total_latency": 2291.4000000000015,
    "total_power": 798.25,
    "total_repetitions": 1273.0,
    "total_resource_cost": 1303.6775000000002
  },
  "name": "closed-id_clip_full_16629838",
  "regime": "closed-id",
  "samples": 20000,
  "seed": 0,
  "users": 4
}
{
  "calibration_samples": 640,
  "dataset_manifest": "/lustre10/scratch/nickyun/scratch/ahmed/opensemcomm/manifests/opensemcom_real_clip.csv",
  "decisions": {
    "accept": 4,
    "reject/open": 380
  },
  "evaluated_samples": 384,
  "manifest_summary": {
    "indexed_rows": 0,
    "regimes": {
      "channel-open": 384,
      "class-open": 3264,
      "closed-id": 1024,
      "full-open": 3982,
      "resource-open": 384,
      "source-open": 704,
      "task-open": 1138
    },
    "rows": 10880,
    "splits": {
      "calibration": 640,
      "eval": 10240
    }
  },
  "metrics": {
    "accepted_samples": 4.0,
    "accuracy": 0.8515625,
    "adaptation_harm_rate": 0.0,
    "auroc_ood": 0.5,
    "avg_bandwidth": 1.3223958333333259,
    "avg_compute": 1.5585937500000007,
    "avg_energy": 5.967578124999992,
    "avg_harq_full_payload_rounds": 1.5390625,
    "avg_harq_refinement_rounds": 2.3619791666666665,
    "avg_harq_transmissions": 3.3619791666666665,
    "avg_latency": 6.284375000000001,
    "avg_power": 1.5904947916666667,
    "avg_repetitions": 3.75,
    "avg_resource_cost": 3.346282552083334,
    "bandwidth_per_accepted": 126.94999999999929,
    "bandwidth_per_correct_accepted": 126.94999999999929,
    "certified_accept_rate": 0.0,
    "correct_accepted_samples": 4.0,
    "coverage": 0.7213541666666666,
    "fpr95": 1.0,
    "goodput_per_bandwidth": 0.007877116975187125,
    "goodput_per_resource_cost": 0.003112907085560196,
    "harq_full_payload_sample_rate": 0.7890625,
    "harq_hit_max_refinements_rate": 0.7291666666666666,
    "harq_refined_sample_rate": 0.8229166666666666,
    "open_semantic_outage": 0.0,
    "open_semantic_risk": 0.535484247725211,
    "open_set_f1": 0.0,
    "prediction_set_size": 0.7395833333333334,
    "resource_cost_per_correct_accepted": 321.2431250000001,
    "risk_latency_product": 3.365183819298123,
    "risk_per_joule": 0.00023367774987463144,
    "semantic_goodput": 0.0010327911179963851,
    "semantic_outage": 0.1484375,
    "total_bandwidth": 507.79999999999717,
    "total_compute": 598.5000000000002,
    "total_energy": 2291.549999999997,
    "total_harq_full_payload_rounds": 591.0,
    "total_harq_refinement_rounds": 907.0,
    "total_harq_transmissions": 1291.0,
    "total_latency": 2413.2000000000003,
    "total_power": 610.75,
    "total_repetitions": 1440.0,
    "total_resource_cost": 1284.9725000000003
  },
  "name": "channel-open_clip_full_16629838",
  "regime": "channel-open",
  "samples": 20000,
  "seed": 0,
  "users": 4
}
{
  "calibration_samples": 640,
  "dataset_manifest": "/lustre10/scratch/nickyun/scratch/ahmed/opensemcomm/manifests/opensemcom_real_clip.csv",
  "decisions": {
    "reject/open": 1088
  },
  "evaluated_samples": 1088,
  "manifest_summary": {
    "indexed_rows": 0,
    "regimes": {
      "channel-open": 384,
      "class-open": 3264,
      "closed-id": 1024,
      "full-open": 3982,
      "resource-open": 384,
      "source-open": 704,
      "task-open": 1138
    },
    "rows": 10880,
    "splits": {
      "calibration": 640,
      "eval": 10240
    }
  },
  "metrics": {
    "accepted_samples": 0.0,
    "accuracy": 0.34558823529411764,
    "adaptation_harm_rate": 0.19402985074626866,
    "auroc_ood": 0.999807646780303,
    "avg_bandwidth": 1.400000000000019,
    "avg_compute": 1.6908088235293692,
    "avg_energy": 3.243749999999891,
    "avg_harq_full_payload_rounds": 1.9080882352941178,
    "avg_harq_refinement_rounds": 0.9080882352941176,
    "avg_harq_transmissions": 1.9080882352941178,
    "avg_latency": 3.4345588235295184,
    "avg_power": 1.7270220588235294,
    "avg_repetitions": 1.9080882352941178,
    "avg_resource_cost": 2.301038602941177,
    "bandwidth_per_accepted": 0.0,
    "bandwidth_per_correct_accepted": 0.0,
    "certified_accept_rate": 0.0,
    "correct_accepted_samples": 0.0,
    "coverage": 0.26746323529411764,
    "fpr95": 0.0,
    "goodput_per_bandwidth": 0.0,
    "goodput_per_resource_cost": 0.0,
    "harq_full_payload_sample_rate": 1.0,
    "harq_hit_max_refinements_rate": 0.29044117647058826,
    "harq_refined_sample_rate": 0.3161764705882353,
    "open_semantic_outage": 0.0,
    "open_semantic_risk": 0.6091981005998163,
    "open_set_f1": 0.8717948717948718,
    "prediction_set_size": 0.3897058823529412,
    "resource_cost_per_correct_accepted": 0.0,
    "risk_latency_product": 2.092326711692522,
    "risk_per_joule": 0.00017261648549241662,
    "semantic_goodput": 0.0,
    "semantic_outage": 0.6544117647058824,
    "total_bandwidth": 1523.2000000000207,
    "total_compute": 1839.5999999999538,
    "total_energy": 3529.1999999998816,
    "total_harq_full_payload_rounds": 2076.0,
    "total_harq_refinement_rounds": 988.0,
    "total_harq_transmissions": 2076.0,
    "total_latency": 3736.800000000116,
    "total_power": 1879.0,
    "total_repetitions": 2076.0,
    "total_resource_cost": 2503.5300000000007
  },
  "name": "source-open_clip_full_16629838",
  "regime": "source-open",
  "samples": 20000,
  "seed": 0,
  "users": 4
}
{
  "calibration_samples": 640,
  "dataset_manifest": "/lustre10/scratch/nickyun/scratch/ahmed/opensemcomm/manifests/opensemcom_real_clip.csv",
  "decisions": {
    "reject/open": 3648
  },
  "evaluated_samples": 3648,
  "manifest_summary": {
    "indexed_rows": 0,
    "regimes": {
      "channel-open": 384,
      "class-open": 3264,
      "closed-id": 1024,
      "full-open": 3982,
      "resource-open": 384,
      "source-open": 704,
      "task-open": 1138
    },
    "rows": 10880,
    "splits": {
      "calibration": 640,
      "eval": 10240
    }
  },
  "metrics": {
    "accepted_samples": 0.0,
    "accuracy": 0.09539473684210531,
    "adaptation_harm_rate": 0.02643171806167401,
    "auroc_ood": 0.9849175347222222,
    "avg_bandwidth": 1.3999999999999795,
    "avg_compute": 1.6709155701754832,
    "avg_energy": 2.9055646929824985,
    "avg_harq_full_payload_rounds": 1.709155701754386,
    "avg_harq_refinement_rounds": 0.7091557017543859,
    "avg_harq_transmissions": 1.709155701754386,
    "avg_latency": 3.0764802631578223,
    "avg_power": 1.6772889254385965,
    "avg_repetitions": 1.709155701754386,
    "avg_resource_cost": 2.146368558114035,
    "bandwidth_per_accepted": 0.0,
    "bandwidth_per_correct_accepted": 0.0,
    "certified_accept_rate": 0.0,
    "correct_accepted_samples": 0.0,
    "coverage": 0.07922149122807018,
    "fpr95": 0.1328125,
    "goodput_per_bandwidth": 0.0,
    "goodput_per_resource_cost": 0.0,
    "harq_full_payload_sample_rate": 1.0,
    "harq_hit_max_refinements_rate": 0.21107456140350878,
    "harq_refined_sample_rate": 0.26726973684210525,
    "open_semantic_outage": 0.0,
    "open_semantic_risk": 0.8634647414145592,
    "open_set_f1": 0.7169811320754718,
    "prediction_set_size": 0.21107456140350878,
    "resource_cost_per_correct_accepted": 0.0,
    "risk_latency_product": 2.656432234894564,
    "risk_per_joule": 8.14627804532805e-05,
    "semantic_goodput": 0.0,
    "semantic_outage": 0.9046052631578947,
    "total_bandwidth": 5107.199999999925,
    "total_compute": 6095.500000000163,
    "total_energy": 10599.500000000155,
    "total_harq_full_payload_rounds": 6235.0,
    "total_harq_refinement_rounds": 2587.0,
    "total_harq_transmissions": 6235.0,
    "total_latency": 11222.999999999736,
    "total_power": 6118.75,
    "total_repetitions": 6235.0,
    "total_resource_cost": 7829.952499999999
  },
  "name": "class-open_clip_full_16629838",
  "regime": "class-open",
  "samples": 20000,
  "seed": 0,
  "users": 4
}
{
  "calibration_samples": 640,
  "dataset_manifest": "/lustre10/scratch/nickyun/scratch/ahmed/opensemcomm/manifests/opensemcom_real_clip.csv",
  "decisions": {
    "reject/open": 1522
  },
  "evaluated_samples": 1522,
  "manifest_summary": {
    "indexed_rows": 0,
    "regimes": {
      "channel-open": 384,
      "class-open": 3264,
      "closed-id": 1024,
      "full-open": 3982,
      "resource-open": 384,
      "source-open": 704,
      "task-open": 1138
    },
    "rows": 10880,
    "splits": {
      "calibration": 640,
      "eval": 10240
    }
  },
  "metrics": {
    "accepted_samples": 0.0,
    "accuracy": 0.290407358738502,
    "adaptation_harm_rate": 0.06315789473684211,
    "auroc_ood": 1.0,
    "avg_bandwidth": 1.4000000000000397,
    "avg_compute": 1.659986859395478,
    "avg_energy": 2.719776609723911,
    "avg_harq_full_payload_rounds": 1.5998685939553219,
    "avg_harq_refinement_rounds": 0.599868593955322,
    "avg_harq_transmissions": 1.5998685939553219,
    "avg_latency": 2.8797634691197147,
    "avg_power": 1.6499671484888305,
    "avg_repetitions": 1.5998685939553219,
    "avg_resource_cost": 2.061397831800263,
    "bandwidth_per_accepted": 0.0,
    "bandwidth_per_correct_accepted": 0.0,
    "certified_accept_rate": 0.0,
    "correct_accepted_samples": 0.0,
    "coverage": 0.2371879106438896,
    "fpr95": 0.0,
    "goodput_per_bandwidth": 0.0,
    "goodput_per_resource_cost": 0.0,
    "harq_full_payload_sample_rate": 1.0,
    "harq_hit_max_refinements_rate": 0.19513797634691196,
    "harq_refined_sample_rate": 0.20565045992115638,
    "open_semantic_outage": 0.0,
    "open_semantic_risk": 0.6486434000033574,
    "open_set_f1": 0.8014744602422327,
    "prediction_set_size": 0.7109067017082786,
    "resource_cost_per_correct_accepted": 0.0,
    "risk_latency_product": 1.8679395678152753,
    "risk_per_joule": 0.00015669607440594032,
    "semantic_goodput": 0.0,
    "semantic_outage": 0.709592641261498,
    "total_bandwidth": 2130.80000000006,
    "total_compute": 2526.4999999999177,
    "total_energy": 4139.499999999793,
    "total_harq_full_payload_rounds": 2435.0,
    "total_harq_refinement_rounds": 913.0,
    "total_harq_transmissions": 2435.0,
    "total_latency": 4383.000000000206,
    "total_power": 2511.25,
    "total_repetitions": 2435.0,
    "total_resource_cost": 3137.4475
  },
  "name": "task-open_clip_full_16629838",
  "regime": "task-open",
  "samples": 20000,
  "seed": 0,
  "users": 4
}
{
  "calibration_samples": 640,
  "dataset_manifest": "/lustre10/scratch/nickyun/scratch/ahmed/opensemcomm/manifests/opensemcom_real_clip.csv",
  "decisions": {
    "reject/open": 384
  },
  "evaluated_samples": 384,
  "manifest_summary": {
    "indexed_rows": 0,
    "regimes": {
      "channel-open": 384,
      "class-open": 3264,
      "closed-id": 1024,
      "full-open": 3982,
      "resource-open": 384,
      "source-open": 704,
      "task-open": 1138
    },
    "rows": 10880,
    "splits": {
      "calibration": 640,
      "eval": 10240
    }
  },
  "metrics": {
    "accepted_samples": 0.0,
    "accuracy": 0.8958333333333334,
    "adaptation_harm_rate": 0.391304347826087,
    "auroc_ood": 0.5,
    "avg_bandwidth": 1.39999999999999,
    "avg_compute": 1.852864583333323,
    "avg_energy": 5.998697916666663,
    "avg_harq_full_payload_rounds": 3.5286458333333335,
    "avg_harq_refinement_rounds": 2.5286458333333335,
    "avg_harq_transmissions": 3.5286458333333335,
    "avg_latency": 6.351562499999997,
    "avg_power": 2.1321614583333335,
    "avg_repetitions": 3.5286458333333335,
    "avg_resource_cost": 3.5610221354166676,
    "bandwidth_per_accepted": 0.0,
    "bandwidth_per_correct_accepted": 0.0,
    "certified_accept_rate": 0.0,
    "correct_accepted_samples": 0.0,
    "coverage": 0.796875,
    "fpr95": 1.0,
    "goodput_per_bandwidth": 0.0,
    "goodput_per_resource_cost": 0.0,
    "harq_full_payload_sample_rate": 1.0,
    "harq_hit_max_refinements_rate": 0.8072916666666666,
    "harq_refined_sample_rate": 0.8854166666666666,
    "open_semantic_outage": 0.0,
    "open_semantic_risk": 0.5160177893446632,
    "open_set_f1": 0.0,
    "prediction_set_size": 0.8072916666666666,
    "resource_cost_per_correct_accepted": 0.0,
    "risk_latency_product": 3.2775192401344615,
    "risk_per_joule": 0.00022401466869748798,
    "semantic_goodput": 0.0,
    "semantic_outage": 0.10416666666666667,
    "total_bandwidth": 537.5999999999962,
    "total_compute": 711.499999999996,
    "total_energy": 2303.4999999999986,
    "total_harq_full_payload_rounds": 1355.0,
    "total_harq_refinement_rounds": 971.0,
    "total_harq_transmissions": 1355.0,
    "total_latency": 2438.999999999999,
    "total_power": 818.75,
    "total_repetitions": 1355.0,
    "total_resource_cost": 1367.4325000000003
  },
  "name": "resource-open_clip_full_16629838",
  "regime": "resource-open",
  "samples": 20000,
  "seed": 0,
  "users": 4
}
{
  "calibration_samples": 640,
  "dataset_manifest": "/lustre10/scratch/nickyun/scratch/ahmed/opensemcomm/manifests/opensemcom_real_clip.csv",
  "decisions": {
    "reject/open": 3982
  },
  "evaluated_samples": 3982,
  "manifest_summary": {
    "indexed_rows": 0,
    "regimes": {
      "channel-open": 384,
      "class-open": 3264,
      "closed-id": 1024,
      "full-open": 3982,
      "resource-open": 384,
      "source-open": 704,
      "task-open": 1138
    },
    "rows": 10880,
    "splits": {
      "calibration": 640,
      "eval": 10240
    }
  },
  "metrics": {
    "accepted_samples": 0.0,
    "accuracy": 0.03415369161225512,
    "adaptation_harm_rate": 0.0,
    "auroc_ood": 0.9641156255790254,
    "avg_bandwidth": 1.3007031642390516,
    "avg_compute": 1.5104972375690295,
    "avg_energy": 5.589213962832447,
    "avg_harq_full_payload_rounds": 1.2875439477649422,
    "avg_harq_refinement_rounds": 2.097940733299849,
    "avg_harq_transmissions": 3.097940733299849,
    "avg_latency": 5.874183827222824,
    "avg_power": 1.5244851833249624,
    "avg_repetitions": 3.5944249121044702,
    "avg_resource_cost": 3.1605160723254646,
    "bandwidth_per_accepted": 0.0,
    "bandwidth_per_correct_accepted": 0.0,
    "certified_accept_rate": 0.0,
    "correct_accepted_samples": 0.0,
    "coverage": 0.1401305876443998,
    "fpr95": 0.2526041666666667,
    "goodput_per_bandwidth": 0.0,
    "goodput_per_resource_cost": 0.0,
    "harq_full_payload_sample_rate": 0.6931190356604722,
    "harq_hit_max_refinements_rate": 0.4881968859869412,
    "harq_refined_sample_rate": 0.8103967855349071,
    "open_semantic_outage": 0.0,
    "open_semantic_risk": 0.9271936978252757,
    "open_set_f1": 0.7124709250313115,
    "prediction_set_size": 5.760421898543446,
    "resource_cost_per_correct_accepted": 0.0,
    "risk_latency_product": 5.446506224468161,
    "risk_per_joule": 4.165992464253078e-05,
    "semantic_goodput": 0.0,
    "semantic_outage": 0.9658463083877449,
    "total_bandwidth": 5179.399999999903,
    "total_compute": 6014.799999999876,
    "total_energy": 22256.249999998803,
    "total_harq_full_payload_rounds": 5127.0,
    "total_harq_refinement_rounds": 8354.0,
    "total_harq_transmissions": 12336.0,
    "total_latency": 23391.000000001284,
    "total_power": 6070.5,
    "total_repetitions": 14313.0,
    "total_resource_cost": 12585.175
  },
  "name": "full-open_clip_full_16629838",
  "regime": "full-open",
  "samples": 20000,
  "seed": 0,
  "users": 4
}
{
  "rows": 7,
  "csv": "/lustre10/scratch/nickyun/scratch/ahmed/opensemcomm/runs/clip_full_results_16629838.csv",
  "json": "/lustre10/scratch/nickyun/scratch/ahmed/opensemcomm/runs/clip_full_results_16629838.json"
}
