2026-07-21 15:32:15.641660: I tensorflow/core/util/port.cc:153] oneDNN custom operations are on. You may see slightly different numerical results due to floating-point round-off errors from different computation orders. To turn them off, set the environment variable `TF_ENABLE_ONEDNN_OPTS=0`.
2026-07-21 15:32:16.135359: E external/local_xla/xla/stream_executor/cuda/cuda_fft.cc:467] Unable to register cuFFT factory: Attempting to register factory for plugin cuFFT when one has already been registered
WARNING: All log messages before absl::InitializeLog() is called are written to STDERR
E0000 00:00:1784662336.262899  846482 cuda_dnn.cc:8579] Unable to register cuDNN factory: Attempting to register factory for plugin cuDNN when one has already been registered
E0000 00:00:1784662336.309328  846482 cuda_blas.cc:1407] Unable to register cuBLAS factory: Attempting to register factory for plugin cuBLAS when one has already been registered
W0000 00:00:1784662336.654436  846482 computation_placer.cc:177] computation placer already registered. Please check linkage and avoid linking the same target more than once.
W0000 00:00:1784662336.654481  846482 computation_placer.cc:177] computation placer already registered. Please check linkage and avoid linking the same target more than once.
W0000 00:00:1784662336.654487  846482 computation_placer.cc:177] computation placer already registered. Please check linkage and avoid linking the same target more than once.
W0000 00:00:1784662336.654493  846482 computation_placer.cc:177] computation placer already registered. Please check linkage and avoid linking the same target more than once.
2026-07-21 15:32:16.702626: I tensorflow/core/platform/cpu_feature_guard.cc:210] This TensorFlow binary is optimized to use available CPU instructions in performance-critical operations.
To enable the following instructions: AVX2 AVX512F AVX512_VNNI AVX512_BF16 AVX512_FP16 AVX_VNNI AMX_TILE AMX_INT8 AMX_BF16 FMA, in other operations, rebuild TensorFlow with the appropriate compiler flags.
2026-07-21 15:32:38.296117: I tensorflow/core/util/port.cc:153] oneDNN custom operations are on. You may see slightly different numerical results due to floating-point round-off errors from different computation orders. To turn them off, set the environment variable `TF_ENABLE_ONEDNN_OPTS=0`.
2026-07-21 15:32:38.309775: E external/local_xla/xla/stream_executor/cuda/cuda_fft.cc:467] Unable to register cuFFT factory: Attempting to register factory for plugin cuFFT when one has already been registered
WARNING: All log messages before absl::InitializeLog() is called are written to STDERR
E0000 00:00:1784662358.323424  846566 cuda_dnn.cc:8579] Unable to register cuDNN factory: Attempting to register factory for plugin cuDNN when one has already been registered
E0000 00:00:1784662358.327708  846566 cuda_blas.cc:1407] Unable to register cuBLAS factory: Attempting to register factory for plugin cuBLAS when one has already been registered
W0000 00:00:1784662358.339931  846566 computation_placer.cc:177] computation placer already registered. Please check linkage and avoid linking the same target more than once.
W0000 00:00:1784662358.339970  846566 computation_placer.cc:177] computation placer already registered. Please check linkage and avoid linking the same target more than once.
W0000 00:00:1784662358.339977  846566 computation_placer.cc:177] computation placer already registered. Please check linkage and avoid linking the same target more than once.
W0000 00:00:1784662358.339982  846566 computation_placer.cc:177] computation placer already registered. Please check linkage and avoid linking the same target more than once.
2026-07-21 15:32:38.343966: I tensorflow/core/platform/cpu_feature_guard.cc:210] This TensorFlow binary is optimized to use available CPU instructions in performance-critical operations.
To enable the following instructions: AVX2 AVX512F AVX512_VNNI AVX512_BF16 AVX512_FP16 AVX_VNNI AMX_TILE AMX_INT8 AMX_BF16 FMA, in other operations, rebuild TensorFlow with the appropriate compiler flags.
Traceback (most recent call last):
  File "/lustre10/scratch/nickyun/scratch/ahmed/opensemcomm/src/opensemcom/phy.py", line 221, in _load_sionna_components
    import sionna.phy as sionna_phy
ModuleNotFoundError: No module named 'sionna.phy'

The above exception was the direct cause of the following exception:

Traceback (most recent call last):
  File "<frozen runpy>", line 198, in _run_module_as_main
  File "<frozen runpy>", line 88, in _run_code
  File "/lustre10/scratch/nickyun/scratch/ahmed/opensemcomm/src/opensemcom/cli/run_config.py", line 141, in <module>
    main()
  File "/lustre10/scratch/nickyun/scratch/ahmed/opensemcomm/src/opensemcom/cli/run_config.py", line 54, in main
    result = run_experiment(
             ^^^^^^^^^^^^^^^
  File "/lustre10/scratch/nickyun/scratch/ahmed/opensemcomm/src/opensemcom/simulation.py", line 317, in run_experiment
    channel = build_channel(channel_config, np.random.default_rng(config.seed + 100))
              ^^^^^^^^^^^^^^^^^^^^^^^^^^^^^^^^^^^^^^^^^^^^^^^^^^^^^^^^^^^^^^^^^^^^^^^
  File "/lustre10/scratch/nickyun/scratch/ahmed/opensemcomm/src/opensemcom/channels.py", line 118, in build_channel
    return SionnaChannel(config, rng)
           ^^^^^^^^^^^^^^^^^^^^^^^^^^
  File "/lustre10/scratch/nickyun/scratch/ahmed/opensemcomm/src/opensemcom/channels.py", line 99, in __init__
    self._link = SionnaDigitalLink(config)
                 ^^^^^^^^^^^^^^^^^^^^^^^^^
  File "/lustre10/scratch/nickyun/scratch/ahmed/opensemcomm/src/opensemcom/phy.py", line 52, in __init__
    self._torch, self._sionna = _load_sionna_components()
                                ^^^^^^^^^^^^^^^^^^^^^^^^^
  File "/lustre10/scratch/nickyun/scratch/ahmed/opensemcomm/src/opensemcom/phy.py", line 227, in _load_sionna_components
    raise RuntimeError(
RuntimeError: Sionna backend requested, but Sionna/PyTorch are not available. Install the project with `.[sionna]` in a Sionna-compatible environment.
