{'sionna': '2.0.1', 'torch': '2.13.0', 'cuda_available': True}
{
  "indexed_rows": 0,
  "regimes": {
    "channel-open": 384,
    "class-open": 3264,
    "closed-id": 1024,
    "full-open": 3982,
    "resource-open": 384,
    "source-open": 704,
    "task-open": 1138
  },
  "rows": 10880,
  "splits": {
    "calibration": 640,
    "eval": 10240
  }
}
{
  "calibration_samples": 640,
  "dataset_manifest": "/lustre10/scratch/nickyun/scratch/ahmed/opensemcomm/manifests/opensemcom_rorqual_clip.csv",
  "decisions": {
    "accept": 164,
    "reject/open": 220
  },
  "evaluated_samples": 384,
  "manifest_summary": {
    "indexed_rows": 0,
    "regimes": {
      "channel-open": 384,
      "class-open": 3264,
      "closed-id": 1024,
      "full-open": 3982,
      "resource-open": 384,
      "source-open": 704,
      "task-open": 1138
    },
    "rows": 10880,
    "splits": {
      "calibration": 640,
      "eval": 10240
    }
  },
  "metrics": {
    "accepted_samples": 164.0,
    "accuracy": 0.8880208333333334,
    "adaptation_harm_rate": 0.43478260869565216,
    "auroc_ood": 0.5,
    "avg_bandwidth": 1.39999999999999,
    "avg_compute": 1.7158854166666695,
    "avg_energy": 3.6700520833333403,
    "avg_harq_full_payload_rounds": 2.1588541666666665,
    "avg_harq_refinement_rounds": 1.1588541666666667,
    "avg_harq_transmissions": 2.1588541666666665,
    "avg_latency": 3.8859374999999923,
    "avg_power": 1.7897135416666667,
    "avg_repetitions": 2.1588541666666665,
    "avg_resource_cost": 2.4960091145833334,
    "bandwidth_per_accepted": 3.2780487804877816,
    "bandwidth_per_correct_accepted": 3.2780487804877816,
    "certified_accept_rate": 0.0,
    "correct_accepted_samples": 164.0,
    "coverage": 0.7473958333333334,
    "fpr95": 1.0,
    "goodput_per_bandwidth": 0.305059523809526,
    "goodput_per_resource_cost": 0.17110647987542615,
    "harq_full_payload_sample_rate": 1.0,
    "harq_hit_max_refinements_rate": 0.3515625,
    "harq_refined_sample_rate": 0.4140625,
    "open_semantic_outage": 0.0,
    "open_semantic_risk": 0.4493851217949212,
    "open_set_f1": 0.0,
    "prediction_set_size": 0.7786458333333334,
    "resource_cost_per_correct_accepted": 5.844314024390243,
    "risk_latency_product": 1.746282496724948,
    "risk_per_joule": 0.000318871157166622,
    "semantic_goodput": 0.06594290309609972,
    "semantic_outage": 0.11197916666666667,
    "total_bandwidth": 537.5999999999962,
    "total_compute": 658.9000000000011,
    "total_energy": 1409.3000000000027,
    "total_harq_full_payload_rounds": 829.0,
    "total_harq_refinement_rounds": 445.0,
    "total_harq_transmissions": 829.0,
    "total_latency": 1492.199999999997,
    "total_power": 687.25,
    "total_repetitions": 829.0,
    "total_resource_cost": 958.4675
  },
  "name": "closed-id_rorqual_clip_full_sionna_16944284",
  "regime": "closed-id",
  "samples": 20000,
  "seed": 0,
  "users": 4
}
{
  "calibration_samples": 640,
  "dataset_manifest": "/lustre10/scratch/nickyun/scratch/ahmed/opensemcomm/manifests/opensemcom_rorqual_clip.csv",
  "decisions": {
    "reject/open": 384
  },
  "evaluated_samples": 384,
  "manifest_summary": {
    "indexed_rows": 0,
    "regimes": {
      "channel-open": 384,
      "class-open": 3264,
      "closed-id": 1024,
      "full-open": 3982,
      "resource-open": 384,
      "source-open": 704,
      "task-open": 1138
    },
    "rows": 10880,
    "splits": {
      "calibration": 640,
      "eval": 10240
    }
  },
  "metrics": {
    "accepted_samples": 0.0,
    "accuracy": 0.8619791666666666,
    "adaptation_harm_rate": 0.34782608695652173,
    "auroc_ood": 0.5,
    "avg_bandwidth": 1.39999999999999,
    "avg_compute": 1.7000000000000035,
    "avg_energy": 6.800000000000014,
    "avg_harq_full_payload_rounds": 2.0,
    "avg_harq_refinement_rounds": 3.0,
    "avg_harq_transmissions": 4.0,
    "avg_latency": 7.199999999999977,
    "avg_power": 1.75,
    "avg_repetitions": 4.0,
    "avg_resource_cost": 3.7725000000000004,
    "bandwidth_per_accepted": 0.0,
    "bandwidth_per_correct_accepted": 0.0,
    "certified_accept_rate": 0.0,
    "correct_accepted_samples": 0.0,
    "coverage": 1.0,
    "fpr95": 1.0,
    "goodput_per_bandwidth": 0.0,
    "goodput_per_resource_cost": 0.0,
    "harq_full_payload_sample_rate": 1.0,
    "harq_hit_max_refinements_rate": 1.0,
    "harq_refined_sample_rate": 1.0,
    "open_semantic_outage": 0.0,
    "open_semantic_risk": 0.5117552083333332,
    "open_set_f1": 0.0,
    "prediction_set_size": 6.0,
    "resource_cost_per_correct_accepted": 0.0,
    "risk_latency_product": 3.6846374999999876,
    "risk_per_joule": 0.0001959846845639293,
    "semantic_goodput": 0.0,
    "semantic_outage": 0.13802083333333334,
    "total_bandwidth": 537.5999999999962,
    "total_compute": 652.8000000000013,
    "total_energy": 2611.2000000000053,
    "total_harq_full_payload_rounds": 768.0,
    "total_harq_refinement_rounds": 1152.0,
    "total_harq_transmissions": 1536.0,
    "total_latency": 2764.799999999991,
    "total_power": 672.0,
    "total_repetitions": 1536.0,
    "total_resource_cost": 1448.64
  },
  "name": "channel-open_rorqual_clip_full_sionna_16944284",
  "regime": "channel-open",
  "samples": 20000,
  "seed": 0,
  "users": 4
}
{
  "calibration_samples": 640,
  "dataset_manifest": "/lustre10/scratch/nickyun/scratch/ahmed/opensemcomm/manifests/opensemcom_rorqual_clip.csv",
  "decisions": {
    "accept": 164,
    "reject/open": 924
  },
  "evaluated_samples": 1088,
  "manifest_summary": {
    "indexed_rows": 0,
    "regimes": {
      "channel-open": 384,
      "class-open": 3264,
      "closed-id": 1024,
      "full-open": 3982,
      "resource-open": 384,
      "source-open": 704,
      "task-open": 1138
    },
    "rows": 10880,
    "splits": {
      "calibration": 640,
      "eval": 10240
    }
  },
  "metrics": {
    "accepted_samples": 164.0,
    "accuracy": 0.3345588235294118,
    "adaptation_harm_rate": 0.29850746268656714,
    "auroc_ood": 0.9999963008996212,
    "avg_bandwidth": 1.400000000000019,
    "avg_compute": 1.658180147058786,
    "avg_energy": 2.6890624999999204,
    "avg_harq_full_payload_rounds": 1.5818014705882353,
    "avg_harq_refinement_rounds": 0.5818014705882353,
    "avg_harq_transmissions": 1.5818014705882353,
    "avg_latency": 2.847242647058902,
    "avg_power": 1.6454503676470589,
    "avg_repetitions": 1.5818014705882353,
    "avg_resource_cost": 2.047350643382353,
    "bandwidth_per_accepted": 9.287804878048908,
    "bandwidth_per_correct_accepted": 9.287804878048908,
    "certified_accept_rate": 0.0,
    "correct_accepted_samples": 164.0,
    "coverage": 0.2665441176470588,
    "fpr95": 0.0,
    "goodput_per_bandwidth": 0.10766806722688929,
    "goodput_per_resource_cost": 0.07362456187212896,
    "harq_full_payload_sample_rate": 1.0,
    "harq_hit_max_refinements_rate": 0.17647058823529413,
    "harq_refined_sample_rate": 0.2104779411764706,
    "open_semantic_outage": 0.0,
    "open_semantic_risk": 0.5840454940432267,
    "open_set_f1": 0.8717948717948718,
    "prediction_set_size": 0.7536764705882353,
    "resource_cost_per_correct_accepted": 13.582423780487805,
    "risk_latency_product": 1.662919238462461,
    "risk_per_joule": 0.0001996258994576491,
    "semantic_goodput": 0.03176447801665698,
    "semantic_outage": 0.6654411764705882,
    "total_bandwidth": 1523.2000000000207,
    "total_compute": 1804.0999999999592,
    "total_energy": 2925.6999999999134,
    "total_harq_full_payload_rounds": 1721.0,
    "total_harq_refinement_rounds": 633.0,
    "total_harq_transmissions": 1721.0,
    "total_latency": 3097.8000000000857,
    "total_power": 1790.25,
    "total_repetitions": 1721.0,
    "total_resource_cost": 2227.5175
  },
  "name": "source-open_rorqual_clip_full_sionna_16944284",
  "regime": "source-open",
  "samples": 20000,
  "seed": 0,
  "users": 4
}
{
  "calibration_samples": 640,
  "dataset_manifest": "/lustre10/scratch/nickyun/scratch/ahmed/opensemcomm/manifests/opensemcom_rorqual_clip.csv",
  "decisions": {
    "accept": 178,
    "reject/open": 3470
  },
  "evaluated_samples": 3648,
  "manifest_summary": {
    "indexed_rows": 0,
    "regimes": {
      "channel-open": 384,
      "class-open": 3264,
      "closed-id": 1024,
      "full-open": 3982,
      "resource-open": 384,
      "source-open": 704,
      "task-open": 1138
    },
    "rows": 10880,
    "splits": {
      "calibration": 640,
      "eval": 10240
    }
  },
  "metrics": {
    "accepted_samples": 178.0,
    "accuracy": 0.09347587719298245,
    "adaptation_harm_rate": 0.04405286343612335,
    "auroc_ood": 0.9857528786254085,
    "avg_bandwidth": 1.3999999999999795,
    "avg_compute": 1.7050164473684448,
    "avg_energy": 3.485279605263215,
    "avg_harq_full_payload_rounds": 2.0501644736842106,
    "avg_harq_refinement_rounds": 1.0501644736842106,
    "avg_harq_transmissions": 2.0501644736842106,
    "avg_latency": 3.6902960526315134,
    "avg_power": 1.7625411184210527,
    "avg_repetitions": 2.0501644736842106,
    "avg_resource_cost": 2.4115028782894736,
    "bandwidth_per_accepted": 28.692134831460255,
    "bandwidth_per_correct_accepted": 31.14146341463369,
    "certified_accept_rate": 0.0,
    "correct_accepted_samples": 164.0,
    "coverage": 0.07867324561403509,
    "fpr95": 0.0703125,
    "goodput_per_bandwidth": 0.032111528822055604,
    "goodput_per_resource_cost": 0.018642374742992414,
    "harq_full_payload_sample_rate": 1.0,
    "harq_hit_max_refinements_rate": 0.3196271929824561,
    "harq_refined_sample_rate": 0.3802083333333333,
    "open_semantic_outage": 0.07865168539325842,
    "open_semantic_risk": 0.9057694192612545,
    "open_set_f1": 0.7169811320754718,
    "prediction_set_size": 0.3684210526315789,
    "resource_cost_per_correct_accepted": 53.64123475609756,
    "risk_latency_product": 3.342557312494146,
    "risk_per_joule": 7.124021135738811e-05,
    "semantic_goodput": 0.007309355083121629,
    "semantic_outage": 0.9065241228070176,
    "total_bandwidth": 5107.199999999925,
    "total_compute": 6219.900000000087,
    "total_energy": 12714.300000000208,
    "total_harq_full_payload_rounds": 7479.0,
    "total_harq_refinement_rounds": 3831.0,
    "total_harq_transmissions": 7479.0,
    "total_latency": 13462.19999999976,
    "total_power": 6429.75,
    "total_repetitions": 7479.0,
    "total_resource_cost": 8797.1625
  },
  "name": "class-open_rorqual_clip_full_sionna_16944284",
  "regime": "class-open",
  "samples": 20000,
  "seed": 0,
  "users": 4
}
{
  "calibration_samples": 640,
  "dataset_manifest": "/lustre10/scratch/nickyun/scratch/ahmed/opensemcomm/manifests/opensemcom_rorqual_clip.csv",
  "decisions": {
    "accept": 164,
    "reject/open": 1358
  },
  "evaluated_samples": 1522,
  "manifest_summary": {
    "indexed_rows": 0,
    "regimes": {
      "channel-open": 384,
      "class-open": 3264,
      "closed-id": 1024,
      "full-open": 3982,
      "resource-open": 384,
      "source-open": 704,
      "task-open": 1138
    },
    "rows": 10880,
    "splits": {
      "calibration": 640,
      "eval": 10240
    }
  },
  "metrics": {
    "accepted_samples": 164.0,
    "accuracy": 0.514454664914586,
    "adaptation_harm_rate": 0.21052631578947367,
    "auroc_ood": 1.0,
    "avg_bandwidth": 1.4000000000000397,
    "avg_compute": 1.6337056504598737,
    "avg_energy": 2.272996057818587,
    "avg_harq_full_payload_rounds": 1.3370565045992115,
    "avg_harq_refinement_rounds": 0.33705650459921155,
    "avg_harq_transmissions": 1.3370565045992115,
    "avg_latency": 2.4067017082786637,
    "avg_power": 1.584264126149803,
    "avg_repetitions": 1.3370565045992115,
    "avg_resource_cost": 1.8570614323258872,
    "bandwidth_per_accepted": 12.992682926829636,
    "bandwidth_per_correct_accepted": 12.992682926829636,
    "certified_accept_rate": 0.0,
    "correct_accepted_samples": 164.0,
    "coverage": 0.44218134034165574,
    "fpr95": 0.0,
    "goodput_per_bandwidth": 0.07696639759714444,
    "goodput_per_resource_cost": 0.05802336678816783,
    "harq_full_payload_sample_rate": 1.0,
    "harq_hit_max_refinements_rate": 0.10183968462549277,
    "harq_refined_sample_rate": 0.1202365308804205,
    "open_semantic_outage": 0.0,
    "open_semantic_risk": 0.593479263190751,
    "open_set_f1": 0.8014744602422327,
    "prediction_set_size": 0.8685939553219448,
    "resource_cost_per_correct_accepted": 17.234435975609756,
    "risk_latency_product": 1.428327556549143,
    "risk_per_joule": 0.00017155058915761527,
    "semantic_goodput": 0.026863226863226862,
    "semantic_outage": 0.4855453350854139,
    "total_bandwidth": 2130.80000000006,
    "total_compute": 2486.4999999999277,
    "total_energy": 3459.499999999889,
    "total_harq_full_payload_rounds": 2035.0,
    "total_harq_refinement_rounds": 513.0,
    "total_harq_transmissions": 2035.0,
    "total_latency": 3663.000000000126,
    "total_power": 2411.25,
    "total_repetitions": 2035.0,
    "total_resource_cost": 2826.4475
  },
  "name": "task-open_rorqual_clip_full_sionna_16944284",
  "regime": "task-open",
  "samples": 20000,
  "seed": 0,
  "users": 4
}
{
  "calibration_samples": 640,
  "dataset_manifest": "/lustre10/scratch/nickyun/scratch/ahmed/opensemcomm/manifests/opensemcom_rorqual_clip.csv",
  "decisions": {
    "accept": 164,
    "reject/open": 220
  },
  "evaluated_samples": 384,
  "manifest_summary": {
    "indexed_rows": 0,
    "regimes": {
      "channel-open": 384,
      "class-open": 3264,
      "closed-id": 1024,
      "full-open": 3982,
      "resource-open": 384,
      "source-open": 704,
      "task-open": 1138
    },
    "rows": 10880,
    "splits": {
      "calibration": 640,
      "eval": 10240
    }
  },
  "metrics": {
    "accepted_samples": 164.0,
    "accuracy": 0.8880208333333334,
    "adaptation_harm_rate": 0.43478260869565216,
    "auroc_ood": 0.5,
    "avg_bandwidth": 1.39999999999999,
    "avg_compute": 1.7158854166666695,
    "avg_energy": 3.6700520833333403,
    "avg_harq_full_payload_rounds": 2.1588541666666665,
    "avg_harq_refinement_rounds": 1.1588541666666667,
    "avg_harq_transmissions": 2.1588541666666665,
    "avg_latency": 3.8859374999999923,
    "avg_power": 1.7897135416666667,
    "avg_repetitions": 2.1588541666666665,
    "avg_resource_cost": 2.4960091145833334,
    "bandwidth_per_accepted": 3.2780487804877816,
    "bandwidth_per_correct_accepted": 3.2780487804877816,
    "certified_accept_rate": 0.0,
    "correct_accepted_samples": 164.0,
    "coverage": 0.7473958333333334,
    "fpr95": 1.0,
    "goodput_per_bandwidth": 0.305059523809526,
    "goodput_per_resource_cost": 0.17110647987542615,
    "harq_full_payload_sample_rate": 1.0,
    "harq_hit_max_refinements_rate": 0.3515625,
    "harq_refined_sample_rate": 0.4140625,
    "open_semantic_outage": 0.0,
    "open_semantic_risk": 0.4493851217949212,
    "open_set_f1": 0.0,
    "prediction_set_size": 0.7786458333333334,
    "resource_cost_per_correct_accepted": 5.844314024390243,
    "risk_latency_product": 1.746282496724948,
    "risk_per_joule": 0.000318871157166622,
    "semantic_goodput": 0.06594290309609972,
    "semantic_outage": 0.11197916666666667,
    "total_bandwidth": 537.5999999999962,
    "total_compute": 658.9000000000011,
    "total_energy": 1409.3000000000027,
    "total_harq_full_payload_rounds": 829.0,
    "total_harq_refinement_rounds": 445.0,
    "total_harq_transmissions": 829.0,
    "total_latency": 1492.199999999997,
    "total_power": 687.25,
    "total_repetitions": 829.0,
    "total_resource_cost": 958.4675
  },
  "name": "resource-open_rorqual_clip_full_sionna_16944284",
  "regime": "resource-open",
  "samples": 20000,
  "seed": 0,
  "users": 4
}
{
  "calibration_samples": 640,
  "dataset_manifest": "/lustre10/scratch/nickyun/scratch/ahmed/opensemcomm/manifests/opensemcom_rorqual_clip.csv",
  "decisions": {
    "accept": 439,
    "reject/open": 3543
  },
  "evaluated_samples": 3982,
  "manifest_summary": {
    "indexed_rows": 0,
    "regimes": {
      "channel-open": 384,
      "class-open": 3264,
      "closed-id": 1024,
      "full-open": 3982,
      "resource-open": 384,
      "source-open": 704,
      "task-open": 1138
    },
    "rows": 10880,
    "splits": {
      "calibration": 640,
      "eval": 10240
    }
  },
  "metrics": {
    "accepted_samples": 439.0,
    "accuracy": 0.09241587142139629,
    "adaptation_harm_rate": 0.0,
    "auroc_ood": 0.9884716045951455,
    "avg_bandwidth": 1.1174786539427481,
    "avg_compute": 1.1978402812656799,
    "avg_energy": 3.9843420391762154,
    "avg_harq_full_payload_rounds": 0.47187343043696633,
    "avg_harq_refinement_rounds": 0.8036162732295329,
    "avg_harq_transmissions": 1.8036162732295329,
    "avg_latency": 4.0940733299850125,
    "avg_power": 1.2009040683073833,
    "avg_repetitions": 3.2162230035158212,
    "avg_resource_cost": 2.3190808638874936,
    "bandwidth_per_accepted": 10.136218678815542,
    "bandwidth_per_correct_accepted": 13.905625000000072,
    "certified_accept_rate": 0.0,
    "correct_accepted_samples": 320.0,
    "coverage": 0.08061275740833752,
    "fpr95": 0.036458333333333336,
    "goodput_per_bandwidth": 0.07191334441997356,
    "goodput_per_resource_cost": 0.03465236101696016,
    "harq_full_payload_sample_rate": 0.25565042692114515,
    "harq_hit_max_refinements_rate": 0.20718232044198895,
    "harq_refined_sample_rate": 0.33174284279256655,
    "open_semantic_outage": 0.27107061503416857,
    "open_semantic_risk": 1.0277992361985213,
    "open_set_f1": 0.7124709250313115,
    "prediction_set_size": 0.34304369663485684,
    "resource_cost_per_correct_accepted": 28.8580625,
    "risk_latency_product": 4.207885441499332,
    "risk_per_joule": 6.478141369553352e-05,
    "semantic_goodput": 0.01485194467650608,
    "semantic_outage": 0.9075841285786037,
    "total_bandwidth": 4449.800000000023,
    "total_compute": 4769.799999999937,
    "total_energy": 15865.64999999969,
    "total_harq_full_payload_rounds": 1879.0,
    "total_harq_refinement_rounds": 3200.0,
    "total_harq_transmissions": 7182.0,
    "total_latency": 16302.60000000032,
    "total_power": 4782.0,
    "total_repetitions": 12807.0,
    "total_resource_cost": 9234.58
  },
  "name": "full-open_rorqual_clip_full_sionna_16944284",
  "regime": "full-open",
  "samples": 20000,
  "seed": 0,
  "users": 4
}
{
  "rows": 7,
  "csv": "/lustre10/scratch/nickyun/scratch/ahmed/opensemcomm/runs/rorqual_clip_full_sionna_results_16944284.csv",
  "json": "/lustre10/scratch/nickyun/scratch/ahmed/opensemcomm/runs/rorqual_clip_full_sionna_results_16944284.json"
}
