d4fa8f6105ee400b481a81d7bdec413e079246a1
{
  "output_dir": "/lustre10/scratch/nickyun/scratch/ahmed/opensemcomm/runs/comparaison_full_17626552/closed-id",
  "methods": [
    "opensemcom",
    "dino",
    "siglip",
    "openclip"
  ]
}
{
  "output_dir": "/lustre10/scratch/nickyun/scratch/ahmed/opensemcomm/runs/comparaison_full_17626552/channel-open",
  "methods": [
    "opensemcom",
    "dino",
    "siglip",
    "openclip"
  ]
}
{
  "output_dir": "/lustre10/scratch/nickyun/scratch/ahmed/opensemcomm/runs/comparaison_full_17626552/source-open",
  "methods": [
    "opensemcom",
    "dino",
    "siglip",
    "openclip"
  ]
}
{
  "output_dir": "/lustre10/scratch/nickyun/scratch/ahmed/opensemcomm/runs/comparaison_full_17626552/class-open",
  "methods": [
    "opensemcom",
    "dino",
    "siglip",
    "openclip"
  ]
}
{
  "output_dir": "/lustre10/scratch/nickyun/scratch/ahmed/opensemcomm/runs/comparaison_full_17626552/task-open",
  "methods": [
    "opensemcom",
    "dino",
    "siglip",
    "openclip"
  ]
}
{
  "output_dir": "/lustre10/scratch/nickyun/scratch/ahmed/opensemcomm/runs/comparaison_full_17626552/resource-open",
  "methods": [
    "opensemcom",
    "dino",
    "siglip",
    "openclip"
  ]
}
{
  "output_dir": "/lustre10/scratch/nickyun/scratch/ahmed/opensemcomm/runs/comparaison_full_17626552/full-open",
  "methods": [
    "opensemcom",
    "dino",
    "siglip",
    "openclip"
  ]
}
