W0721 17:13:58.261000 2203113 .venv/lib/python3.11/site-packages/torch/utils/flop_counter.py:29] triton not found; flop counting will not work for triton kernels
Traceback (most recent call last):
  File "<frozen runpy>", line 198, in _run_module_as_main
  File "<frozen runpy>", line 88, in _run_code
  File "/lustre10/scratch/nickyun/scratch/ahmed/opensemcomm/src/opensemcom/cli/run_config.py", line 141, in <module>
    main()
  File "/lustre10/scratch/nickyun/scratch/ahmed/opensemcomm/src/opensemcom/cli/run_config.py", line 54, in main
    result = run_experiment(
             ^^^^^^^^^^^^^^^
  File "/lustre10/scratch/nickyun/scratch/ahmed/opensemcomm/src/opensemcom/simulation.py", line 317, in run_experiment
    channel = build_channel(channel_config, np.random.default_rng(config.seed + 100))
              ^^^^^^^^^^^^^^^^^^^^^^^^^^^^^^^^^^^^^^^^^^^^^^^^^^^^^^^^^^^^^^^^^^^^^^^
  File "/lustre10/scratch/nickyun/scratch/ahmed/opensemcomm/src/opensemcom/channels.py", line 118, in build_channel
    return SionnaChannel(config, rng)
           ^^^^^^^^^^^^^^^^^^^^^^^^^^
  File "/lustre10/scratch/nickyun/scratch/ahmed/opensemcomm/src/opensemcom/channels.py", line 99, in __init__
    self._link = SionnaDigitalLink(config)
                 ^^^^^^^^^^^^^^^^^^^^^^^^^
  File "/lustre10/scratch/nickyun/scratch/ahmed/opensemcomm/src/opensemcom/phy.py", line 59, in __init__
    self._encoder = self._sionna.LDPC5GEncoder(
                    ^^^^^^^^^^^^^^^^^^^^^^^^^^^
  File "/lustre10/scratch/nickyun/scratch/ahmed/opensemcomm/.venv/lib/python3.11/site-packages/sionna/phy/fec/ldpc/encoding.py", line 100, in __init__
    super().__init__(precision=precision, device=device, **kwargs)
  File "/lustre10/scratch/nickyun/scratch/ahmed/opensemcomm/.venv/lib/python3.11/site-packages/sionna/phy/block.py", line 38, in __init__
    super().__init__(precision=precision, device=device)
  File "/lustre10/scratch/nickyun/scratch/ahmed/opensemcomm/.venv/lib/python3.11/site-packages/sionna/phy/object.py", line 41, in __init__
    raise ValueError(f"Invalid device: {device}")
ValueError: Invalid device: cuda
