{'sionna': '2.0.1', 'torch': '2.13.0', 'cuda_available': True}
{
  "indexed_rows": 0,
  "regimes": {
    "channel-open": 384,
    "class-open": 3264,
    "closed-id": 1024,
    "full-open": 3982,
    "resource-open": 384,
    "source-open": 704,
    "task-open": 1138
  },
  "rows": 10880,
  "splits": {
    "calibration": 640,
    "eval": 10240
  }
}
{
  "calibration_samples": 640,
  "dataset_manifest": "/lustre10/scratch/nickyun/scratch/ahmed/opensemcomm/manifests/opensemcom_rorqual_clip.csv",
  "decisions": {
    "accept": 179,
    "reject/open": 205
  },
  "evaluated_samples": 384,
  "manifest_summary": {
    "indexed_rows": 0,
    "regimes": {
      "channel-open": 384,
      "class-open": 3264,
      "closed-id": 1024,
      "full-open": 3982,
      "resource-open": 384,
      "source-open": 704,
      "task-open": 1138
    },
    "rows": 10880,
    "splits": {
      "calibration": 640,
      "eval": 10240
    }
  },
  "metrics": {
    "accepted_samples": 179.0,
    "accuracy": 0.9010416666666666,
    "adaptation_harm_rate": 0.43478260869565216,
    "auroc_ood": 0.5,
    "avg_bandwidth": 1.1776041666666626,
    "avg_compute": 1.2945312500000001,
    "avg_energy": 1.7889322916666661,
    "avg_harq_full_payload_rounds": 0.5963541666666666,
    "avg_harq_refinement_rounds": 1.1692708333333333,
    "avg_harq_transmissions": 2.1692708333333335,
    "avg_latency": 1.8614583333333339,
    "avg_power": 1.2923177083333333,
    "avg_repetitions": 1.28125,
    "avg_resource_cost": 1.4828580729166667,
    "bandwidth_per_accepted": 2.5262569832402146,
    "bandwidth_per_correct_accepted": 2.5262569832402146,
    "certified_accept_rate": 0.0,
    "correct_accepted_samples": 179.0,
    "coverage": 0.7265625,
    "fpr95": 1.0,
    "goodput_per_bandwidth": 0.39584254754533527,
    "goodput_per_resource_cost": 0.3143563378364732,
    "harq_full_payload_sample_rate": 0.3151041666666667,
    "harq_hit_max_refinements_rate": 0.2760416666666667,
    "harq_refined_sample_rate": 0.5729166666666666,
    "open_semantic_outage": 0.0,
    "open_semantic_risk": 0.37583350196788956,
    "open_set_f1": 0.0,
    "prediction_set_size": 0.7421875,
    "resource_cost_per_correct_accepted": 3.1811033519553074,
    "risk_latency_product": 0.699598404183978,
    "risk_per_joule": 0.0005471045956297978,
    "semantic_goodput": 0.17063870352716873,
    "semantic_outage": 0.09895833333333333,
    "total_bandwidth": 452.19999999999845,
    "total_compute": 497.1,
    "total_energy": 686.9499999999998,
    "total_harq_full_payload_rounds": 229.0,
    "total_harq_refinement_rounds": 449.0,
    "total_harq_transmissions": 833.0,
    "total_latency": 714.8000000000002,
    "total_power": 496.25,
    "total_repetitions": 492.0,
    "total_resource_cost": 569.4175
  },
  "name": "closed-id_rorqual_clip_full_sionna_progressive_17260470",
  "regime": "closed-id",
  "samples": 384,
  "seed": 0,
  "users": 4
}
{
  "calibration_samples": 640,
  "dataset_manifest": "/lustre10/scratch/nickyun/scratch/ahmed/opensemcomm/manifests/opensemcom_rorqual_clip.csv",
  "decisions": {
    "accept": 196,
    "reject/open": 188
  },
  "evaluated_samples": 384,
  "manifest_summary": {
    "indexed_rows": 0,
    "regimes": {
      "channel-open": 384,
      "class-open": 3264,
      "closed-id": 1024,
      "full-open": 3982,
      "resource-open": 384,
      "source-open": 704,
      "task-open": 1138
    },
    "rows": 10880,
    "splits": {
      "calibration": 640,
      "eval": 10240
    }
  },
  "metrics": {
    "accepted_samples": 196.0,
    "accuracy": 0.859375,
    "adaptation_harm_rate": 0.34782608695652173,
    "auroc_ood": 0.5,
    "avg_bandwidth": 1.2531249999999943,
    "avg_compute": 1.4291666666666663,
    "avg_energy": 5.170052083333311,
    "avg_harq_full_payload_rounds": 1.0572916666666667,
    "avg_harq_refinement_rounds": 1.7604166666666667,
    "avg_harq_transmissions": 2.7604166666666665,
    "avg_latency": 5.409375000000019,
    "avg_power": 1.4401041666666667,
    "avg_repetitions": 3.4947916666666665,
    "avg_resource_cost": 2.940911458333334,
    "bandwidth_per_accepted": 2.4551020408163153,
    "bandwidth_per_correct_accepted": 2.4551020408163153,
    "certified_accept_rate": 0.0,
    "correct_accepted_samples": 196.0,
    "coverage": 0.9010416666666666,
    "fpr95": 1.0,
    "goodput_per_bandwidth": 0.4073150457190376,
    "goodput_per_resource_cost": 0.17355730490299384,
    "harq_full_payload_sample_rate": 0.5625,
    "harq_hit_max_refinements_rate": 0.4895833333333333,
    "harq_refined_sample_rate": 0.703125,
    "open_semantic_outage": 0.0,
    "open_semantic_risk": 0.335635500397959,
    "open_set_f1": 0.0,
    "prediction_set_size": 1.1328125,
    "resource_cost_per_correct_accepted": 5.761785714285715,
    "risk_latency_product": 1.8155782849652158,
    "risk_per_joule": 0.00016906034372536163,
    "semantic_goodput": 0.061635220125786164,
    "semantic_outage": 0.140625,
    "total_bandwidth": 481.19999999999783,
    "total_compute": 548.7999999999998,
    "total_energy": 1985.2999999999913,
    "total_harq_full_payload_rounds": 406.0,
    "total_harq_refinement_rounds": 676.0,
    "total_harq_transmissions": 1060.0,
    "total_latency": 2077.2000000000075,
    "total_power": 553.0,
    "total_repetitions": 1342.0,
    "total_resource_cost": 1129.3100000000002
  },
  "name": "channel-open_rorqual_clip_full_sionna_progressive_17260470",
  "regime": "channel-open",
  "samples": 384,
  "seed": 0,
  "users": 4
}
{
  "calibration_samples": 640,
  "dataset_manifest": "/lustre10/scratch/nickyun/scratch/ahmed/opensemcomm/manifests/opensemcom_rorqual_clip.csv",
  "decisions": {
    "accept": 179,
    "reject/open": 205
  },
  "evaluated_samples": 384,
  "manifest_summary": {
    "indexed_rows": 0,
    "regimes": {
      "channel-open": 384,
      "class-open": 3264,
      "closed-id": 1024,
      "full-open": 3982,
      "resource-open": 384,
      "source-open": 704,
      "task-open": 1138
    },
    "rows": 10880,
    "splits": {
      "calibration": 640,
      "eval": 10240
    }
  },
  "metrics": {
    "accepted_samples": 179.0,
    "accuracy": 0.9010416666666666,
    "adaptation_harm_rate": 0.43478260869565216,
    "auroc_ood": 0.5,
    "avg_bandwidth": 1.1776041666666626,
    "avg_compute": 1.2945312500000001,
    "avg_energy": 1.7889322916666661,
    "avg_harq_full_payload_rounds": 0.5963541666666666,
    "avg_harq_refinement_rounds": 1.1692708333333333,
    "avg_harq_transmissions": 2.1692708333333335,
    "avg_latency": 1.8614583333333339,
    "avg_power": 1.2923177083333333,
    "avg_repetitions": 1.28125,
    "avg_resource_cost": 1.4828580729166667,
    "bandwidth_per_accepted": 2.5262569832402146,
    "bandwidth_per_correct_accepted": 2.5262569832402146,
    "certified_accept_rate": 0.0,
    "correct_accepted_samples": 179.0,
    "coverage": 0.7265625,
    "fpr95": 1.0,
    "goodput_per_bandwidth": 0.39584254754533527,
    "goodput_per_resource_cost": 0.3143563378364732,
    "harq_full_payload_sample_rate": 0.3151041666666667,
    "harq_hit_max_refinements_rate": 0.2760416666666667,
    "harq_refined_sample_rate": 0.5729166666666666,
    "open_semantic_outage": 0.0,
    "open_semantic_risk": 0.37583350196788956,
    "open_set_f1": 0.0,
    "prediction_set_size": 0.7421875,
    "resource_cost_per_correct_accepted": 3.1811033519553074,
    "risk_latency_product": 0.699598404183978,
    "risk_per_joule": 0.0005471045956297978,
    "semantic_goodput": 0.17063870352716873,
    "semantic_outage": 0.09895833333333333,
    "total_bandwidth": 452.19999999999845,
    "total_compute": 497.1,
    "total_energy": 686.9499999999998,
    "total_harq_full_payload_rounds": 229.0,
    "total_harq_refinement_rounds": 449.0,
    "total_harq_transmissions": 833.0,
    "total_latency": 714.8000000000002,
    "total_power": 496.25,
    "total_repetitions": 492.0,
    "total_resource_cost": 569.4175
  },
  "name": "source-open_rorqual_clip_full_sionna_progressive_17260470",
  "regime": "source-open",
  "samples": 384,
  "seed": 0,
  "users": 4
}
{
  "calibration_samples": 640,
  "dataset_manifest": "/lustre10/scratch/nickyun/scratch/ahmed/opensemcomm/manifests/opensemcom_rorqual_clip.csv",
  "decisions": {
    "accept": 179,
    "reject/open": 205
  },
  "evaluated_samples": 384,
  "manifest_summary": {
    "indexed_rows": 0,
    "regimes": {
      "channel-open": 384,
      "class-open": 3264,
      "closed-id": 1024,
      "full-open": 3982,
      "resource-open": 384,
      "source-open": 704,
      "task-open": 1138
    },
    "rows": 10880,
    "splits": {
      "calibration": 640,
      "eval": 10240
    }
  },
  "metrics": {
    "accepted_samples": 179.0,
    "accuracy": 0.9010416666666666,
    "adaptation_harm_rate": 0.43478260869565216,
    "auroc_ood": 0.5,
    "avg_bandwidth": 1.1776041666666626,
    "avg_compute": 1.2945312500000001,
    "avg_energy": 1.7889322916666661,
    "avg_harq_full_payload_rounds": 0.5963541666666666,
    "avg_harq_refinement_rounds": 1.1692708333333333,
    "avg_harq_transmissions": 2.1692708333333335,
    "avg_latency": 1.8614583333333339,
    "avg_power": 1.2923177083333333,
    "avg_repetitions": 1.28125,
    "avg_resource_cost": 1.4828580729166667,
    "bandwidth_per_accepted": 2.5262569832402146,
    "bandwidth_per_correct_accepted": 2.5262569832402146,
    "certified_accept_rate": 0.0,
    "correct_accepted_samples": 179.0,
    "coverage": 0.7265625,
    "fpr95": 1.0,
    "goodput_per_bandwidth": 0.39584254754533527,
    "goodput_per_resource_cost": 0.3143563378364732,
    "harq_full_payload_sample_rate": 0.3151041666666667,
    "harq_hit_max_refinements_rate": 0.2760416666666667,
    "harq_refined_sample_rate": 0.5729166666666666,
    "open_semantic_outage": 0.0,
    "open_semantic_risk": 0.37583350196788956,
    "open_set_f1": 0.0,
    "prediction_set_size": 0.7421875,
    "resource_cost_per_correct_accepted": 3.1811033519553074,
    "risk_latency_product": 0.699598404183978,
    "risk_per_joule": 0.0005471045956297978,
    "semantic_goodput": 0.17063870352716873,
    "semantic_outage": 0.09895833333333333,
    "total_bandwidth": 452.19999999999845,
    "total_compute": 497.1,
    "total_energy": 686.9499999999998,
    "total_harq_full_payload_rounds": 229.0,
    "total_harq_refinement_rounds": 449.0,
    "total_harq_transmissions": 833.0,
    "total_latency": 714.8000000000002,
    "total_power": 496.25,
    "total_repetitions": 492.0,
    "total_resource_cost": 569.4175
  },
  "name": "class-open_rorqual_clip_full_sionna_progressive_17260470",
  "regime": "class-open",
  "samples": 384,
  "seed": 0,
  "users": 4
}
{
  "calibration_samples": 640,
  "dataset_manifest": "/lustre10/scratch/nickyun/scratch/ahmed/opensemcomm/manifests/opensemcom_rorqual_clip.csv",
  "decisions": {
    "accept": 179,
    "reject/open": 205
  },
  "evaluated_samples": 384,
  "manifest_summary": {
    "indexed_rows": 0,
    "regimes": {
      "channel-open": 384,
      "class-open": 3264,
      "closed-id": 1024,
      "full-open": 3982,
      "resource-open": 384,
      "source-open": 704,
      "task-open": 1138
    },
    "rows": 10880,
    "splits": {
      "calibration": 640,
      "eval": 10240
    }
  },
  "metrics": {
    "accepted_samples": 179.0,
    "accuracy": 0.9010416666666666,
    "adaptation_harm_rate": 0.43478260869565216,
    "auroc_ood": 0.5,
    "avg_bandwidth": 1.1776041666666626,
    "avg_compute": 1.2945312500000001,
    "avg_energy": 1.7889322916666661,
    "avg_harq_full_payload_rounds": 0.5963541666666666,
    "avg_harq_refinement_rounds": 1.1692708333333333,
    "avg_harq_transmissions": 2.1692708333333335,
    "avg_latency": 1.8614583333333339,
    "avg_power": 1.2923177083333333,
    "avg_repetitions": 1.28125,
    "avg_resource_cost": 1.4828580729166667,
    "bandwidth_per_accepted": 2.5262569832402146,
    "bandwidth_per_correct_accepted": 2.5262569832402146,
    "certified_accept_rate": 0.0,
    "correct_accepted_samples": 179.0,
    "coverage": 0.7265625,
    "fpr95": 1.0,
    "goodput_per_bandwidth": 0.39584254754533527,
    "goodput_per_resource_cost": 0.3143563378364732,
    "harq_full_payload_sample_rate": 0.3151041666666667,
    "harq_hit_max_refinements_rate": 0.2760416666666667,
    "harq_refined_sample_rate": 0.5729166666666666,
    "open_semantic_outage": 0.0,
    "open_semantic_risk": 0.37583350196788956,
    "open_set_f1": 0.0,
    "prediction_set_size": 0.7421875,
    "resource_cost_per_correct_accepted": 3.1811033519553074,
    "risk_latency_product": 0.699598404183978,
    "risk_per_joule": 0.0005471045956297978,
    "semantic_goodput": 0.17063870352716873,
    "semantic_outage": 0.09895833333333333,
    "total_bandwidth": 452.19999999999845,
    "total_compute": 497.1,
    "total_energy": 686.9499999999998,
    "total_harq_full_payload_rounds": 229.0,
    "total_harq_refinement_rounds": 449.0,
    "total_harq_transmissions": 833.0,
    "total_latency": 714.8000000000002,
    "total_power": 496.25,
    "total_repetitions": 492.0,
    "total_resource_cost": 569.4175
  },
  "name": "task-open_rorqual_clip_full_sionna_progressive_17260470",
  "regime": "task-open",
  "samples": 384,
  "seed": 0,
  "users": 4
}
{
  "calibration_samples": 640,
  "dataset_manifest": "/lustre10/scratch/nickyun/scratch/ahmed/opensemcomm/manifests/opensemcom_rorqual_clip.csv",
  "decisions": {
    "accept": 179,
    "reject/open": 205
  },
  "evaluated_samples": 384,
  "manifest_summary": {
    "indexed_rows": 0,
    "regimes": {
      "channel-open": 384,
      "class-open": 3264,
      "closed-id": 1024,
      "full-open": 3982,
      "resource-open": 384,
      "source-open": 704,
      "task-open": 1138
    },
    "rows": 10880,
    "splits": {
      "calibration": 640,
      "eval": 10240
    }
  },
  "metrics": {
    "accepted_samples": 179.0,
    "accuracy": 0.9010416666666666,
    "adaptation_harm_rate": 0.43478260869565216,
    "auroc_ood": 0.5,
    "avg_bandwidth": 1.1776041666666626,
    "avg_compute": 1.2945312500000001,
    "avg_energy": 1.7889322916666661,
    "avg_harq_full_payload_rounds": 0.5963541666666666,
    "avg_harq_refinement_rounds": 1.1692708333333333,
    "avg_harq_transmissions": 2.1692708333333335,
    "avg_latency": 1.8614583333333339,
    "avg_power": 1.2923177083333333,
    "avg_repetitions": 1.28125,
    "avg_resource_cost": 1.4828580729166667,
    "bandwidth_per_accepted": 2.5262569832402146,
    "bandwidth_per_correct_accepted": 2.5262569832402146,
    "certified_accept_rate": 0.0,
    "correct_accepted_samples": 179.0,
    "coverage": 0.7265625,
    "fpr95": 1.0,
    "goodput_per_bandwidth": 0.39584254754533527,
    "goodput_per_resource_cost": 0.3143563378364732,
    "harq_full_payload_sample_rate": 0.3151041666666667,
    "harq_hit_max_refinements_rate": 0.2760416666666667,
    "harq_refined_sample_rate": 0.5729166666666666,
    "open_semantic_outage": 0.0,
    "open_semantic_risk": 0.37583350196788956,
    "open_set_f1": 0.0,
    "prediction_set_size": 0.7421875,
    "resource_cost_per_correct_accepted": 3.1811033519553074,
    "risk_latency_product": 0.699598404183978,
    "risk_per_joule": 0.0005471045956297978,
    "semantic_goodput": 0.17063870352716873,
    "semantic_outage": 0.09895833333333333,
    "total_bandwidth": 452.19999999999845,
    "total_compute": 497.1,
    "total_energy": 686.9499999999998,
    "total_harq_full_payload_rounds": 229.0,
    "total_harq_refinement_rounds": 449.0,
    "total_harq_transmissions": 833.0,
    "total_latency": 714.8000000000002,
    "total_power": 496.25,
    "total_repetitions": 492.0,
    "total_resource_cost": 569.4175
  },
  "name": "resource-open_rorqual_clip_full_sionna_progressive_17260470",
  "regime": "resource-open",
  "samples": 384,
  "seed": 0,
  "users": 4
}
{
  "calibration_samples": 640,
  "dataset_manifest": "/lustre10/scratch/nickyun/scratch/ahmed/opensemcomm/manifests/opensemcom_rorqual_clip.csv",
  "decisions": {
    "accept": 112,
    "reject/open": 272
  },
  "evaluated_samples": 384,
  "manifest_summary": {
    "indexed_rows": 0,
    "regimes": {
      "channel-open": 384,
      "class-open": 3264,
      "closed-id": 1024,
      "full-open": 3982,
      "resource-open": 384,
      "source-open": 704,
      "task-open": 1138
    },
    "rows": 10880,
    "splits": {
      "calibration": 640,
      "eval": 10240
    }
  },
  "metrics": {
    "accepted_samples": 112.0,
    "accuracy": 0.49479166666666663,
    "adaptation_harm_rate": 0.0,
    "auroc_ood": 0.6757543310545534,
    "avg_bandwidth": 1.148437499999996,
    "avg_compute": 1.248177083333333,
    "avg_energy": 4.213151041666653,
    "avg_harq_full_payload_rounds": 0.5390625,
    "avg_harq_refinement_rounds": 0.9973958333333334,
    "avg_harq_transmissions": 1.9973958333333333,
    "avg_latency": 4.350000000000015,
    "avg_power": 1.2493489583333333,
    "avg_repetitions": 3.2552083333333335,
    "avg_resource_cost": 2.441881510416667,
    "bandwidth_per_accepted": 3.9374999999999862,
    "bandwidth_per_correct_accepted": 4.366336633663352,
    "certified_accept_rate": 0.0,
    "correct_accepted_samples": 101.0,
    "coverage": 0.390625,
    "fpr95": 0.7793427230046949,
    "goodput_per_bandwidth": 0.2290249433106584,
    "goodput_per_resource_cost": 0.10771236532621647,
    "harq_full_payload_sample_rate": 0.2838541666666667,
    "harq_hit_max_refinements_rate": 0.23697916666666666,
    "harq_refined_sample_rate": 0.4583333333333333,
    "open_semantic_outage": 0.09821428571428571,
    "open_semantic_risk": 0.9110259913804083,
    "open_set_f1": 0.5895316804407714,
    "prediction_set_size": 0.5286458333333334,
    "resource_cost_per_correct_accepted": 9.283985148514853,
    "risk_latency_product": 3.9629630625047896,
    "risk_per_joule": 0.0005631090591713764,
    "semantic_goodput": 0.04389395914819644,
    "semantic_outage": 0.5052083333333334,
    "total_bandwidth": 440.99999999999847,
    "total_compute": 479.2999999999999,
    "total_energy": 1617.8499999999947,
    "total_harq_full_payload_rounds": 207.0,
    "total_harq_refinement_rounds": 383.0,
    "total_harq_transmissions": 767.0,
    "total_latency": 1670.4000000000055,
    "total_power": 479.75,
    "total_repetitions": 1250.0,
    "total_resource_cost": 937.6825000000002
  },
  "name": "full-open_rorqual_clip_full_sionna_progressive_17260470",
  "regime": "full-open",
  "samples": 384,
  "seed": 0,
  "users": 4
}
{
  "rows": 7,
  "csv": "/lustre10/scratch/nickyun/scratch/ahmed/opensemcomm/runs/rorqual_clip_full_sionna_progressive_results_17260470.csv",
  "json": "/lustre10/scratch/nickyun/scratch/ahmed/opensemcomm/runs/rorqual_clip_full_sionna_progressive_results_17260470.json"
}
